{
  "seed": 20260910,
  "python": "3.13.5",
  "numpy": "2.3.5",
  "plane_orders": [
    2,
    3,
    5,
    7,
    11
  ],
  "plain_gram_checks": 600,
  "max_sampled_plain_gram_ratio": 6.760000000000003,
  "energy_count_checks": 500,
  "adaptive_oracle_checks": 200,
  "grid_tree_checks": 24,
  "exhaustive_learner_checks": 100,
  "walsh4_exact_sign_rank": 3,
  "walsh4_embedding": [
    [
      1,
      0,
      0
    ],
    [
      1,
      1,
      0
    ],
    [
      1,
      0,
      1
    ],
    [
      1,
      -1,
      -1
    ]
  ],
  "walsh4_weights": [
    [
      1,
      0,
      0
    ],
    [
      1,
      -2,
      4
    ],
    [
      1,
      4,
      -2
    ],
    [
      1,
      -2,
      -2
    ]
  ],
  "all_assertions_passed": true,
  "limits": "Sampled spectral tests are not universal verification. Walsh rank-2 exclusion is exhaustive; its rank-3 certificate is integral. No SDP was run."
}

Projective-plane bounds:
{'q': 2, 'N': 7, 'k': 3, 'dc_lower': 2.1213203435596424, 'dc_upper': 7, 'signed_witness_norm': 3.299831645537222, 'joint_lambda': 1.2152777777777786, 'joint_R': 5.759999999999996, 'largest_sampled_plain_gram_ratio': 6.124999999999993}
{'q': 3, 'N': 13, 'k': 4, 'dc_lower': 2.3094010767585034, 'dc_upper': 9, 'signed_witness_norm': 5.6291651245988525, 'joint_lambda': 1.4594907407407434, 'joint_R': 8.907216494845345, 'largest_sampled_plain_gram_ratio': 6.760000000000003}
{'q': 5, 'N': 31, 'k': 6, 'dc_lower': 2.6832815729997477, 'dc_upper': 13, 'signed_witness_norm': 11.553017883748918, 'joint_lambda': 2.2767777777777836, 'joint_R': 13.615733736762447, 'largest_sampled_plain_gram_ratio': 2.65714285714286}
{'q': 7, 'N': 57, 'k': 8, 'dc_lower': 3.0237157840738176, 'dc_upper': 17, 'signed_witness_norm': 18.850978091335218, 'joint_lambda': 3.200277879008756, 'joint_R': 17.810953346855932, 'largest_sampled_plain_gram_ratio': 2.180525428808301}
{'q': 11, 'N': 133, 'k': 12, 'dc_lower': 3.6181361349331636, 'dc_upper': 25, 'signed_witness_norm': 36.75925809310571, 'joint_lambda': 5.12982354537103, 'joint_R': 25.926817720663017, 'largest_sampled_plain_gram_ratio': 1.5412078291460463}
