This is pdfTeX, Version 3.141592653-2.6-1.40.26 (TeX Live 2025/dev/Debian) (preloaded format=pdflatex)
 restricted \write18 enabled.
entering extended mode
(./manuscript.tex
LaTeX2e <2024-11-01> patch level 2
L3 programming layer <2025-01-18>
(/usr/share/texlive/texmf-dist/tex/latex/base/article.cls
Document Class: article 2024/06/29 v1.4n Standard LaTeX document class
(/usr/share/texlive/texmf-dist/tex/latex/base/size11.clo))
(/usr/share/texlive/texmf-dist/tex/latex/base/fontenc.sty)
(/usr/share/texlive/texmf-dist/tex/latex/base/inputenc.sty)
(/usr/share/texmf/tex/latex/lm/lmodern.sty)
(/usr/share/texlive/texmf-dist/tex/latex/microtype/microtype.sty
(/usr/share/texlive/texmf-dist/tex/latex/graphics/keyval.sty)
(/usr/share/texlive/texmf-dist/tex/latex/etoolbox/etoolbox.sty)
(/usr/share/texlive/texmf-dist/tex/latex/microtype/microtype-pdftex.def)
(/usr/share/texlive/texmf-dist/tex/latex/microtype/microtype.cfg))
(/usr/share/texlive/texmf-dist/tex/latex/amsmath/amsmath.sty
For additional information on amsmath, use the `?' option.
(/usr/share/texlive/texmf-dist/tex/latex/amsmath/amstext.sty
(/usr/share/texlive/texmf-dist/tex/latex/amsmath/amsgen.sty))
(/usr/share/texlive/texmf-dist/tex/latex/amsmath/amsbsy.sty)
(/usr/share/texlive/texmf-dist/tex/latex/amsmath/amsopn.sty))
(/usr/share/texlive/texmf-dist/tex/latex/amsfonts/amssymb.sty
(/usr/share/texlive/texmf-dist/tex/latex/amsfonts/amsfonts.sty))
(/usr/share/texlive/texmf-dist/tex/latex/amscls/amsthm.sty)
(/usr/share/texlive/texmf-dist/tex/latex/mathtools/mathtools.sty
(/usr/share/texlive/texmf-dist/tex/latex/tools/calc.sty)
(/usr/share/texlive/texmf-dist/tex/latex/mathtools/mhsetup.sty))
(/usr/share/texlive/texmf-dist/tex/latex/booktabs/booktabs.sty)
(/usr/share/texlive/texmf-dist/tex/latex/tools/array.sty)
(/usr/share/texlive/texmf-dist/tex/latex/pgf/frontendlayer/tikz.sty
(/usr/share/texlive/texmf-dist/tex/latex/pgf/basiclayer/pgf.sty
(/usr/share/texlive/texmf-dist/tex/latex/pgf/utilities/pgfrcs.sty
(/usr/share/texlive/texmf-dist/tex/generic/pgf/utilities/pgfutil-common.tex)
(/usr/share/texlive/texmf-dist/tex/generic/pgf/utilities/pgfutil-latex.def)
(/usr/share/texlive/texmf-dist/tex/generic/pgf/utilities/pgfrcs.code.tex
(/usr/share/texlive/texmf-dist/tex/generic/pgf/pgf.revision.tex)))
(/usr/share/texlive/texmf-dist/tex/latex/pgf/basiclayer/pgfcore.sty
(/usr/share/texlive/texmf-dist/tex/latex/graphics/graphicx.sty
(/usr/share/texlive/texmf-dist/tex/latex/graphics/graphics.sty
(/usr/share/texlive/texmf-dist/tex/latex/graphics/trig.sty)
(/usr/share/texlive/texmf-dist/tex/latex/graphics-cfg/graphics.cfg)
(/usr/share/texlive/texmf-dist/tex/latex/graphics-def/pdftex.def)))
(/usr/share/texlive/texmf-dist/tex/latex/pgf/systemlayer/pgfsys.sty
(/usr/share/texlive/texmf-dist/tex/generic/pgf/systemlayer/pgfsys.code.tex
(/usr/share/texlive/texmf-dist/tex/generic/pgf/utilities/pgfkeys.code.tex
(/usr/share/texlive/texmf-dist/tex/generic/pgf/utilities/pgfkeyslibraryfiltered
.code.tex)) (/usr/share/texlive/texmf-dist/tex/generic/pgf/systemlayer/pgf.cfg)
(/usr/share/texlive/texmf-dist/tex/generic/pgf/systemlayer/pgfsys-pdftex.def
(/usr/share/texlive/texmf-dist/tex/generic/pgf/systemlayer/pgfsys-common-pdf.de
f)))
(/usr/share/texlive/texmf-dist/tex/generic/pgf/systemlayer/pgfsyssoftpath.code.
tex)
(/usr/share/texlive/texmf-dist/tex/generic/pgf/systemlayer/pgfsysprotocol.code.
tex)) (/usr/share/texlive/texmf-dist/tex/latex/xcolor/xcolor.sty
(/usr/share/texlive/texmf-dist/tex/latex/graphics-cfg/color.cfg)
(/usr/share/texlive/texmf-dist/tex/latex/graphics/mathcolor.ltx))
(/usr/share/texlive/texmf-dist/tex/generic/pgf/basiclayer/pgfcore.code.tex
(/usr/share/texlive/texmf-dist/tex/generic/pgf/math/pgfmath.code.tex
(/usr/share/texlive/texmf-dist/tex/generic/pgf/math/pgfmathutil.code.tex)
(/usr/share/texlive/texmf-dist/tex/generic/pgf/math/pgfmathparser.code.tex)
(/usr/share/texlive/texmf-dist/tex/generic/pgf/math/pgfmathfunctions.code.tex)
(/usr/share/texlive/texmf-dist/tex/generic/pgf/math/pgfmathfunctions.basic.code
.tex)
(/usr/share/texlive/texmf-dist/tex/generic/pgf/math/pgfmathfunctions.trigonomet
ric.code.tex)
(/usr/share/texlive/texmf-dist/tex/generic/pgf/math/pgfmathfunctions.random.cod
e.tex)
(/usr/share/texlive/texmf-dist/tex/generic/pgf/math/pgfmathfunctions.comparison
.code.tex)
(/usr/share/texlive/texmf-dist/tex/generic/pgf/math/pgfmathfunctions.base.code.
tex)
(/usr/share/texlive/texmf-dist/tex/generic/pgf/math/pgfmathfunctions.round.code
.tex)
(/usr/share/texlive/texmf-dist/tex/generic/pgf/math/pgfmathfunctions.misc.code.
tex)
(/usr/share/texlive/texmf-dist/tex/generic/pgf/math/pgfmathfunctions.integerari
thmetics.code.tex)
(/usr/share/texlive/texmf-dist/tex/generic/pgf/math/pgfmathcalc.code.tex)
(/usr/share/texlive/texmf-dist/tex/generic/pgf/math/pgfmathfloat.code.tex))
(/usr/share/texlive/texmf-dist/tex/generic/pgf/math/pgfint.code.tex)
(/usr/share/texlive/texmf-dist/tex/generic/pgf/basiclayer/pgfcorepoints.code.te
x)
(/usr/share/texlive/texmf-dist/tex/generic/pgf/basiclayer/pgfcorepathconstruct.
code.tex)
(/usr/share/texlive/texmf-dist/tex/generic/pgf/basiclayer/pgfcorepathusage.code
.tex)
(/usr/share/texlive/texmf-dist/tex/generic/pgf/basiclayer/pgfcorescopes.code.te
x)
(/usr/share/texlive/texmf-dist/tex/generic/pgf/basiclayer/pgfcoregraphicstate.c
ode.tex)
(/usr/share/texlive/texmf-dist/tex/generic/pgf/basiclayer/pgfcoretransformation
s.code.tex)
(/usr/share/texlive/texmf-dist/tex/generic/pgf/basiclayer/pgfcorequick.code.tex
)
(/usr/share/texlive/texmf-dist/tex/generic/pgf/basiclayer/pgfcoreobjects.code.t
ex)
(/usr/share/texlive/texmf-dist/tex/generic/pgf/basiclayer/pgfcorepathprocessing
.code.tex)
(/usr/share/texlive/texmf-dist/tex/generic/pgf/basiclayer/pgfcorearrows.code.te
x)
(/usr/share/texlive/texmf-dist/tex/generic/pgf/basiclayer/pgfcoreshade.code.tex
)
(/usr/share/texlive/texmf-dist/tex/generic/pgf/basiclayer/pgfcoreimage.code.tex
)
(/usr/share/texlive/texmf-dist/tex/generic/pgf/basiclayer/pgfcoreexternal.code.
tex)
(/usr/share/texlive/texmf-dist/tex/generic/pgf/basiclayer/pgfcorelayers.code.te
x)
(/usr/share/texlive/texmf-dist/tex/generic/pgf/basiclayer/pgfcoretransparency.c
ode.tex)
(/usr/share/texlive/texmf-dist/tex/generic/pgf/basiclayer/pgfcorepatterns.code.
tex)
(/usr/share/texlive/texmf-dist/tex/generic/pgf/basiclayer/pgfcorerdf.code.tex))
)
(/usr/share/texlive/texmf-dist/tex/generic/pgf/modules/pgfmoduleshapes.code.tex
) (/usr/share/texlive/texmf-dist/tex/generic/pgf/modules/pgfmoduleplot.code.tex
)
(/usr/share/texlive/texmf-dist/tex/latex/pgf/compatibility/pgfcomp-version-0-65
.sty)
(/usr/share/texlive/texmf-dist/tex/latex/pgf/compatibility/pgfcomp-version-1-18
.sty)) (/usr/share/texlive/texmf-dist/tex/latex/pgf/utilities/pgffor.sty
(/usr/share/texlive/texmf-dist/tex/latex/pgf/utilities/pgfkeys.sty
(/usr/share/texlive/texmf-dist/tex/generic/pgf/utilities/pgfkeys.code.tex))
(/usr/share/texlive/texmf-dist/tex/latex/pgf/math/pgfmath.sty
(/usr/share/texlive/texmf-dist/tex/generic/pgf/math/pgfmath.code.tex))
(/usr/share/texlive/texmf-dist/tex/generic/pgf/utilities/pgffor.code.tex))
(/usr/share/texlive/texmf-dist/tex/generic/pgf/frontendlayer/tikz/tikz.code.tex

(/usr/share/texlive/texmf-dist/tex/generic/pgf/libraries/pgflibraryplothandlers
.code.tex)
(/usr/share/texlive/texmf-dist/tex/generic/pgf/modules/pgfmodulematrix.code.tex
)
(/usr/share/texlive/texmf-dist/tex/generic/pgf/frontendlayer/tikz/libraries/tik
zlibrarytopaths.code.tex)))
(/usr/share/texlive/texmf-dist/tex/latex/tools/longtable.sty)
(/usr/share/texlive/texmf-dist/tex/latex/enumitem/enumitem.sty)
(/usr/share/texlive/texmf-dist/tex/latex/geometry/geometry.sty
(/usr/share/texlive/texmf-dist/tex/generic/iftex/ifvtex.sty
(/usr/share/texlive/texmf-dist/tex/generic/iftex/iftex.sty)))
(/usr/share/texlive/texmf-dist/tex/latex/needspace/needspace.sty)
(/usr/share/texlive/texmf-dist/tex/latex/hyperref/hyperref.sty
(/usr/share/texlive/texmf-dist/tex/latex/kvsetkeys/kvsetkeys.sty)
(/usr/share/texlive/texmf-dist/tex/generic/kvdefinekeys/kvdefinekeys.sty)
(/usr/share/texlive/texmf-dist/tex/generic/pdfescape/pdfescape.sty
(/usr/share/texlive/texmf-dist/tex/generic/ltxcmds/ltxcmds.sty)
(/usr/share/texlive/texmf-dist/tex/generic/pdftexcmds/pdftexcmds.sty
(/usr/share/texlive/texmf-dist/tex/generic/infwarerr/infwarerr.sty)))
(/usr/share/texlive/texmf-dist/tex/latex/hycolor/hycolor.sty)
(/usr/share/texlive/texmf-dist/tex/latex/hyperref/nameref.sty
(/usr/share/texlive/texmf-dist/tex/latex/refcount/refcount.sty)
(/usr/share/texlive/texmf-dist/tex/generic/gettitlestring/gettitlestring.sty
(/usr/share/texlive/texmf-dist/tex/latex/kvoptions/kvoptions.sty)))
(/usr/share/texlive/texmf-dist/tex/generic/stringenc/stringenc.sty)
(/usr/share/texlive/texmf-dist/tex/latex/hyperref/pd1enc.def)
(/usr/share/texlive/texmf-dist/tex/generic/intcalc/intcalc.sty)
(/usr/share/texlive/texmf-dist/tex/latex/hyperref/puenc.def)
(/usr/share/texlive/texmf-dist/tex/latex/url/url.sty)
(/usr/share/texlive/texmf-dist/tex/generic/bitset/bitset.sty
(/usr/share/texlive/texmf-dist/tex/generic/bigintcalc/bigintcalc.sty))
(/usr/share/texlive/texmf-dist/tex/latex/base/atbegshi-ltx.sty))
(/usr/share/texlive/texmf-dist/tex/latex/hyperref/hpdftex.def
(/usr/share/texlive/texmf-dist/tex/latex/base/atveryend-ltx.sty)
(/usr/share/texlive/texmf-dist/tex/latex/rerunfilecheck/rerunfilecheck.sty
(/usr/share/texlive/texmf-dist/tex/generic/uniquecounter/uniquecounter.sty)))
(/usr/share/texlive/texmf-dist/tex/latex/natbib/natbib.sty)
(/usr/share/texmf/tex/latex/lm/t1lmr.fd)
(/usr/share/texlive/texmf-dist/tex/latex/l3backend/l3backend-pdftex.def)
No file manuscript.aux.
(/usr/share/texlive/texmf-dist/tex/latex/microtype/mt-cmr.cfg)
(/usr/share/texlive/texmf-dist/tex/context/base/mkii/supp-pdf.mkii
[Loading MPS to PDF converter (version 2006.09.02).]
) (/usr/share/texlive/texmf-dist/tex/latex/epstopdf-pkg/epstopdf-base.sty
(/usr/share/texlive/texmf-dist/tex/latex/grfext/grfext.sty)
(/usr/share/texlive/texmf-dist/tex/latex/latexconfig/epstopdf-sys.cfg))
*geometry* driver: auto-detecting
*geometry* detected driver: pdftex
(/usr/share/texmf/tex/latex/lm/ot1lmr.fd)
(/usr/share/texmf/tex/latex/lm/omllmm.fd)
(/usr/share/texmf/tex/latex/lm/omslmsy.fd)
(/usr/share/texmf/tex/latex/lm/omxlmex.fd)
(/usr/share/texlive/texmf-dist/tex/latex/amsfonts/umsa.fd)
(/usr/share/texlive/texmf-dist/tex/latex/microtype/mt-msa.cfg)
(/usr/share/texlive/texmf-dist/tex/latex/amsfonts/umsb.fd)
(/usr/share/texlive/texmf-dist/tex/latex/microtype/mt-msb.cfg)

Package natbib Warning: Citation `FKS26' on page 1 undefined on input line 43.


[1{/var/lib/texmf/fonts/map/pdftex/updmap/pdftex.map}{/usr/share/texmf/fonts/en
c/dvips/lm/lm-ec.enc}{/usr/share/texmf/fonts/enc/dvips/lm/lm-rm.enc}{/usr/share
/texmf/fonts/enc/dvips/lm/lm-mathit.enc}{/usr/share/texmf/fonts/enc/dvips/lm/lm
-mathsy.enc}] (/usr/share/texmf/tex/latex/lm/ts1lmr.fd)

Package natbib Warning: Citation `HHPTZ22' on page 2 undefined on input line 60
.


Package natbib Warning: Citation `Warren68' on page 2 undefined on input line 6
0.


Package natbib Warning: Citation `AMY16' on page 2 undefined on input line 60.


Package natbib Warning: Citation `APP05' on page 2 undefined on input line 60.


Package natbib Warning: Citation `HHPTZ22' on page 2 undefined on input line 60
.


LaTeX Warning: Reference `sec:rsd' on page 2 undefined on input line 60.


LaTeX Warning: Reference `sec:related' on page 2 undefined on input line 60.


[2{/usr/share/texmf/fonts/enc/dvips/lm/lm-ts1.enc}]

LaTeX Warning: Reference `app:referee' on page 3 undefined on input line 86.


LaTeX Warning: Reference `eq:guarantee' on page 3 undefined on input line 106.


[3{/usr/share/texmf/fonts/enc/dvips/lm/lm-mathex.enc}]

Package natbib Warning: Citation `HHPTZ22' on page 4 undefined on input line 13
5.


LaTeX Warning: Reference `eq:params1' on page 4 undefined on input line 161.


LaTeX Warning: Reference `eq:params2' on page 4 undefined on input line 161.


LaTeX Warning: Reference `lem:mixture' on page 4 undefined on input line 161.


[4]

LaTeX Warning: Reference `sec:caps' on page 5 undefined on input line 163.


LaTeX Warning: Reference `thm:main' on page 5 undefined on input line 165.


LaTeX Warning: Reference `eq:coverage' on page 5 undefined on input line 198.


[5]

LaTeX Warning: Reference `eq:elim-budget' on page 6 undefined on input line 206
.


LaTeX Warning: Reference `eq:drift' on page 6 undefined on input line 216.


LaTeX Warning: Reference `eq:total-budget' on page 6 undefined on input line 22
0.


LaTeX Warning: Reference `thm:main' on page 6 undefined on input line 229.


[6]

LaTeX Warning: Reference `thm:main' on page 7 undefined on input line 307.


LaTeX Warning: Reference `app:oldgeometry' on page 7 undefined on input line 30
7.


[7]

LaTeX Warning: Reference `eq:I' on page 8 undefined on input line 318.


Package natbib Warning: Citation `APP05' on page 8 undefined on input line 320.



Package natbib Warning: Citation `HHPTZ22' on page 8 undefined on input line 32
0.


Package natbib Warning: Citation `Warren68' on page 8 undefined on input line 3
31.


Package natbib Warning: Citation `AMY16' on page 8 undefined on input line 331.



LaTeX Warning: Reference `thm:main' on page 8 undefined on input line 336.


LaTeX Warning: Reference `eq:structural' on page 8 undefined on input line 339.



[8]

LaTeX Warning: Reference `eq:warren' on page 9 undefined on input line 384.


LaTeX Warning: Reference `eq:approx-prob' on page 9 undefined on input line 388
.


LaTeX Warning: Reference `eq:exact-prob' on page 9 undefined on input line 390.



LaTeX Warning: Reference `eq:exact-prob' on page 9 undefined on input line 390.



LaTeX Warning: Reference `thm:construction' on page 9 undefined on input line 3
90.


LaTeX Warning: Reference `eq:approx-prob' on page 9 undefined on input line 390
.


[9]

LaTeX Warning: Reference `thm:prob' on page 10 undefined on input line 393.


LaTeX Warning: Reference `thm:main' on page 10 undefined on input line 396.


[10]

LaTeX Warning: Reference `lem:mixture' on page 11 undefined on input line 427.


Package natbib Warning: Citation `Feldman17' on page 11 undefined on input line
 443.


LaTeX Warning: Reference `eq:feldman' on page 11 undefined on input line 452.


Package natbib Warning: Citation `Feldman17' on page 11 undefined on input line
 460.


LaTeX Warning: Reference `thm:main' on page 11 undefined on input line 460.


LaTeX Warning: Reference `lem:mixture' on page 11 undefined on input line 466.


[11]

LaTeX Warning: Reference `thm:main' on page 12 undefined on input line 476.


LaTeX Warning: Reference `thm:forster' on page 12 undefined on input line 493.


LaTeX Warning: Reference `app:convex' on page 12 undefined on input line 493.


[12]

LaTeX Warning: Reference `app:convex' on page 13 undefined on input line 518.


LaTeX Warning: Reference `thm:main' on page 13 undefined on input line 532.


LaTeX Warning: Reference `thm:main' on page 13 undefined on input line 534.


[13]

LaTeX Warning: Reference `thm:main' on page 14 undefined on input line 577.


[14]

LaTeX Warning: Reference `eq:propercomplexity' on page 15 undefined on input li
ne 616.


[15]

Package natbib Warning: Citation `HILL99' on page 16 undefined on input line 62
9.


Package natbib Warning: Citation `GGM86' on page 16 undefined on input line 629
.


LaTeX Warning: Reference `eq:warren' on page 16 undefined on input line 652.


Package natbib Warning: Citation `Renegar92' on page 16 undefined on input line
 662.


Package natbib Warning: Citation `Vorobjov21' on page 16 undefined on input lin
e 662.


[16]

LaTeX Warning: Reference `sec:fast' on page 17 undefined on input line 675.


LaTeX Warning: Reference `lem:subgrid' on page 17 undefined on input line 685.


Package natbib Warning: Citation `HHPTZ22' on page 17 undefined on input line 6
94.


LaTeX Warning: Reference `sec:secret' on page 17 undefined on input line 697.


LaTeX Warning: Reference `lem:subgrid' on page 17 undefined on input line 697.


[17]

LaTeX Warning: Reference `eq:balancedmedian' on page 18 undefined on input line
 727.


[18]

LaTeX Warning: Reference `lem:median' on page 19 undefined on input line 755.


LaTeX Warning: Reference `eq:balancedmedian' on page 19 undefined on input line
 757.


LaTeX Warning: Reference `eq:balancedmedian' on page 19 undefined on input line
 764.


LaTeX Warning: Reference `eq:balancedmedian' on page 19 undefined on input line
 766.


[19]

LaTeX Warning: Reference `lem:median' on page 20 undefined on input line 803.


LaTeX Warning: Reference `thm:prf' on page 20 undefined on input line 808.


[20]

LaTeX Warning: Reference `thm:prf' on page 21 undefined on input line 824.


LaTeX Warning: Reference `thm:prf' on page 21 undefined on input line 833.


LaTeX Warning: Reference `lem:regularstars' on page 21 undefined on input line 
833.


LaTeX Warning: Reference `thm:fast' on page 21 undefined on input line 833.


[21]

Package natbib Warning: Citation `HHPTZ22' on page 22 undefined on input line 8
65.


LaTeX Warning: Reference `thm:main' on page 22 undefined on input line 865.


LaTeX Warning: Reference `thm:halfspaces' on page 22 undefined on input line 86
8.


[22]

LaTeX Warning: Reference `eq:energy' on page 23 undefined on input line 900.


LaTeX Warning: Reference `eq:count' on page 23 undefined on input line 900.


LaTeX Warning: Reference `eq:guarantee' on page 23 undefined on input line 911.



LaTeX Warning: Reference `thm:energy' on page 23 undefined on input line 936.


LaTeX Warning: Reference `thm:energy' on page 23 undefined on input line 941.


LaTeX Warning: Reference `eq:joint' on page 23 undefined on input line 948.


[23]

LaTeX Warning: Reference `eq:joint' on page 24 undefined on input line 950.


LaTeX Warning: Reference `eq:Rbound' on page 24 undefined on input line 950.


LaTeX Warning: Reference `eq:joint' on page 24 undefined on input line 958.


Package natbib Warning: Citation `Forster02' on page 24 undefined on input line
 965.


[24]

LaTeX Warning: Reference `eq:isotropy' on page 25 undefined on input line 1009.



LaTeX Warning: Reference `eq:forster' on page 25 undefined on input line 1022.


LaTeX Warning: Reference `eq:weighted' on page 25 undefined on input line 1027.



LaTeX Warning: Reference `thm:barrier' on page 25 undefined on input line 1030.



LaTeX Warning: Reference `thm:forster' on page 25 undefined on input line 1030.



LaTeX Warning: Reference `eq:guarantee' on page 25 undefined on input line 1048
.


[25]

LaTeX Warning: Reference `thm:forster' on page 26 undefined on input line 1066.



LaTeX Warning: Reference `eq:planedc' on page 26 undefined on input line 1066.


LaTeX Warning: Reference `eq:planeplain' on page 26 undefined on input line 107
5.


[26]

LaTeX Warning: Reference `eq:planeplain' on page 27 undefined on input line 108
5.


LaTeX Warning: Reference `thm:barrier' on page 27 undefined on input line 1107.



[27]

LaTeX Warning: Reference `eq:guarantee' on page 28 undefined on input line 1120
.


LaTeX Warning: Reference `eq:guarantee' on page 28 undefined on input line 1131
.


[28]

LaTeX Warning: Reference `eq:minimaxpremise' on page 29 undefined on input line
 1156.


LaTeX Warning: Reference `eq:tree' on page 29 undefined on input line 1156.


LaTeX Warning: Reference `eq:approx' on page 29 undefined on input line 1163.


LaTeX Warning: Reference `thm:barrier' on page 29 undefined on input line 1175.



LaTeX Warning: Reference `thm:barrier' on page 29 undefined on input line 1202.



[29]

LaTeX Warning: Reference `thm:barrier' on page 30 undefined on input line 1237.



LaTeX Warning: Reference `thm:plane' on page 30 undefined on input line 1237.


LaTeX Warning: Reference `thm:main' on page 30 undefined on input line 1237.


LaTeX Warning: Reference `thm:main' on page 30 undefined on input line 1237.


[30]

LaTeX Warning: Reference `app:concentration' on page 31 undefined on input line
 1257.


[31]

LaTeX Warning: Reference `thm:barrier' on page 32 undefined on input line 1291.



LaTeX Warning: Reference `thm:barrier' on page 32 undefined on input line 1305.



LaTeX Warning: Reference `thm:main' on page 32 undefined on input line 1308.


LaTeX Warning: Reference `thm:halfspaces' on page 32 undefined on input line 13
25.


LaTeX Warning: Reference `thm:barrier' on page 32 undefined on input line 1325.



LaTeX Warning: Reference `thm:main' on page 32 undefined on input line 1325.

(/usr/share/texlive/texmf-dist/tex/latex/amsfonts/ueuf.fd)
(/usr/share/texlive/texmf-dist/tex/latex/microtype/mt-euf.cfg)

LaTeX Warning: Reference `thm:tree' on page 32 undefined on input line 1334.


[32]

LaTeX Warning: Reference `thm:tree' on page 33 undefined on input line 1342.


LaTeX Warning: Reference `thm:caps' on page 33 undefined on input line 1342.


Package natbib Warning: Citation `Feldman17' on page 33 undefined on input line
 1353.


LaTeX Warning: Reference `sec:rsd' on page 33 undefined on input line 1353.


Package natbib Warning: Citation `FKS26' on page 33 undefined on input line 135
3.


LaTeX Warning: Reference `thm:prob' on page 33 undefined on input line 1353.


Package natbib Warning: Citation `Forster02' on page 33 undefined on input line
 1356.


Package natbib Warning: Citation `HHPTZ22' on page 33 undefined on input line 1
356.


Package natbib Warning: Citation `AMY16' on page 33 undefined on input line 135
6.


Package natbib Warning: Citation `Warren68' on page 33 undefined on input line 
1356.


Package natbib Warning: Citation `APP05' on page 33 undefined on input line 135
6.


Package natbib Warning: Citation `HHPTZ22' on page 33 undefined on input line 1
356.


Package natbib Warning: Citation `DKT22' on page 33 undefined on input line 135
6.


LaTeX Warning: Reference `app:convex' on page 33 undefined on input line 1356.


Package natbib Warning: Citation `Feldman17' on page 33 undefined on input line
 1359.


LaTeX Warning: Reference `prop:affine' on page 33 undefined on input line 1359.



[33]

Package natbib Warning: Citation `BHKR26' on page 34 undefined on input line 13
62.


LaTeX Warning: Reference `cor:approxrect' on page 34 undefined on input line 13
62.


Package natbib Warning: Citation `BHHLT26' on page 34 undefined on input line 1
365.


Package natbib Warning: Citation `HHM23' on page 34 undefined on input line 136
5.


Package natbib Warning: Citation `FHV26' on page 34 undefined on input line 136
5.


Package natbib Warning: Citation `GHIS25' on page 34 undefined on input line 13
65.


Package natbib Warning: Citation `VALG26' on page 34 undefined on input line 13
68.


LaTeX Warning: Reference `thm:communication' on page 34 undefined on input line
 1371.


Package natbib Warning: Citation `HHPTZ22' on page 34 undefined on input line 1
371.


Package natbib Warning: Citation `AKMSS21' on page 34 undefined on input line 1
371.


LaTeX Warning: Reference `sec:secret' on page 34 undefined on input line 1371.


[34]

Package natbib Warning: Citation `BHKR26' on page 35 undefined on input line 13
75.


LaTeX Warning: Reference `thm:main' on page 35 undefined on input line 1389.


Package natbib Warning: Citation `Feldman17' on page 35 undefined on input line
 1398.


LaTeX Warning: Reference `prop:affine' on page 35 undefined on input line 1398.



LaTeX Warning: Reference `sec:secret' on page 35 undefined on input line 1401.


Package natbib Warning: Citation `HHPTZ22' on page 35 undefined on input line 1
404.


LaTeX Warning: Reference `thm:adapt' on page 35 undefined on input line 1410.


[35]

Package natbib Warning: Citation `AKMSS21' on page 36 undefined on input line 1
417.


LaTeX Warning: Reference `thm:construction' on page 36 undefined on input line 
1441.


[36]

LaTeX Warning: Reference `thm:construction' on page 37 undefined on input line 
1457.


Package natbib Warning: Citation `MC12' on page 37 undefined on input line 1466
.


LaTeX Warning: Reference `thm:main' on page 37 undefined on input line 1468.


[37]

LaTeX Warning: Reference `lem:mixture' on page 38 undefined on input line 1489.



Package natbib Warning: Citation `HHPTZ22' on page 38 undefined on input line 1
509.


LaTeX Warning: Reference `thm:construction' on page 38 undefined on input line 
1509.


Package natbib Warning: Citation `HHPTZ22' on page 38 undefined on input line 1
509.


Package natbib Warning: Citation `FHV26' on page 38 undefined on input line 151
1.


Package natbib Warning: Citation `GHIS25' on page 38 undefined on input line 15
11.


[38]

LaTeX Warning: Reference `thm:prf' on page 39 undefined on input line 1537.


[39]

LaTeX Warning: Reference `thm:classicalbarrier' on page 40 undefined on input l
ine 1550.


[40]

Package natbib Warning: Citation `HHPTZ22' on page 41 undefined on input line 1
564.


[41]

LaTeX Warning: Reference `thm:main' on page 42 undefined on input line 1582.


[42]

LaTeX Warning: Reference `thm:prob' on page 43 undefined on input line 1617.


LaTeX Warning: Reference `thm:caps' on page 43 undefined on input line 1626.


Package natbib Warning: Citation `DKT22' on page 43 undefined on input line 162
6.


[43]

LaTeX Warning: Reference `eq:barthe' on page 44 undefined on input line 1679.


LaTeX Warning: Reference `eq:barthe' on page 44 undefined on input line 1691.


[44]
[45] (/usr/share/texmf/tex/latex/lm/t1lmtt.fd)

LaTeX Warning: Reference `thm:prf' on page 46 undefined on input line 1732.


LaTeX Warning: Reference `thm:fast' on page 46 undefined on input line 1740.


[46]

LaTeX Warning: Reference `lem:subgrid' on page 47 undefined on input line 1784.



[47]
[48]

LaTeX Warning: Reference `sec:caps' on page 49 undefined on input line 1852.


LaTeX Warning: Reference `thm:forster' on page 49 undefined on input line 1856.



LaTeX Warning: Reference `eq:structural' on page 49 undefined on input line 186
0.


LaTeX Warning: Reference `thm:main' on page 49 undefined on input line 1868.


LaTeX Warning: Reference `thm:prob' on page 49 undefined on input line 1868.


[49]

LaTeX Warning: Reference `thm:plane' on page 50 undefined on input line 1880.


[50]

Package natbib Warning: There were undefined citations.


[51] (../flatcheck/manuscript.aux

Package natbib Warning: Citation(s) may have changed.
(natbib)                Rerun to get citations correct.

)

LaTeX Warning: There were undefined references.


LaTeX Warning: Label(s) may have changed. Rerun to get cross-references right.


Package rerunfilecheck Warning: File `manuscript.out' has changed.
(rerunfilecheck)                Rerun to get outlines right
(rerunfilecheck)                or use package `bookmark'.

 )</usr/share/texlive/texmf-dist/fonts/type1/public/amsfonts/euler/eufm10.pfb><
/usr/share/texmf/fonts/type1/public/lm/lmbx10.pfb></usr/share/texmf/fonts/type1
/public/lm/lmbx12.pfb></usr/share/texmf/fonts/type1/public/lm/lmbx9.pfb></usr/s
hare/texmf/fonts/type1/public/lm/lmex10.pfb></usr/share/texmf/fonts/type1/publi
c/lm/lmmi10.pfb></usr/share/texmf/fonts/type1/public/lm/lmmi6.pfb></usr/share/t
exmf/fonts/type1/public/lm/lmmi7.pfb></usr/share/texmf/fonts/type1/public/lm/lm
mi8.pfb></usr/share/texmf/fonts/type1/public/lm/lmr10.pfb></usr/share/texmf/fon
ts/type1/public/lm/lmr12.pfb></usr/share/texmf/fonts/type1/public/lm/lmr17.pfb>
</usr/share/texmf/fonts/type1/public/lm/lmr6.pfb></usr/share/texmf/fonts/type1/
public/lm/lmr7.pfb></usr/share/texmf/fonts/type1/public/lm/lmr8.pfb></usr/share
/texmf/fonts/type1/public/lm/lmr9.pfb></usr/share/texmf/fonts/type1/public/lm/l
mri10.pfb></usr/share/texmf/fonts/type1/public/lm/lmri8.pfb></usr/share/texmf/f
onts/type1/public/lm/lmsy10.pfb></usr/share/texmf/fonts/type1/public/lm/lmsy6.p
fb></usr/share/texmf/fonts/type1/public/lm/lmsy7.pfb></usr/share/texmf/fonts/ty
pe1/public/lm/lmsy8.pfb></usr/share/texmf/fonts/type1/public/lm/lmtt10.pfb></us
r/share/texlive/texmf-dist/fonts/type1/public/amsfonts/symbols/msbm10.pfb>
Output written on ../flatcheck/manuscript.pdf (51 pages, 701064 bytes).
Transcript written on ../flatcheck/manuscript.log.
