{"N": 2, "points": 16, "proper": false, "oracle": "exact", "runs": 17, "max_error": 0.001912169038, "max_rounds": 74, "max_queries": 155, "peel_fraction": 0.13910761154855644, "elimination_fraction": 0.12598425196850394, "rejection_fraction": 0.7349081364829396, "cap_certificates": 23, "max_isotropy_residual": 1.5701280497992798e-08}
{"N": 2, "points": 16, "proper": false, "oracle": "endpoint", "runs": 17, "max_error": 0.006250000021527293, "max_rounds": 74, "max_queries": 155, "peel_fraction": 0.16666666666666666, "elimination_fraction": 0.13666666666666666, "rejection_fraction": 0.6966666666666667, "cap_certificates": 23, "max_isotropy_residual": 1.5701280497992798e-08}
{"N": 2, "points": 16, "proper": true, "oracle": "exact", "runs": 17, "max_error": 0.001912169038, "max_rounds": 71, "max_queries": 148, "peel_fraction": 0.1329639889196676, "elimination_fraction": 0.12742382271468145, "rejection_fraction": 0.739612188365651, "cap_certificates": 23, "max_isotropy_residual": 1.5701280497992798e-08}
{"N": 2, "points": 16, "proper": true, "oracle": "endpoint", "runs": 17, "max_error": 0.006250000021527293, "max_rounds": 71, "max_queries": 148, "peel_fraction": 0.16071428571428573, "elimination_fraction": 0.1392857142857143, "rejection_fraction": 0.7, "cap_certificates": 23, "max_isotropy_residual": 1.5701280497992798e-08}
N=2 completed; elapsed 0.2s, transform/catalog time 0.1s
{"N": 3, "points": 54, "proper": false, "oracle": "exact", "runs": 17, "max_error": 0.001652116831, "max_rounds": 275, "max_queries": 558, "peel_fraction": 0.03286118980169972, "elimination_fraction": 0.04645892351274788, "rejection_fraction": 0.9206798866855525, "cap_certificates": 109, "max_isotropy_residual": 1.3079898023016234e-06}
{"N": 3, "points": 54, "proper": false, "oracle": "endpoint", "runs": 17, "max_error": 0.006250000021527293, "max_rounds": 242, "max_queries": 494, "peel_fraction": 0.04541701073492981, "elimination_fraction": 0.05615194054500413, "rejection_fraction": 0.8984310487200661, "cap_certificates": 109, "max_isotropy_residual": 1.3079898023016234e-06}
{"N": 3, "points": 54, "proper": true, "oracle": "exact", "runs": 17, "max_error": 0.0, "max_rounds": 275, "max_queries": 558, "peel_fraction": 0.03192106790481718, "elimination_fraction": 0.04526987811955891, "rejection_fraction": 0.922809053975624, "cap_certificates": 109, "max_isotropy_residual": 1.3079898023016234e-06}
{"N": 3, "points": 54, "proper": true, "oracle": "endpoint", "runs": 17, "max_error": 0.006250000021527293, "max_rounds": 218, "max_queries": 445, "peel_fraction": 0.04448246364414029, "elimination_fraction": 0.05474764756201882, "rejection_fraction": 0.9007698887938409, "cap_certificates": 109, "max_isotropy_residual": 1.3079898023016234e-06}
N=3 completed; elapsed 1.6s, transform/catalog time 0.5s
{"N": 4, "points": 128, "proper": false, "oracle": "exact", "runs": 17, "max_error": 0.006170842332, "max_rounds": 565, "max_queries": 1138, "peel_fraction": 0.01966626936829559, "elimination_fraction": 0.029797377830750895, "rejection_fraction": 0.9505363528009535, "cap_certificates": 138, "max_isotropy_residual": 3.397837503582579e-07}
{"N": 4, "points": 128, "proper": false, "oracle": "endpoint", "runs": 17, "max_error": 0.006250000021527293, "max_rounds": 363, "max_queries": 736, "peel_fraction": 0.028978840846366146, "elimination_fraction": 0.04001839926402944, "rejection_fraction": 0.9310027598896045, "cap_certificates": 138, "max_isotropy_residual": 3.397837503582579e-07}
{"N": 4, "points": 128, "proper": true, "oracle": "exact", "runs": 17, "max_error": 0.017979463986, "max_rounds": 565, "max_queries": 1139, "peel_fraction": 0.01938806422296274, "elimination_fraction": 0.029687973341411694, "rejection_fraction": 0.9509239624356256, "cap_certificates": 138, "max_isotropy_residual": 3.397837503582579e-07}
{"N": 4, "points": 128, "proper": true, "oracle": "endpoint", "runs": 17, "max_error": 0.017979463986, "max_rounds": 363, "max_queries": 736, "peel_fraction": 0.02878716375648891, "elimination_fraction": 0.04011326097215668, "rejection_fraction": 0.9310995752713545, "cap_certificates": 138, "max_isotropy_residual": 3.397837503582579e-07}
N=4 completed; elapsed 4.5s, transform/catalog time 1.1s
{"N": 5, "points": 250, "proper": false, "oracle": "exact", "runs": 17, "max_error": 0.0, "max_rounds": 3845, "max_queries": 7701, "peel_fraction": 0.006060606060606061, "elimination_fraction": 0.011931818181818182, "rejection_fraction": 0.9820075757575758, "cap_certificates": 187, "max_isotropy_residual": 1.9002009757351779e-06}
{"N": 5, "points": 250, "proper": false, "oracle": "endpoint", "runs": 17, "max_error": 0.006250000021527293, "max_rounds": 581, "max_queries": 1175, "peel_fraction": 0.013397759718866682, "elimination_fraction": 0.02394025916977817, "rejection_fraction": 0.9626619811113551, "cap_certificates": 187, "max_isotropy_residual": 1.9002009757351779e-06}
{"N": 5, "points": 250, "proper": true, "oracle": "exact", "runs": 17, "max_error": 0.0, "max_rounds": 3845, "max_queries": 7702, "peel_fraction": 0.005892975952856192, "elimination_fraction": 0.011880999904952, "rejection_fraction": 0.9822260241421918, "cap_certificates": 187, "max_isotropy_residual": 1.9002009757351779e-06}
{"N": 5, "points": 250, "proper": true, "oracle": "endpoint", "runs": 17, "max_error": 0.006250000021527293, "max_rounds": 581, "max_queries": 1175, "peel_fraction": 0.013070447496677004, "elimination_fraction": 0.023925564909171467, "rejection_fraction": 0.9630039875941515, "cap_certificates": 187, "max_isotropy_residual": 1.9002009757351779e-06}
N=5 completed; elapsed 13.2s, transform/catalog time 3.3s
{"N": 6, "points": 432, "proper": false, "oracle": "exact", "runs": 17, "max_error": 0.0, "max_rounds": 2038, "max_queries": 4086, "peel_fraction": 0.0064039408866995075, "elimination_fraction": 0.013497536945812807, "rejection_fraction": 0.9800985221674877, "cap_certificates": 208, "max_isotropy_residual": 0.10218583345967283}
{"N": 6, "points": 432, "proper": false, "oracle": "endpoint", "runs": 17, "max_error": 0.006250000021527293, "max_rounds": 1237, "max_queries": 2486, "peel_fraction": 0.01022090339597758, "elimination_fraction": 0.019617540389053743, "rejection_fraction": 0.9701615562149687, "cap_certificates": 208, "max_isotropy_residual": 0.10218583345967283}
{"N": 6, "points": 432, "proper": true, "oracle": "exact", "runs": 17, "max_error": 0.0, "max_rounds": 2038, "max_queries": 4087, "peel_fraction": 0.006315373988553385, "elimination_fraction": 0.01351884744424709, "rejection_fraction": 0.9801657785671996, "cap_certificates": 208, "max_isotropy_residual": 0.10218583345967283}
{"N": 6, "points": 432, "proper": true, "oracle": "endpoint", "runs": 17, "max_error": 0.006250000021527293, "max_rounds": 1237, "max_queries": 2486, "peel_fraction": 0.010082644628099173, "elimination_fraction": 0.019669421487603304, "rejection_fraction": 0.9702479338842975, "cap_certificates": 208, "max_isotropy_residual": 0.10218583345967283}
N=6 completed; elapsed 32.0s, transform/catalog time 9.7s
{"N": 7, "points": 686, "proper": false, "oracle": "exact", "runs": 17, "max_error": 0.0, "max_rounds": 7227, "max_queries": 14464, "peel_fraction": 0.0040500297796307325, "elimination_fraction": 0.008933889219773675, "rejection_fraction": 0.9870160810005956, "cap_certificates": 229, "max_isotropy_residual": 0.13304927913323802}
{"N": 7, "points": 686, "proper": false, "oracle": "endpoint", "runs": 17, "max_error": 0.006250000021527293, "max_rounds": 942, "max_queries": 1900, "peel_fraction": 0.010199278204927036, "elimination_fraction": 0.020398556409854073, "rejection_fraction": 0.9694021653852188, "cap_certificates": 229, "max_isotropy_residual": 0.13304927913323802}
{"N": 7, "points": 686, "proper": true, "oracle": "exact", "runs": 17, "max_error": 0.0, "max_rounds": 7227, "max_queries": 14465, "peel_fraction": 0.003944065973467192, "elimination_fraction": 0.008963786303334529, "rejection_fraction": 0.9870921477231983, "cap_certificates": 229, "max_isotropy_residual": 0.13304927913323802}
{"N": 7, "points": 686, "proper": true, "oracle": "endpoint", "runs": 17, "max_error": 0.006250000021527293, "max_rounds": 942, "max_queries": 1900, "peel_fraction": 0.009973088491372488, "elimination_fraction": 0.020579388950451163, "rejection_fraction": 0.9694475225581763, "cap_certificates": 229, "max_isotropy_residual": 0.13304927913323802}
N=7 completed; elapsed 79.3s, transform/catalog time 25.4s
