{"N": 2, "points": 16, "proper": false, "oracle": "exact", "runs": 16, "max_error": 0.00296551948, "max_rounds": 83, "max_queries": 173, "peel_fraction": 0.13157894736842105, "elimination_fraction": 0.12894736842105264, "rejection_fraction": 0.7394736842105263, "cap_certificates": 41, "max_isotropy_residual": 1.5701280497992798e-08}
{"N": 2, "points": 16, "proper": false, "oracle": "endpoint", "runs": 16, "max_error": 0.006250000021527293, "max_rounds": 83, "max_queries": 173, "peel_fraction": 0.14779874213836477, "elimination_fraction": 0.1289308176100629, "rejection_fraction": 0.7232704402515723, "cap_certificates": 41, "max_isotropy_residual": 1.5701280497992798e-08}
{"N": 2, "points": 16, "proper": true, "oracle": "exact", "runs": 16, "max_error": 0.001912169038, "max_rounds": 71, "max_queries": 148, "peel_fraction": 0.13538461538461538, "elimination_fraction": 0.14153846153846153, "rejection_fraction": 0.7230769230769231, "cap_certificates": 41, "max_isotropy_residual": 1.5701280497992798e-08}
{"N": 2, "points": 16, "proper": true, "oracle": "endpoint", "runs": 16, "max_error": 0.006250000021527293, "max_rounds": 71, "max_queries": 148, "peel_fraction": 0.155893536121673, "elimination_fraction": 0.1444866920152091, "rejection_fraction": 0.6996197718631179, "cap_certificates": 41, "max_isotropy_residual": 1.5701280497992798e-08}
N=2 completed; elapsed 0.3s, transform/catalog time 0.1s
{"N": 3, "points": 54, "proper": false, "oracle": "exact", "runs": 16, "max_error": 0.001652116831, "max_rounds": 275, "max_queries": 558, "peel_fraction": 0.03102189781021898, "elimination_fraction": 0.04927007299270073, "rejection_fraction": 0.9197080291970803, "cap_certificates": 99, "max_isotropy_residual": 1.3079898023016234e-06}
{"N": 3, "points": 54, "proper": false, "oracle": "endpoint", "runs": 16, "max_error": 0.006250000021527293, "max_rounds": 205, "max_queries": 419, "peel_fraction": 0.04456824512534819, "elimination_fraction": 0.06220984215413185, "rejection_fraction": 0.89322191272052, "cap_certificates": 99, "max_isotropy_residual": 1.3079898023016234e-06}
{"N": 3, "points": 54, "proper": true, "oracle": "exact", "runs": 16, "max_error": 0.009934887239, "max_rounds": 275, "max_queries": 558, "peel_fraction": 0.028481012658227847, "elimination_fraction": 0.04683544303797468, "rejection_fraction": 0.9246835443037975, "cap_certificates": 99, "max_isotropy_residual": 1.3079898023016234e-06}
{"N": 3, "points": 54, "proper": true, "oracle": "endpoint", "runs": 16, "max_error": 0.009934887239, "max_rounds": 205, "max_queries": 419, "peel_fraction": 0.04146100691016782, "elimination_fraction": 0.059230009871668314, "rejection_fraction": 0.8993089832181639, "cap_certificates": 99, "max_isotropy_residual": 1.3079898023016234e-06}
N=3 completed; elapsed 1.4s, transform/catalog time 0.5s
{"N": 4, "points": 128, "proper": false, "oracle": "exact", "runs": 16, "max_error": 0.0, "max_rounds": 565, "max_queries": 1138, "peel_fraction": 0.014066496163682864, "elimination_fraction": 0.024552429667519183, "rejection_fraction": 0.9613810741687979, "cap_certificates": 151, "max_isotropy_residual": 4.9220562346741215e-06}
{"N": 4, "points": 128, "proper": false, "oracle": "endpoint", "runs": 16, "max_error": 0.006250000021527293, "max_rounds": 472, "max_queries": 955, "peel_fraction": 0.021639617145235122, "elimination_fraction": 0.033707865168539325, "rejection_fraction": 0.9446525176862256, "cap_certificates": 151, "max_isotropy_residual": 4.9220562346741215e-06}
{"N": 4, "points": 128, "proper": true, "oracle": "exact", "runs": 16, "max_error": 0.0, "max_rounds": 565, "max_queries": 1139, "peel_fraction": 0.013817809621289662, "elimination_fraction": 0.02456499488229273, "rejection_fraction": 0.9616171954964176, "cap_certificates": 151, "max_isotropy_residual": 4.9220562346741215e-06}
{"N": 4, "points": 128, "proper": true, "oracle": "endpoint", "runs": 16, "max_error": 0.006250000021527293, "max_rounds": 472, "max_queries": 955, "peel_fraction": 0.0212411495210329, "elimination_fraction": 0.03373594335693461, "rejection_fraction": 0.9450229071220325, "cap_certificates": 151, "max_isotropy_residual": 4.9220562346741215e-06}
N=4 completed; elapsed 4.7s, transform/catalog time 1.5s
{"N": 5, "points": 250, "proper": false, "oracle": "exact", "runs": 16, "max_error": 0.0, "max_rounds": 3843, "max_queries": 7697, "peel_fraction": 0.0049504950495049506, "elimination_fraction": 0.010422094841063054, "rejection_fraction": 0.984627410109432, "cap_certificates": 152, "max_isotropy_residual": 4.975853427180432e-06}
{"N": 5, "points": 250, "proper": false, "oracle": "endpoint", "runs": 16, "max_error": 0.006250000021527293, "max_rounds": 1315, "max_queries": 2643, "peel_fraction": 0.010227272727272727, "elimination_fraction": 0.019128787878787877, "rejection_fraction": 0.9706439393939394, "cap_certificates": 152, "max_isotropy_residual": 4.975853427180432e-06}
{"N": 5, "points": 250, "proper": true, "oracle": "exact", "runs": 16, "max_error": 0.0, "max_rounds": 3843, "max_queries": 7698, "peel_fraction": 0.004867057232987832, "elimination_fraction": 0.010635421360973412, "rejection_fraction": 0.9844975214060387, "cap_certificates": 152, "max_isotropy_residual": 4.975853427180432e-06}
{"N": 5, "points": 250, "proper": true, "oracle": "endpoint", "runs": 16, "max_error": 0.006250000021527293, "max_rounds": 908, "max_queries": 1828, "peel_fraction": 0.010491668380991566, "elimination_fraction": 0.020366179798395393, "rejection_fraction": 0.969142151820613, "cap_certificates": 152, "max_isotropy_residual": 4.975853427180432e-06}
N=5 completed; elapsed 12.4s, transform/catalog time 3.1s
{"N": 6, "points": 432, "proper": false, "oracle": "exact", "runs": 16, "max_error": 0.0, "max_rounds": 2038, "max_queries": 4085, "peel_fraction": 0.0046126249252583925, "elimination_fraction": 0.010762791492269582, "rejection_fraction": 0.9846245835824721, "cap_certificates": 228, "max_isotropy_residual": 1.5292995777377305e-05}
{"N": 6, "points": 432, "proper": false, "oracle": "endpoint", "runs": 16, "max_error": 0.006250000021527293, "max_rounds": 1671, "max_queries": 3354, "peel_fraction": 0.007221750212404418, "elimination_fraction": 0.015293118096856415, "rejection_fraction": 0.9774851316907391, "cap_certificates": 228, "max_isotropy_residual": 1.5292995777377305e-05}
{"N": 6, "points": 432, "proper": true, "oracle": "exact", "runs": 16, "max_error": 0.0, "max_rounds": 2038, "max_queries": 4086, "peel_fraction": 0.0049293771921509145, "elimination_fraction": 0.0112806901128069, "rejection_fraction": 0.9837899326950422, "cap_certificates": 228, "max_isotropy_residual": 1.5292995777377305e-05}
{"N": 6, "points": 432, "proper": true, "oracle": "endpoint", "runs": 16, "max_error": 0.006250000021527293, "max_rounds": 1671, "max_queries": 3354, "peel_fraction": 0.008123342175066313, "elimination_fraction": 0.016744031830238728, "rejection_fraction": 0.975132625994695, "cap_certificates": 228, "max_isotropy_residual": 1.5292995777377305e-05}
N=6 completed; elapsed 29.5s, transform/catalog time 9.5s
{"N": 7, "points": 686, "proper": false, "oracle": "exact", "runs": 16, "max_error": 0.0, "max_rounds": 7227, "max_queries": 14464, "peel_fraction": 0.003930665635672402, "elimination_fraction": 0.009021199819576003, "rejection_fraction": 0.9870481345447516, "cap_certificates": 462, "max_isotropy_residual": 2.4577947194653893e-05}
{"N": 7, "points": 686, "proper": false, "oracle": "endpoint", "runs": 16, "max_error": 0.006250000021527293, "max_rounds": 895, "max_queries": 1807, "peel_fraction": 0.011639376602880253, "elimination_fraction": 0.022489642927599134, "rejection_fraction": 0.9658709804695206, "cap_certificates": 462, "max_isotropy_residual": 2.4577947194653893e-05}
{"N": 7, "points": 686, "proper": true, "oracle": "exact", "runs": 16, "max_error": 0.0, "max_rounds": 7227, "max_queries": 14465, "peel_fraction": 0.003852432255958211, "elimination_fraction": 0.008749591903362716, "rejection_fraction": 0.9873979758406791, "cap_certificates": 462, "max_isotropy_residual": 2.4577947194653893e-05}
{"N": 7, "points": 686, "proper": true, "oracle": "endpoint", "runs": 16, "max_error": 0.006250000021527293, "max_rounds": 888, "max_queries": 1792, "peel_fraction": 0.011412268188302425, "elimination_fraction": 0.023639698390055024, "rejection_fraction": 0.9649480334216426, "cap_certificates": 462, "max_isotropy_residual": 2.4577947194653893e-05}
N=7 completed; elapsed 93.5s, transform/catalog time 49.0s
{"N": 8, "points": 1024, "proper": false, "oracle": "exact", "runs": 16, "max_error": 0.0, "max_rounds": 4689, "max_queries": 9388, "peel_fraction": 0.0027042862937756342, "elimination_fraction": 0.0067607157344390855, "rejection_fraction": 0.9905349979717852, "cap_certificates": 668, "max_isotropy_residual": 9.520405143126354e-06}
{"N": 8, "points": 1024, "proper": false, "oracle": "endpoint", "runs": 16, "max_error": 0.006250000021527293, "max_rounds": 1278, "max_queries": 2573, "peel_fraction": 0.007389162561576354, "elimination_fraction": 0.016967706622879036, "rejection_fraction": 0.9756431308155447, "cap_certificates": 668, "max_isotropy_residual": 9.520405143126354e-06}
{"N": 8, "points": 1024, "proper": true, "oracle": "exact", "runs": 16, "max_error": 0.0, "max_rounds": 4689, "max_queries": 9389, "peel_fraction": 0.0030438091096858353, "elimination_fraction": 0.00804435264702685, "rejection_fraction": 0.9889118382432873, "cap_certificates": 668, "max_isotropy_residual": 9.520405143126354e-06}
{"N": 8, "points": 1024, "proper": true, "oracle": "endpoint", "runs": 16, "max_error": 0.006250000021527293, "max_rounds": 2792, "max_queries": 5601, "peel_fraction": 0.00614304519526108, "elimination_fraction": 0.014041246160596753, "rejection_fraction": 0.9798157086441421, "cap_certificates": 668, "max_isotropy_residual": 9.520405143126354e-06}
N=8 completed; elapsed 342.4s, transform/catalog time 185.4s
