This is pdfTeX, Version 3.141592653-2.6-1.40.26 (TeX Live 2025/dev/Debian) (preloaded format=pdflatex)
entering extended mode
(./paper.tex
LaTeX2e <2024-11-01> patch level 2
L3 programming layer <2025-01-18>
(/usr/share/texlive/texmf-dist/tex/latex/base/article.cls
Document Class: article 2024/06/29 v1.4n Standard LaTeX document class
(/usr/share/texlive/texmf-dist/tex/latex/base/size11.clo)) (./preamble.tex
(/usr/share/texlive/texmf-dist/tex/latex/base/fontenc.sty)
(/usr/share/texlive/texmf-dist/tex/latex/base/inputenc.sty)
(/usr/share/texmf/tex/latex/lm/lmodern.sty)
(/usr/share/texlive/texmf-dist/tex/latex/microtype/microtype.sty
(/usr/share/texlive/texmf-dist/tex/latex/graphics/keyval.sty)
(/usr/share/texlive/texmf-dist/tex/latex/etoolbox/etoolbox.sty)
(/usr/share/texlive/texmf-dist/tex/latex/microtype/microtype-pdftex.def)
(/usr/share/texlive/texmf-dist/tex/latex/microtype/microtype.cfg))
(/usr/share/texlive/texmf-dist/tex/latex/amsmath/amsmath.sty
For additional information on amsmath, use the `?' option.
(/usr/share/texlive/texmf-dist/tex/latex/amsmath/amstext.sty
(/usr/share/texlive/texmf-dist/tex/latex/amsmath/amsgen.sty))
(/usr/share/texlive/texmf-dist/tex/latex/amsmath/amsbsy.sty)
(/usr/share/texlive/texmf-dist/tex/latex/amsmath/amsopn.sty))
(/usr/share/texlive/texmf-dist/tex/latex/amsfonts/amssymb.sty
(/usr/share/texlive/texmf-dist/tex/latex/amsfonts/amsfonts.sty))
(/usr/share/texlive/texmf-dist/tex/latex/amscls/amsthm.sty)
(/usr/share/texlive/texmf-dist/tex/latex/mathtools/mathtools.sty
(/usr/share/texlive/texmf-dist/tex/latex/tools/calc.sty)
(/usr/share/texlive/texmf-dist/tex/latex/mathtools/mhsetup.sty))
(/usr/share/texlive/texmf-dist/tex/latex/thmtools/thmtools.sty
(/usr/share/texlive/texmf-dist/tex/latex/thmtools/thm-patch.sty
(/usr/share/texlive/texmf-dist/tex/latex/thmtools/parseargs.sty))
(/usr/share/texlive/texmf-dist/tex/latex/thmtools/thm-kv.sty
(/usr/share/texlive/texmf-dist/tex/latex/kvsetkeys/kvsetkeys.sty))
(/usr/share/texlive/texmf-dist/tex/latex/thmtools/thm-autoref.sty
(/usr/share/texlive/texmf-dist/tex/latex/thmtools/aliasctr.sty))
(/usr/share/texlive/texmf-dist/tex/latex/thmtools/thm-listof.sty)
(/usr/share/texlive/texmf-dist/tex/latex/thmtools/thm-restate.sty)
(/usr/share/texlive/texmf-dist/tex/latex/thmtools/thm-amsthm.sty))
(/usr/share/texlive/texmf-dist/tex/latex/tools/bm.sty)
(/usr/share/texlive/texmf-dist/tex/latex/geometry/geometry.sty
(/usr/share/texlive/texmf-dist/tex/generic/iftex/ifvtex.sty
(/usr/share/texlive/texmf-dist/tex/generic/iftex/iftex.sty)))
(/usr/share/texlive/texmf-dist/tex/latex/booktabs/booktabs.sty)
(/usr/share/texlive/texmf-dist/tex/latex/tools/array.sty)
(/usr/share/texlive/texmf-dist/tex/latex/tools/tabularx.sty)
(/usr/share/texlive/texmf-dist/tex/latex/tools/longtable.sty)
(/usr/share/texlive/texmf-dist/tex/latex/enumitem/enumitem.sty)
(/usr/share/texlive/texmf-dist/tex/latex/siunitx/siunitx.sty
(/usr/share/texlive/texmf-dist/tex/latex/translations/translations.sty
(/usr/share/texlive/texmf-dist/tex/generic/pdftexcmds/pdftexcmds.sty
(/usr/share/texlive/texmf-dist/tex/generic/infwarerr/infwarerr.sty)
(/usr/share/texlive/texmf-dist/tex/generic/ltxcmds/ltxcmds.sty))))
(/usr/share/texlive/texmf-dist/tex/latex/xcolor/xcolor.sty
(/usr/share/texlive/texmf-dist/tex/latex/graphics-cfg/color.cfg)
(/usr/share/texlive/texmf-dist/tex/latex/graphics-def/pdftex.def)
(/usr/share/texlive/texmf-dist/tex/latex/graphics/mathcolor.ltx))
(/usr/share/texlive/texmf-dist/tex/latex/needspace/needspace.sty)
(/usr/share/texlive/texmf-dist/tex/latex/pgf/frontendlayer/tikz.sty
(/usr/share/texlive/texmf-dist/tex/latex/pgf/basiclayer/pgf.sty
(/usr/share/texlive/texmf-dist/tex/latex/pgf/utilities/pgfrcs.sty
(/usr/share/texlive/texmf-dist/tex/generic/pgf/utilities/pgfutil-common.tex)
(/usr/share/texlive/texmf-dist/tex/generic/pgf/utilities/pgfutil-latex.def)
(/usr/share/texlive/texmf-dist/tex/generic/pgf/utilities/pgfrcs.code.tex
(/usr/share/texlive/texmf-dist/tex/generic/pgf/pgf.revision.tex)))
(/usr/share/texlive/texmf-dist/tex/latex/pgf/basiclayer/pgfcore.sty
(/usr/share/texlive/texmf-dist/tex/latex/graphics/graphicx.sty
(/usr/share/texlive/texmf-dist/tex/latex/graphics/graphics.sty
(/usr/share/texlive/texmf-dist/tex/latex/graphics/trig.sty)
(/usr/share/texlive/texmf-dist/tex/latex/graphics-cfg/graphics.cfg)))
(/usr/share/texlive/texmf-dist/tex/latex/pgf/systemlayer/pgfsys.sty
(/usr/share/texlive/texmf-dist/tex/generic/pgf/systemlayer/pgfsys.code.tex
(/usr/share/texlive/texmf-dist/tex/generic/pgf/utilities/pgfkeys.code.tex
(/usr/share/texlive/texmf-dist/tex/generic/pgf/utilities/pgfkeyslibraryfiltered
.code.tex)) (/usr/share/texlive/texmf-dist/tex/generic/pgf/systemlayer/pgf.cfg)
(/usr/share/texlive/texmf-dist/tex/generic/pgf/systemlayer/pgfsys-pdftex.def
(/usr/share/texlive/texmf-dist/tex/generic/pgf/systemlayer/pgfsys-common-pdf.de
f)))
(/usr/share/texlive/texmf-dist/tex/generic/pgf/systemlayer/pgfsyssoftpath.code.
tex)
(/usr/share/texlive/texmf-dist/tex/generic/pgf/systemlayer/pgfsysprotocol.code.
tex))
(/usr/share/texlive/texmf-dist/tex/generic/pgf/basiclayer/pgfcore.code.tex
(/usr/share/texlive/texmf-dist/tex/generic/pgf/math/pgfmath.code.tex
(/usr/share/texlive/texmf-dist/tex/generic/pgf/math/pgfmathutil.code.tex)
(/usr/share/texlive/texmf-dist/tex/generic/pgf/math/pgfmathparser.code.tex)
(/usr/share/texlive/texmf-dist/tex/generic/pgf/math/pgfmathfunctions.code.tex)
(/usr/share/texlive/texmf-dist/tex/generic/pgf/math/pgfmathfunctions.basic.code
.tex)
(/usr/share/texlive/texmf-dist/tex/generic/pgf/math/pgfmathfunctions.trigonomet
ric.code.tex)
(/usr/share/texlive/texmf-dist/tex/generic/pgf/math/pgfmathfunctions.random.cod
e.tex)
(/usr/share/texlive/texmf-dist/tex/generic/pgf/math/pgfmathfunctions.comparison
.code.tex)
(/usr/share/texlive/texmf-dist/tex/generic/pgf/math/pgfmathfunctions.base.code.
tex)
(/usr/share/texlive/texmf-dist/tex/generic/pgf/math/pgfmathfunctions.round.code
.tex)
(/usr/share/texlive/texmf-dist/tex/generic/pgf/math/pgfmathfunctions.misc.code.
tex)
(/usr/share/texlive/texmf-dist/tex/generic/pgf/math/pgfmathfunctions.integerari
thmetics.code.tex)
(/usr/share/texlive/texmf-dist/tex/generic/pgf/math/pgfmathcalc.code.tex)
(/usr/share/texlive/texmf-dist/tex/generic/pgf/math/pgfmathfloat.code.tex))
(/usr/share/texlive/texmf-dist/tex/generic/pgf/math/pgfint.code.tex)
(/usr/share/texlive/texmf-dist/tex/generic/pgf/basiclayer/pgfcorepoints.code.te
x)
(/usr/share/texlive/texmf-dist/tex/generic/pgf/basiclayer/pgfcorepathconstruct.
code.tex)
(/usr/share/texlive/texmf-dist/tex/generic/pgf/basiclayer/pgfcorepathusage.code
.tex)
(/usr/share/texlive/texmf-dist/tex/generic/pgf/basiclayer/pgfcorescopes.code.te
x)
(/usr/share/texlive/texmf-dist/tex/generic/pgf/basiclayer/pgfcoregraphicstate.c
ode.tex)
(/usr/share/texlive/texmf-dist/tex/generic/pgf/basiclayer/pgfcoretransformation
s.code.tex)
(/usr/share/texlive/texmf-dist/tex/generic/pgf/basiclayer/pgfcorequick.code.tex
)
(/usr/share/texlive/texmf-dist/tex/generic/pgf/basiclayer/pgfcoreobjects.code.t
ex)
(/usr/share/texlive/texmf-dist/tex/generic/pgf/basiclayer/pgfcorepathprocessing
.code.tex)
(/usr/share/texlive/texmf-dist/tex/generic/pgf/basiclayer/pgfcorearrows.code.te
x)
(/usr/share/texlive/texmf-dist/tex/generic/pgf/basiclayer/pgfcoreshade.code.tex
)
(/usr/share/texlive/texmf-dist/tex/generic/pgf/basiclayer/pgfcoreimage.code.tex
)
(/usr/share/texlive/texmf-dist/tex/generic/pgf/basiclayer/pgfcoreexternal.code.
tex)
(/usr/share/texlive/texmf-dist/tex/generic/pgf/basiclayer/pgfcorelayers.code.te
x)
(/usr/share/texlive/texmf-dist/tex/generic/pgf/basiclayer/pgfcoretransparency.c
ode.tex)
(/usr/share/texlive/texmf-dist/tex/generic/pgf/basiclayer/pgfcorepatterns.code.
tex)
(/usr/share/texlive/texmf-dist/tex/generic/pgf/basiclayer/pgfcorerdf.code.tex))
)
(/usr/share/texlive/texmf-dist/tex/generic/pgf/modules/pgfmoduleshapes.code.tex
) (/usr/share/texlive/texmf-dist/tex/generic/pgf/modules/pgfmoduleplot.code.tex
)
(/usr/share/texlive/texmf-dist/tex/latex/pgf/compatibility/pgfcomp-version-0-65
.sty)
(/usr/share/texlive/texmf-dist/tex/latex/pgf/compatibility/pgfcomp-version-1-18
.sty)) (/usr/share/texlive/texmf-dist/tex/latex/pgf/utilities/pgffor.sty
(/usr/share/texlive/texmf-dist/tex/latex/pgf/utilities/pgfkeys.sty
(/usr/share/texlive/texmf-dist/tex/generic/pgf/utilities/pgfkeys.code.tex))
(/usr/share/texlive/texmf-dist/tex/latex/pgf/math/pgfmath.sty
(/usr/share/texlive/texmf-dist/tex/generic/pgf/math/pgfmath.code.tex))
(/usr/share/texlive/texmf-dist/tex/generic/pgf/utilities/pgffor.code.tex))
(/usr/share/texlive/texmf-dist/tex/generic/pgf/frontendlayer/tikz/tikz.code.tex

(/usr/share/texlive/texmf-dist/tex/generic/pgf/libraries/pgflibraryplothandlers
.code.tex)
(/usr/share/texlive/texmf-dist/tex/generic/pgf/modules/pgfmodulematrix.code.tex
)
(/usr/share/texlive/texmf-dist/tex/generic/pgf/frontendlayer/tikz/libraries/tik
zlibrarytopaths.code.tex)))
(/usr/share/texlive/texmf-dist/tex/generic/pgf/frontendlayer/tikz/libraries/tik
zlibrarymatrix.code.tex)
(/usr/share/texlive/texmf-dist/tex/generic/pgf/libraries/pgflibraryarrows.meta.
code.tex)
(/usr/share/texlive/texmf-dist/tex/generic/pgf/frontendlayer/tikz/libraries/tik
zlibrarypositioning.code.tex)
(/usr/share/texlive/texmf-dist/tex/generic/pgf/frontendlayer/tikz/libraries/tik
zlibrarycalc.code.tex)
(/usr/share/texlive/texmf-dist/tex/generic/pgf/frontendlayer/tikz/libraries/tik
zlibraryfit.code.tex)
(/usr/share/texlive/texmf-dist/tex/generic/pgf/frontendlayer/tikz/libraries/tik
zlibrarybackgrounds.code.tex)
(/usr/share/texlive/texmf-dist/tex/generic/pgf/frontendlayer/tikz/libraries/tik
zlibrarydecorations.pathreplacing.code.tex
(/usr/share/texlive/texmf-dist/tex/generic/pgf/frontendlayer/tikz/libraries/tik
zlibrarydecorations.code.tex
(/usr/share/texlive/texmf-dist/tex/generic/pgf/modules/pgfmoduledecorations.cod
e.tex))
(/usr/share/texlive/texmf-dist/tex/generic/pgf/libraries/decorations/pgflibrary
decorations.pathreplacing.code.tex))
(/usr/share/texlive/texmf-dist/tex/latex/pgfplots/pgfplots.sty
(/usr/share/texlive/texmf-dist/tex/generic/pgfplots/pgfplots.revision.tex)
(/usr/share/texlive/texmf-dist/tex/generic/pgfplots/pgfplots.code.tex
(/usr/share/texlive/texmf-dist/tex/generic/pgfplots/pgfplotscore.code.tex
(/usr/share/texlive/texmf-dist/tex/generic/pgfplots/sys/pgfplotssysgeneric.code
.tex))
(/usr/share/texlive/texmf-dist/tex/generic/pgfplots/libs/pgfplotslibrary.code.t
ex)
(/usr/share/texlive/texmf-dist/tex/generic/pgfplots/oldpgfcompatib/pgfplotsoldp
gfsupp_loader.code.tex
(/usr/share/texlive/texmf-dist/tex/generic/pgf/libraries/pgflibraryfpu.code.tex
)
Package pgfplots: loading complementary utilities for your pgf version...

(/usr/share/texlive/texmf-dist/tex/generic/pgfplots/oldpgfcompatib/pgfplotsoldp
gfsupp_pgfutil-common-lists.tex))
(/usr/share/texlive/texmf-dist/tex/generic/pgfplots/util/pgfplotsutil.code.tex
(/usr/share/texlive/texmf-dist/tex/generic/pgfplots/liststructure/pgfplotslists
tructure.code.tex)
(/usr/share/texlive/texmf-dist/tex/generic/pgfplots/liststructure/pgfplotslists
tructureext.code.tex)
(/usr/share/texlive/texmf-dist/tex/generic/pgfplots/liststructure/pgfplotsarray
.code.tex)
(/usr/share/texlive/texmf-dist/tex/generic/pgfplots/liststructure/pgfplotsmatri
x.code.tex)
(/usr/share/texlive/texmf-dist/tex/generic/pgfplots/numtable/pgfplotstableshare
d.code.tex)
(/usr/share/texlive/texmf-dist/tex/generic/pgfplots/liststructure/pgfplotsdeque
.code.tex)
(/usr/share/texlive/texmf-dist/tex/generic/pgfplots/util/pgfplotsbinary.code.te
x
(/usr/share/texlive/texmf-dist/tex/generic/pgfplots/util/pgfplotsbinary.data.co
de.tex))
(/usr/share/texlive/texmf-dist/tex/generic/pgfplots/util/pgfplotsutil.verb.code
.tex)
(/usr/share/texlive/texmf-dist/tex/generic/pgfplots/libs/pgflibrarypgfplots.sur
fshading.code.tex
(/usr/share/texlive/texmf-dist/tex/generic/pgfplots/sys/pgflibrarypgfplots.surf
shading.pgfsys-pdftex.def)))
(/usr/share/texlive/texmf-dist/tex/generic/pgfplots/util/pgfplotscolormap.code.
tex
(/usr/share/texlive/texmf-dist/tex/generic/pgfplots/util/pgfplotscolor.code.tex
))
(/usr/share/texlive/texmf-dist/tex/generic/pgfplots/pgfplotsstackedplots.code.t
ex)
(/usr/share/texlive/texmf-dist/tex/generic/pgfplots/pgfplotsplothandlers.code.t
ex
(/usr/share/texlive/texmf-dist/tex/generic/pgfplots/pgfplotsmeshplothandler.cod
e.tex
(/usr/share/texlive/texmf-dist/tex/generic/pgfplots/pgfplotsmeshplotimage.code.
tex)))
(/usr/share/texlive/texmf-dist/tex/generic/pgfplots/pgfplots.scaling.code.tex)
(/usr/share/texlive/texmf-dist/tex/generic/pgfplots/pgfplotscoordprocessing.cod
e.tex)
(/usr/share/texlive/texmf-dist/tex/generic/pgfplots/pgfplots.errorbars.code.tex
) (/usr/share/texlive/texmf-dist/tex/generic/pgfplots/pgfplots.markers.code.tex
) (/usr/share/texlive/texmf-dist/tex/generic/pgfplots/pgfplotsticks.code.tex)
(/usr/share/texlive/texmf-dist/tex/generic/pgfplots/pgfplots.paths.code.tex)
(/usr/share/texlive/texmf-dist/tex/generic/pgf/frontendlayer/tikz/libraries/tik
zlibrarydecorations.pathmorphing.code.tex
(/usr/share/texlive/texmf-dist/tex/generic/pgf/libraries/decorations/pgflibrary
decorations.pathmorphing.code.tex))
(/usr/share/texlive/texmf-dist/tex/generic/pgfplots/libs/tikzlibrarypgfplots.co
ntourlua.code.tex))
(/usr/share/texlive/texmf-dist/tex/generic/pgf/frontendlayer/tikz/libraries/tik
zlibraryplotmarks.code.tex
(/usr/share/texlive/texmf-dist/tex/generic/pgf/libraries/pgflibraryplotmarks.co
de.tex))) (/usr/share/texlive/texmf-dist/tex/latex/algorithm2e/algorithm2e.sty
(/usr/share/texlive/texmf-dist/tex/latex/base/ifthen.sty)
(/usr/share/texlive/texmf-dist/tex/latex/ifoddpage/ifoddpage.sty)
(/usr/share/texlive/texmf-dist/tex/latex/tools/xspace.sty)
(/usr/share/texlive/texmf-dist/tex/latex/relsize/relsize.sty))
(/usr/share/texlive/texmf-dist/tex/latex/natbib/natbib.sty)
(/usr/share/texlive/texmf-dist/tex/latex/tools/xr.sty)
(/usr/share/texlive/texmf-dist/tex/latex/hyperref/hyperref.sty
(/usr/share/texlive/texmf-dist/tex/generic/kvdefinekeys/kvdefinekeys.sty)
(/usr/share/texlive/texmf-dist/tex/generic/pdfescape/pdfescape.sty)
(/usr/share/texlive/texmf-dist/tex/latex/hycolor/hycolor.sty)
(/usr/share/texlive/texmf-dist/tex/latex/hyperref/nameref.sty
(/usr/share/texlive/texmf-dist/tex/latex/refcount/refcount.sty)
(/usr/share/texlive/texmf-dist/tex/generic/gettitlestring/gettitlestring.sty
(/usr/share/texlive/texmf-dist/tex/latex/kvoptions/kvoptions.sty)))
(/usr/share/texlive/texmf-dist/tex/generic/stringenc/stringenc.sty)
(/usr/share/texlive/texmf-dist/tex/latex/hyperref/pd1enc.def)
(/usr/share/texlive/texmf-dist/tex/generic/intcalc/intcalc.sty)
(/usr/share/texlive/texmf-dist/tex/latex/hyperref/puenc.def)
(/usr/share/texlive/texmf-dist/tex/latex/url/url.sty)
(/usr/share/texlive/texmf-dist/tex/generic/bitset/bitset.sty
(/usr/share/texlive/texmf-dist/tex/generic/bigintcalc/bigintcalc.sty))
(/usr/share/texlive/texmf-dist/tex/latex/base/atbegshi-ltx.sty))
(/usr/share/texlive/texmf-dist/tex/latex/hyperref/hpdftex.def
(/usr/share/texlive/texmf-dist/tex/latex/base/atveryend-ltx.sty)
(/usr/share/texlive/texmf-dist/tex/latex/rerunfilecheck/rerunfilecheck.sty
(/usr/share/texlive/texmf-dist/tex/generic/uniquecounter/uniquecounter.sty)))
(/usr/share/texlive/texmf-dist/tex/latex/cleveref/cleveref.sty))
(/usr/share/texmf/tex/latex/lm/t1lmr.fd)
(/usr/share/texlive/texmf-dist/tex/latex/l3backend/l3backend-pdftex.def)
No file paper.aux.
(/usr/share/texlive/texmf-dist/tex/latex/microtype/mt-cmr.cfg)
*geometry* driver: auto-detecting
*geometry* detected driver: pdftex

(/usr/share/texlive/texmf-dist/tex/latex/translations/translations-basic-dictio
nary-english.trsl)
(/usr/share/texlive/texmf-dist/tex/context/base/mkii/supp-pdf.mkii
[Loading MPS to PDF converter (version 2006.09.02).]
) (/usr/share/texlive/texmf-dist/tex/latex/epstopdf-pkg/epstopdf-base.sty
(/usr/share/texlive/texmf-dist/tex/latex/grfext/grfext.sty)

Package epstopdf Warning: Shell escape feature is not enabled.

(/usr/share/texlive/texmf-dist/tex/latex/latexconfig/epstopdf-sys.cfg))
Package pgfplots notification 'compat/show suggested version=true': document ha
s been generated with the most recent feature set (\pgfplotsset{compat=1.18}).

(/usr/share/texmf/tex/latex/lm/ot1lmr.fd)
(/usr/share/texmf/tex/latex/lm/omllmm.fd)
(/usr/share/texmf/tex/latex/lm/omslmsy.fd)
(/usr/share/texmf/tex/latex/lm/omxlmex.fd)
(/usr/share/texlive/texmf-dist/tex/latex/amsfonts/umsa.fd)
(/usr/share/texlive/texmf-dist/tex/latex/microtype/mt-msa.cfg)
(/usr/share/texlive/texmf-dist/tex/latex/amsfonts/umsb.fd)
(/usr/share/texlive/texmf-dist/tex/latex/microtype/mt-msb.cfg) (./abstract.tex)
 (./sections/01_introduction.tex

Package natbib Warning: Citation `FKS26' on page 1 undefined on input line 2.


LaTeX Warning: Reference `sec:preliminaries' on page 1 undefined on input line 
15.


[1{/var/lib/texmf/fonts/map/pdftex/updmap/pdftex.map}{/usr/share/texmf/fonts/en
c/dvips/lm/lm-ec.enc}{/usr/share/texmf/fonts/enc/dvips/lm/lm-rm.enc}{/usr/share
/texmf/fonts/enc/dvips/lm/lm-mathit.enc}{/usr/share/texmf/fonts/enc/dvips/lm/lm
-mathsy.enc}]

LaTeX Warning: Reference `lem:params' on page 1 undefined on input line 36.


LaTeX Warning: Reference `thm:proper' on page 1 undefined on input line 36.


LaTeX Warning: Reference `thm:caps' on page 1 undefined on input line 36.


LaTeX Warning: Reference `lem:exact-prob' on page 1 undefined on input line 36.



LaTeX Warning: Reference `thm:prob' on page 1 undefined on input line 36.


LaTeX Warning: Reference `thm:construction' on page 1 undefined on input line 3
6.

(/usr/share/texmf/tex/latex/lm/ts1lmr.fd)

LaTeX Warning: Reference `lem:params' on page 1 undefined on input line 43.


LaTeX Warning: Reference `thm:main' on page 1 undefined on input line 43.


LaTeX Warning: Reference `cor:negative-answer' on page 1 undefined on input lin
e 44.


LaTeX Warning: Reference `thm:proper' on page 1 undefined on input line 45.


LaTeX Warning: Reference `thm:caps' on page 1 undefined on input line 45.


LaTeX Warning: Reference `cor:fastprf' on page 1 undefined on input line 46.


LaTeX Warning: Reference `thm:prf' on page 1 undefined on input line 46.


LaTeX Warning: Reference `thm:fast' on page 1 undefined on input line 46.


LaTeX Warning: Reference `thm:halfspaces' on page 1 undefined on input line 47.



LaTeX Warning: Reference `thm:barrier' on page 1 undefined on input line 47.


LaTeX Warning: Reference `thm:communication' on page 1 undefined on input line 
47.


LaTeX Warning: Reference `prop:unseen' on page 1 undefined on input line 48.


LaTeX Warning: Reference `thm:classicalbarrier' on page 1 undefined on input li
ne 48.


LaTeX Warning: Reference `thm:description' on page 1 undefined on input line 48
.


LaTeX Warning: Reference `cor:engineered' on page 1 undefined on input line 48.



LaTeX Warning: Reference `thm:adapt' on page 1 undefined on input line 48.


Package natbib Warning: Citation `HHPTZ22' on page 2 undefined on input line 62
.


Package natbib Warning: Citation `Warren68' on page 2 undefined on input line 6
2.


Package natbib Warning: Citation `AMY16' on page 2 undefined on input line 62.


Package natbib Warning: Citation `APP05' on page 2 undefined on input line 62.


Package natbib Warning: Citation `HHPTZ22' on page 2 undefined on input line 62
.


LaTeX Warning: Reference `prop:cap-bound' on page 1 undefined on input line 62.



Package natbib Warning: Citation `HHPTZ22' on page 2 undefined on input line 62
.


Package natbib Warning: Citation `Feldman17' on page 2 undefined on input line 
62.


Package natbib Warning: Citation `AKMSS21' on page 2 undefined on input line 62
.


Underfull \hbox (badness 2591) in paragraph at lines 62--62
[]|\T1/lmr/m/n/10 (+20) SQ and differentiable-learning

LaTeX Warning: Reference `sec:rsd' on page 1 undefined on input line 62.


LaTeX Warning: Reference `sec:resources' on page 1 undefined on input line 62.


LaTeX Warning: Reference `sec:rectangle' on page 1 undefined on input line 67.


LaTeX Warning: Reference `sec:construction' on page 1 undefined on input line 6
7.


LaTeX Warning: Reference `sec:explicit' on page 1 undefined on input line 67.


LaTeX Warning: Reference `sec:learners' on page 1 undefined on input line 67.


LaTeX Warning: Reference `sec:characterizations' on page 1 undefined on input l
ine 67.


LaTeX Warning: Reference `sec:resources' on page 1 undefined on input line 67.


LaTeX Warning: Reference `sec:discussion' on page 1 undefined on input line 67.



[2{/usr/share/texmf/fonts/enc/dvips/lm/lm-mathex.enc}{/usr/share/texmf/fonts/en
c/dvips/lm/lm-ts1.enc}]) (./sections/02_preliminaries.tex

Package natbib Warning: Citation `Kearns98' on page 3 undefined on input line 1
0.


[3]

Package natbib Warning: Citation `BDES02' on page 4 undefined on input line 17.



LaTeX Warning: Reference `lem:ties' on page 1 undefined on input line 22.


Package natbib Warning: Citation `CMW25' on page 4 undefined on input line 29.


Package natbib Warning: Citation `KMS20' on page 4 undefined on input line 29.


Package natbib Warning: Citation `FKS26' on page 4 undefined on input line 37.


LaTeX Warning: Reference `eq:prob-definition' on page 4 undefined on input line
 37.


LaTeX Warning: Reference `eq:approx-definition' on page 4 undefined on input li
ne 37.


LaTeX Warning: Reference `lem:ties' on page 1 undefined on input line 37.


LaTeX Warning: Reference `lem:params' on page 1 undefined on input line 61.


LaTeX Warning: Reference `lem:params' on page 1 undefined on input line 61.


[4]

LaTeX Warning: Reference `lem:exact-prob' on page 1 undefined on input line 96.



LaTeX Warning: Reference `thm:prob' on page 1 undefined on input line 96.


LaTeX Warning: Reference `app:oracle' on page 1 undefined on input line 98.

) (./sections/03_rectangle.tex

LaTeX Warning: Reference `eq:guarantee' on page 5 undefined on input line 4.


LaTeX Warning: Reference `thm:main' on page 1 undefined on input line 14.


[5]

LaTeX Warning: Reference `lem:finite-minimax' on page 1 undefined on input line
 35.


LaTeX Warning: Reference `lem:params' on page 1 undefined on input line 41.


LaTeX Warning: Reference `lem:mixture' on page 1 undefined on input line 53.


LaTeX Warning: Reference `fig:rectify' on page 1 undefined on input line 57.

(./figures/rectify_round.tex

LaTeX Warning: Reference `thm:main' on page 1 undefined on input line 33.


LaTeX Warning: Reference `thm:main' on page 1 undefined on input line 33.

)

LaTeX Warning: Reference `sec:caps' on page 1 undefined on input line 61.


LaTeX Warning: Reference `thm:main' on page 6 undefined on input line 63.


[6]

LaTeX Warning: Reference `eq:coverage' on page 7 undefined on input line 96.


[7]

LaTeX Warning: Reference `eq:elim-budget' on page 8 undefined on input line 104
.


LaTeX Warning: Reference `eq:drift' on page 8 undefined on input line 114.


LaTeX Warning: Reference `eq:total-budget' on page 8 undefined on input line 11
8.


LaTeX Warning: Reference `thm:main' on page 8 undefined on input line 127.

) (./sections/04_family.tex
[8]

LaTeX Warning: Reference `fig:template' on page 1 undefined on input line 2.

(./figures/template_flip.tex

LaTeX Warning: Reference `thm:construction' on page 1 undefined on input line 1
25.


LaTeX Warning: Reference `thm:construction' on page 1 undefined on input line 1
25.

)

LaTeX Warning: Reference `thm:main' on page 1 undefined on input line 16.


LaTeX Warning: Reference `app:oldgeometry' on page 9 undefined on input line 16
.


LaTeX Warning: Reference `app:family-proof' on page 9 undefined on input line 2
4.


[9]

LaTeX Warning: Reference `eq:structural' on page 10 undefined on input line 27.



LaTeX Warning: Reference `eq:warren' on page 10 undefined on input line 70.


LaTeX Warning: Reference `eq:approx-prob' on page 10 undefined on input line 74
.


[10]

LaTeX Warning: Reference `eq:exact-prob' on page 11 undefined on input line 84.



LaTeX Warning: Reference `lem:ties' on page 1 undefined on input line 94.


LaTeX Warning: Reference `thm:prob' on page 1 undefined on input line 97.


LaTeX Warning: Reference `thm:construction' on page 1 undefined on input line 9
7.


LaTeX Warning: Reference `lem:exact-prob' on page 1 undefined on input line 97.



LaTeX Warning: Reference `thm:proper' on page 1 undefined on input line 97.


LaTeX Warning: Reference `thm:caps' on page 1 undefined on input line 97.

(./figures/family_parameters.tex)) (./sections/05_learners.tex

LaTeX Warning: Reference `lem:mixture' on page 11 undefined on input line 3.


LaTeX Warning: Reference `thm:main' on page 11 undefined on input line 13.


[11]

LaTeX Warning: Reference `fig:cap' on page 1 undefined on input line 35.

(./figures/cap_geometry.tex

LaTeX Warning: Reference `thm:caps' on page 1 undefined on input line 25.


LaTeX Warning: Reference `thm:caps' on page 1 undefined on input line 25.

)

LaTeX Warning: Reference `proof:caps' on page 1 undefined on input line 37.


[12]
[13]

LaTeX Warning: Reference `proof:proper' on page 1 undefined on input line 76.


LaTeX Warning: Reference `proof:median' on page 1 undefined on input line 102.


LaTeX Warning: Reference `fig:order' on page 1 undefined on input line 140.

(./figures/order_median.tex

LaTeX Warning: Reference `thm:fast' on page 1 undefined on input line 34.


LaTeX Warning: Reference `thm:fast' on page 1 undefined on input line 34.

)

LaTeX Warning: Reference `proof:fast' on page 1 undefined on input line 142.


[14]) (./sections/06_explicit.tex
[15]

Package natbib Warning: Citation `HILL99' on page 16 undefined on input line 6.



Package natbib Warning: Citation `GGM86' on page 16 undefined on input line 6.


LaTeX Warning: Reference `proof:subgrid' on page 1 undefined on input line 24.


LaTeX Warning: Reference `sec:fast' on page 16 undefined on input line 37.


LaTeX Warning: Reference `proof:prf' on page 1 undefined on input line 40.


Package natbib Warning: Citation `HHPTZ22' on page 16 undefined on input line 4
3.


[16]

LaTeX Warning: Reference `proof:advice' on page 1 undefined on input line 53.


LaTeX Warning: Reference `thm:prf' on page 1 undefined on input line 55.


LaTeX Warning: Reference `prop:hiddenkey' on page 1 undefined on input line 55.



LaTeX Warning: Reference `sec:fast' on page 1 undefined on input line 58.


LaTeX Warning: Reference `thm:prf' on page 17 undefined on input line 58.


LaTeX Warning: Reference `proof:regularstars' on page 1 undefined on input line
 61.


LaTeX Warning: Reference `thm:prf' on page 17 undefined on input line 66.


LaTeX Warning: Reference `proof:fastprf' on page 1 undefined on input line 74.

) (./sections/07_characterizations.tex
[17]

LaTeX Warning: Reference `eq:guarantee' on page 18 undefined on input line 14.


LaTeX Warning: Reference `proof:communication' on page 1 undefined on input lin
e 21.


LaTeX Warning: Reference `thm:halfspaces' on page 18 undefined on input line 24
.


LaTeX Warning: Reference `proof:energy' on page 1 undefined on input line 45.


LaTeX Warning: Reference `eq:guarantee' on page 18 undefined on input line 56.


LaTeX Warning: Reference `proof:barrier' on page 1 undefined on input line 69.


[18]

LaTeX Warning: Reference `eq:joint' on page 19 undefined on input line 77.


Package natbib Warning: Citation `Forster02' on page 19 undefined on input line
 84.


LaTeX Warning: Reference `proof:forster' on page 1 undefined on input line 98.


LaTeX Warning: Reference `thm:barrier' on page 19 undefined on input line 101.


LaTeX Warning: Reference `thm:forster' on page 19 undefined on input line 101.


LaTeX Warning: Reference `eq:guarantee' on page 19 undefined on input line 119.



LaTeX Warning: Reference `proof:plane' on page 1 undefined on input line 125.


[19]

LaTeX Warning: Reference `eq:guarantee' on page 20 undefined on input line 134.



LaTeX Warning: Reference `eq:guarantee' on page 20 undefined on input line 145.



LaTeX Warning: Reference `proof:tree' on page 1 undefined on input line 151.


LaTeX Warning: Reference `thm:barrier' on page 20 undefined on input line 159.


LaTeX Warning: Reference `proof:affine' on page 1 undefined on input line 170.


[20]

LaTeX Warning: Reference `proof:pgglobal' on page 1 undefined on input line 183
.


LaTeX Warning: Reference `thm:barrier' on page 21 undefined on input line 187.


LaTeX Warning: Reference `thm:plane' on page 21 undefined on input line 187.


LaTeX Warning: Reference `thm:main' on page 21 undefined on input line 187.


LaTeX Warning: Reference `thm:main' on page 21 undefined on input line 187.


LaTeX Warning: Reference `eq:guarantee' on page 21 undefined on input line 196.



LaTeX Warning: Reference `proof:halfspaces' on page 1 undefined on input line 1
99.


LaTeX Warning: Reference `thm:barrier' on page 21 undefined on input line 202.


LaTeX Warning: Reference `fig:landscape' on page 1 undefined on input line 209.


(./figures/implication_map.tex

LaTeX Warning: Reference `thm:communication' on page 1 undefined on input line 
13.


LaTeX Warning: Reference `thm:main' on page 1 undefined on input line 15.


LaTeX Warning: Reference `thm:communication' on page 1 undefined on input line 
16.


LaTeX Warning: Reference `thm:barrier' on page 1 undefined on input line 17.


LaTeX Warning: Reference `thm:barrier' on page 1 undefined on input line 18.


LaTeX Warning: Reference `thm:construction' on page 1 undefined on input line 2
0.


LaTeX Warning: Reference `thm:halfspaces' on page 1 undefined on input line 21.



LaTeX Warning: Reference `thm:plane' on page 1 undefined on input line 22.

)

LaTeX Warning: Reference `thm:halfspaces' on page 21 undefined on input line 21
9.


LaTeX Warning: Reference `thm:barrier' on page 21 undefined on input line 219.


LaTeX Warning: Reference `thm:main' on page 21 undefined on input line 219.

(/usr/share/texlive/texmf-dist/tex/latex/amsfonts/ueuf.fd)
(/usr/share/texlive/texmf-dist/tex/latex/microtype/mt-euf.cfg)

LaTeX Warning: Reference `eq:guarantee' on page 21 undefined on input line 223.



[21]

LaTeX Warning: Reference `thm:tree' on page 22 undefined on input line 228.


LaTeX Warning: Reference `proof:adapt' on page 1 undefined on input line 235.


Package natbib Warning: Citation `BHKR26' on page 22 undefined on input line 24
2.


[22]

LaTeX Warning: Reference `proof:approxrect' on page 1 undefined on input line 2
55.


LaTeX Warning: Reference `sec:rsd' on page 23 undefined on input line 256.


LaTeX Warning: Reference `tab:examples' on page 1 undefined on input line 259.


LaTeX Warning: Reference `proof:pgglobal' on page 1 undefined on input line 259
.


LaTeX Warning: Reference `prop:affine' on page 1 undefined on input line 259.


LaTeX Warning: Reference `thm:construction' on page 1 undefined on input line 2
59.

(./figures/example_table.tex
Underfull \hbox (badness 2277) in paragraph at lines 12--12
[]|$\OT1/lmr/m/n/9 (+20) 
(\OML/lmm/m/it/9 N= [] N\OT1/lmr/m/n/9 (+20) )$ \T1/lmr/m/n/9 (+20) for most

LaTeX Warning: Reference `thm:pgglobal' on page 1 undefined on input line 13.


LaTeX Warning: Reference `thm:pgglobal' on page 1 undefined on input line 13.

)) (./sections/08_sgd.tex

Package natbib Warning: Citation `FKS26' on page 23 undefined on input line 2.


Package natbib Warning: Citation `AKMSS21' on page 23 undefined on input line 5
.


[23]

LaTeX Warning: Reference `thm:prf' on page 1 undefined on input line 30.


LaTeX Warning: Reference `eq:engineered-gradient' on page 24 undefined on input
 line 30.


LaTeX Warning: Reference `thm:fast' on page 1 undefined on input line 37.


LaTeX Warning: Reference `eq:engineered-parameters' on page 24 undefined on inp
ut line 39.


LaTeX Warning: Reference `thm:prf' on page 1 undefined on input line 39.


[24]

Package natbib Warning: Citation `FKS26' on page 25 undefined on input line 60.



Package natbib Warning: Citation `FGV21' on page 25 undefined on input line 66.



Package natbib Warning: Citation `AKMSS21' on page 25 undefined on input line 6
6.


LaTeX Warning: Reference `proof:network' on page 1 undefined on input line 76.


[25]

LaTeX Warning: Reference `prop:unseen' on page 1 undefined on input line 81.


LaTeX Warning: Reference `thm:prf' on page 26 undefined on input line 84.


LaTeX Warning: Reference `proof:hiddenkey' on page 1 undefined on input line 90
.


LaTeX Warning: Reference `prop:hiddenkey' on page 1 undefined on input line 92.


) (./sections/09_related.tex

Package natbib Warning: Citation `Kearns98' on page 26 undefined on input line 
3.


Package natbib Warning: Citation `Feldman17' on page 26 undefined on input line
 3.


LaTeX Warning: Reference `sec:rsd' on page 26 undefined on input line 3.


Package natbib Warning: Citation `FKS26' on page 26 undefined on input line 3.


Package natbib Warning: Citation `BDES02' on page 26 undefined on input line 3.



Package natbib Warning: Citation `CMW25' on page 26 undefined on input line 3.


Package natbib Warning: Citation `KMS20' on page 26 undefined on input line 3.


LaTeX Warning: Reference `lem:exact-prob' on page 1 undefined on input line 3.


LaTeX Warning: Reference `thm:prob' on page 1 undefined on input line 3.


Package natbib Warning: Citation `Feldman08' on page 26 undefined on input line
 6.


Package natbib Warning: Citation `Feldman11' on page 26 undefined on input line
 6.


Package natbib Warning: Citation `Feldman11' on page 26 undefined on input line
 6.


Package natbib Warning: Citation `DV04' on page 26 undefined on input line 6.


Package natbib Warning: Citation `BF13' on page 26 undefined on input line 6.


Package natbib Warning: Citation `GSS13' on page 26 undefined on input line 6.


Package natbib Warning: Citation `KM25' on page 26 undefined on input line 9.


LaTeX Warning: Reference `cor:negative-answer' on page 1 undefined on input lin
e 9.


[26]

Package natbib Warning: Citation `Forster02' on page 27 undefined on input line
 12.


Package natbib Warning: Citation `HHPTZ22' on page 27 undefined on input line 1
2.


Package natbib Warning: Citation `AMY16' on page 27 undefined on input line 12.



Package natbib Warning: Citation `Warren68' on page 27 undefined on input line 
12.


Package natbib Warning: Citation `APP05' on page 27 undefined on input line 12.



Package natbib Warning: Citation `HHPTZ22' on page 27 undefined on input line 1
2.


Package natbib Warning: Citation `DKT22' on page 27 undefined on input line 12.



LaTeX Warning: Reference `app:convex' on page 27 undefined on input line 12.


Package natbib Warning: Citation `Feldman17' on page 27 undefined on input line
 15.


LaTeX Warning: Reference `prop:affine' on page 27 undefined on input line 15.


Package natbib Warning: Citation `BHKR26' on page 27 undefined on input line 18
.


LaTeX Warning: Reference `cor:approxrect' on page 1 undefined on input line 18.



Package natbib Warning: Citation `BHHLT26' on page 27 undefined on input line 2
1.


Package natbib Warning: Citation `HHM23' on page 27 undefined on input line 21.



Package natbib Warning: Citation `FHV26' on page 27 undefined on input line 21.



Package natbib Warning: Citation `GHIS25' on page 27 undefined on input line 21
.


Package natbib Warning: Citation `VALG26' on page 27 undefined on input line 24
.


LaTeX Warning: Reference `thm:caps' on page 1 undefined on input line 24.


LaTeX Warning: Reference `thm:construction' on page 1 undefined on input line 2
4.


[27]

LaTeX Warning: Reference `thm:communication' on page 28 undefined on input line
 27.


Package natbib Warning: Citation `HHPTZ22' on page 28 undefined on input line 2
7.


Package natbib Warning: Citation `AKMSS21' on page 28 undefined on input line 2
7.


LaTeX Warning: Reference `sec:secret' on page 28 undefined on input line 27.


Package natbib Warning: Citation `MKAS21' on page 28 undefined on input line 31
.


Package natbib Warning: Citation `ABBBN21' on page 28 undefined on input line 3
1.


Package natbib Warning: Citation `ABM22' on page 28 undefined on input line 31.



LaTeX Warning: Reference `cor:engineered' on page 1 undefined on input line 31.



Package natbib Warning: Citation `AKMSS21' on page 28 undefined on input line 3
1.

) (./sections/10_discussion.tex

LaTeX Warning: Reference `thm:main' on page 1 undefined on input line 3.


LaTeX Warning: Reference `thm:prob' on page 1 undefined on input line 3.


LaTeX Warning: Reference `thm:construction' on page 1 undefined on input line 3
.


LaTeX Warning: Reference `thm:tree' on page 1 undefined on input line 5.


LaTeX Warning: Reference `thm:adapt' on page 1 undefined on input line 5.


Package natbib Warning: Citation `Feldman08' on page 28 undefined on input line
 5.


Package natbib Warning: Citation `Feldman11' on page 28 undefined on input line
 5.


LaTeX Warning: Reference `thm:barrier' on page 1 undefined on input line 7.


[28]

LaTeX Warning: Reference `proof:description' on page 1 undefined on input line 
18.


LaTeX Warning: Reference `proof:classicalbarrier' on page 1 undefined on input 
line 39.


Package natbib Warning: Citation `HHPTZ22' on page 29 undefined on input line 4
2.


LaTeX Warning: Reference `thm:construction' on page 29 undefined on input line 
42.


Package natbib Warning: Citation `HHPTZ22' on page 29 undefined on input line 4
2.


Package natbib Warning: Citation `FHV26' on page 29 undefined on input line 44.



Package natbib Warning: Citation `GHIS25' on page 29 undefined on input line 44
.


LaTeX Warning: Reference `proof:unseen' on page 1 undefined on input line 58.


LaTeX Warning: Reference `prop:unseen' on page 1 undefined on input line 62.


LaTeX Warning: Reference `thm:classicalbarrier' on page 1 undefined on input li
ne 62.


[29]

LaTeX Warning: Reference `thm:communication' on page 1 undefined on input line 
65.


LaTeX Warning: Reference `thm:halfspaces' on page 1 undefined on input line 65.



Package natbib Warning: Citation `DV04' on page 30 undefined on input line 67.


Package natbib Warning: Citation `BF13' on page 30 undefined on input line 67.


Package natbib Warning: Citation `GSS13' on page 30 undefined on input line 67.



LaTeX Warning: Reference `thm:main' on page 1 undefined on input line 67.


Package natbib Warning: Citation `HHPTZ22' on page 30 undefined on input line 7
6.


LaTeX Warning: Reference `sec:resources' on page 1 undefined on input line 77.


LaTeX Warning: Reference `app:experiments' on page 1 undefined on input line 83
.

) (./acknowledgments.tex)
[30]
[31] (./paper.bbl (/usr/share/texmf/tex/latex/lm/t1lmtt.fd)
[32]
[33])
[34] (./appendices/oracle_bounds.tex

LaTeX Warning: Reference `thm:main' on page 1 undefined on input line 2.


[35]

LaTeX Warning: Reference `thm:prob' on page 36 undefined on input line 37.

) (./appendices/family_proof.tex

LaTeX Warning: Reference `thm:construction' on page 1 undefined on input line 2
.


LaTeX Warning: Reference `eq:I' on page 36 undefined on input line 11.


Package natbib Warning: Citation `APP05' on page 36 undefined on input line 13.



Package natbib Warning: Citation `HHPTZ22' on page 36 undefined on input line 1
3.


LaTeX Warning: Reference `lem:product-weights' on page 1 undefined on input lin
e 13.


[36]

Package natbib Warning: Citation `Warren68' on page 37 undefined on input line 
24.


Package natbib Warning: Citation `AMY16' on page 37 undefined on input line 24.



LaTeX Warning: Reference `thm:main' on page 37 undefined on input line 29.

) (./appendices/cap_proper_proofs.tex

LaTeX Warning: Reference `thm:caps' on page 1 undefined on input line 3.


LaTeX Warning: Reference `thm:caps' on page 1 undefined on input line 4.


LaTeX Warning: Reference `thm:forster' on page 37 undefined on input line 11.


LaTeX Warning: Reference `app:convex' on page 37 undefined on input line 11.


[37]

LaTeX Warning: Reference `app:convex' on page 38 undefined on input line 36.


LaTeX Warning: Reference `thm:main' on page 38 undefined on input line 50.


LaTeX Warning: Reference `thm:main' on page 38 undefined on input line 52.


LaTeX Warning: Reference `thm:proper' on page 1 undefined on input line 59.


LaTeX Warning: Reference `thm:proper' on page 1 undefined on input line 60.


LaTeX Warning: Reference `thm:main' on page 38 undefined on input line 63.


[38]

LaTeX Warning: Reference `eq:propercomplexity' on page 39 undefined on input li
ne 102.

) (./appendices/median_proofs.tex

LaTeX Warning: Reference `lem:median' on page 1 undefined on input line 3.


LaTeX Warning: Reference `lem:median' on page 1 undefined on input line 4.


[39]

LaTeX Warning: Reference `eq:balancedmedian' on page 40 undefined on input line
 7.


LaTeX Warning: Reference `thm:fast' on page 1 undefined on input line 10.


LaTeX Warning: Reference `thm:fast' on page 1 undefined on input line 11.


LaTeX Warning: Reference `lem:median' on page 40 undefined on input line 19.


LaTeX Warning: Reference `eq:balancedmedian' on page 40 undefined on input line
 21.


LaTeX Warning: Reference `eq:balancedmedian' on page 40 undefined on input line
 28.


LaTeX Warning: Reference `eq:balancedmedian' on page 40 undefined on input line
 30.


[40]

LaTeX Warning: Reference `lem:median' on page 41 undefined on input line 67.

) (./appendices/explicit_proofs.tex

LaTeX Warning: Reference `lem:subgrid' on page 1 undefined on input line 3.


LaTeX Warning: Reference `lem:subgrid' on page 1 undefined on input line 4.


[41]

LaTeX Warning: Reference `eq:warren' on page 42 undefined on input line 9.


Package natbib Warning: Citation `Vorobjov21' on page 42 undefined on input lin
e 19.


Package natbib Warning: Citation `Renegar92' on page 42 undefined on input line
 19.


LaTeX Warning: Reference `thm:prf' on page 1 undefined on input line 22.


LaTeX Warning: Reference `thm:prf' on page 1 undefined on input line 23.


LaTeX Warning: Reference `lem:subgrid' on page 42 undefined on input line 30.


LaTeX Warning: Reference `lem:regularstars' on page 1 undefined on input line 3
9.


LaTeX Warning: Reference `lem:regularstars' on page 1 undefined on input line 4
0.


[42]

LaTeX Warning: Reference `cor:fastprf' on page 1 undefined on input line 51.


LaTeX Warning: Reference `cor:fastprf' on page 1 undefined on input line 52.


LaTeX Warning: Reference `thm:prf' on page 43 undefined on input line 53.


LaTeX Warning: Reference `lem:regularstars' on page 43 undefined on input line 
53.


LaTeX Warning: Reference `thm:fast' on page 43 undefined on input line 53.


LaTeX Warning: Reference `prop:advice' on page 1 undefined on input line 56.


LaTeX Warning: Reference `prop:advice' on page 1 undefined on input line 57.


LaTeX Warning: Reference `thm:prf' on page 1 undefined on input line 59.


LaTeX Warning: Reference `lem:subgrid' on page 1 undefined on input line 59.

) (./appendices/certificate_proofs.tex

LaTeX Warning: Reference `thm:communication' on page 1 undefined on input line 
3.


LaTeX Warning: Reference `thm:communication' on page 1 undefined on input line 
4.


[43]

Package natbib Warning: Citation `HHPTZ22' on page 44 undefined on input line 9
.


LaTeX Warning: Reference `thm:main' on page 44 undefined on input line 9.


LaTeX Warning: Reference `thm:energy' on page 1 undefined on input line 12.


LaTeX Warning: Reference `thm:energy' on page 1 undefined on input line 13.


LaTeX Warning: Reference `eq:energy' on page 44 undefined on input line 19.


LaTeX Warning: Reference `eq:count' on page 44 undefined on input line 19.


LaTeX Warning: Reference `thm:barrier' on page 1 undefined on input line 22.


LaTeX Warning: Reference `thm:barrier' on page 1 undefined on input line 23.


LaTeX Warning: Reference `thm:energy' on page 44 undefined on input line 35.


LaTeX Warning: Reference `thm:energy' on page 44 undefined on input line 40.


LaTeX Warning: Reference `eq:joint' on page 44 undefined on input line 47.


[44]

LaTeX Warning: Reference `eq:joint' on page 45 undefined on input line 49.


LaTeX Warning: Reference `eq:Rbound' on page 45 undefined on input line 49.


LaTeX Warning: Reference `thm:forster' on page 1 undefined on input line 52.


LaTeX Warning: Reference `thm:forster' on page 1 undefined on input line 53.


LaTeX Warning: Reference `eq:isotropy' on page 45 undefined on input line 83.


[45]

LaTeX Warning: Reference `eq:forster' on page 46 undefined on input line 96.


LaTeX Warning: Reference `eq:weighted' on page 46 undefined on input line 101.


LaTeX Warning: Reference `thm:plane' on page 1 undefined on input line 104.


LaTeX Warning: Reference `thm:plane' on page 1 undefined on input line 105.


LaTeX Warning: Reference `thm:forster' on page 46 undefined on input line 117.


LaTeX Warning: Reference `eq:planedc' on page 46 undefined on input line 117.


LaTeX Warning: Reference `eq:planeplain' on page 46 undefined on input line 126
.


LaTeX Warning: Reference `eq:planeplain' on page 46 undefined on input line 136
.


[46]

LaTeX Warning: Reference `thm:barrier' on page 47 undefined on input line 158.


LaTeX Warning: Reference `thm:tree' on page 1 undefined on input line 165.


LaTeX Warning: Reference `thm:tree' on page 1 undefined on input line 166.


[47]

LaTeX Warning: Reference `lem:finite-minimax' on page 1 undefined on input line
 174.


LaTeX Warning: Reference `eq:minimaxpremise' on page 48 undefined on input line
 174.


LaTeX Warning: Reference `eq:tree' on page 48 undefined on input line 174.


LaTeX Warning: Reference `eq:approx' on page 48 undefined on input line 181.


LaTeX Warning: Reference `prop:affine' on page 1 undefined on input line 184.


LaTeX Warning: Reference `prop:affine' on page 1 undefined on input line 185.


LaTeX Warning: Reference `thm:barrier' on page 48 undefined on input line 201.


[48]

LaTeX Warning: Reference `thm:pgglobal' on page 1 undefined on input line 204.


LaTeX Warning: Reference `thm:pgglobal' on page 1 undefined on input line 205.


LaTeX Warning: Reference `thm:halfspaces' on page 1 undefined on input line 222
.


LaTeX Warning: Reference `thm:halfspaces' on page 1 undefined on input line 223
.


LaTeX Warning: Reference `app:concentration' on page 49 undefined on input line
 231.


[49]

LaTeX Warning: Reference `thm:adapt' on page 1 undefined on input line 265.


LaTeX Warning: Reference `thm:adapt' on page 1 undefined on input line 266.


LaTeX Warning: Reference `thm:tree' on page 50 undefined on input line 267.


LaTeX Warning: Reference `thm:caps' on page 50 undefined on input line 267.


LaTeX Warning: Reference `cor:approxrect' on page 1 undefined on input line 270
.


LaTeX Warning: Reference `cor:approxrect' on page 1 undefined on input line 271
.


LaTeX Warning: Reference `thm:main' on page 50 undefined on input line 272.

) (./appendices/network_proofs.tex

LaTeX Warning: Reference `thm:network' on page 1 undefined on input line 3.


LaTeX Warning: Reference `thm:network' on page 1 undefined on input line 4.


[50]

LaTeX Warning: Reference `thm:construction' on page 51 undefined on input line 
9.


LaTeX Warning: Reference `prop:hiddenkey' on page 1 undefined on input line 12.



LaTeX Warning: Reference `prop:hiddenkey' on page 1 undefined on input line 13.


) (./appendices/resource_proofs.tex

LaTeX Warning: Reference `thm:description' on page 1 undefined on input line 2.



LaTeX Warning: Reference `thm:description' on page 1 undefined on input line 3.



LaTeX Warning: Reference `thm:construction' on page 51 undefined on input line 
4.


Package natbib Warning: Citation `MC12' on page 51 undefined on input line 13.


LaTeX Warning: Reference `thm:main' on page 51 undefined on input line 15.


[51]

LaTeX Warning: Reference `thm:classicalbarrier' on page 1 undefined on input li
ne 17.


LaTeX Warning: Reference `thm:classicalbarrier' on page 1 undefined on input li
ne 18.


LaTeX Warning: Reference `lem:finite-minimax' on page 1 undefined on input line
 19.


LaTeX Warning: Reference `prop:unseen' on page 1 undefined on input line 38.


LaTeX Warning: Reference `prop:unseen' on page 1 undefined on input line 39.

) (./appendices/statistical_dimension.tex
[52]

LaTeX Warning: Reference `lem:finite-minimax' on page 1 undefined on input line
 33.


Package natbib Warning: Citation `Feldman17' on page 53 undefined on input line
 49.


[53]

LaTeX Warning: Reference `eq:feldman' on page 54 undefined on input line 58.


Package natbib Warning: Citation `Feldman17' on page 54 undefined on input line
 66.


LaTeX Warning: Reference `thm:main' on page 54 undefined on input line 66.

) (./appendices/isotropy_program.tex

LaTeX Warning: Reference `thm:caps' on page 54 undefined on input line 2.


Package natbib Warning: Citation `DKT22' on page 54 undefined on input line 2.


[54]

LaTeX Warning: Reference `eq:barthe' on page 55 undefined on input line 55.


[55]

LaTeX Warning: Reference `eq:barthe' on page 56 undefined on input line 67.

) (./appendices/concentration.tex
[56]) (./appendices/geometric_bounds.tex

LaTeX Warning: Reference `sec:caps' on page 57 undefined on input line 4.


LaTeX Warning: Reference `thm:forster' on page 57 undefined on input line 8.


LaTeX Warning: Reference `lem:product-weights' on page 1 undefined on input lin
e 12.


LaTeX Warning: Reference `eq:structural' on page 57 undefined on input line 12.



LaTeX Warning: Reference `thm:main' on page 57 undefined on input line 20.


LaTeX Warning: Reference `thm:prob' on page 57 undefined on input line 20.


[57]

LaTeX Warning: Reference `thm:plane' on page 58 undefined on input line 32.

) (./appendices/experiments.tex

LaTeX Warning: Reference `thm:prf' on page 58 undefined on input line 7.


LaTeX Warning: Reference `thm:fast' on page 58 undefined on input line 15.


[58]
[59]

LaTeX Warning: Reference `lem:subgrid' on page 60 undefined on input line 59.

)

Package natbib Warning: There were undefined citations.


[60] (./paper.aux

Package natbib Warning: Citation(s) may have changed.
(natbib)                Rerun to get citations correct.

)

LaTeX Warning: There were undefined references.


LaTeX Warning: Label(s) may have changed. Rerun to get cross-references right.


Package rerunfilecheck Warning: File `paper.out' has changed.
(rerunfilecheck)                Rerun to get outlines right
(rerunfilecheck)                or use package `bookmark'.

 )
(see the transcript file for additional information)</usr/share/texlive/texmf-d
ist/fonts/type1/public/amsfonts/euler/eufm10.pfb></usr/share/texmf/fonts/type1/
public/lm/lmbx10.pfb></usr/share/texmf/fonts/type1/public/lm/lmbx12.pfb></usr/s
hare/texmf/fonts/type1/public/lm/lmbx6.pfb></usr/share/texmf/fonts/type1/public
/lm/lmbx8.pfb></usr/share/texmf/fonts/type1/public/lm/lmex10.pfb></usr/share/te
xmf/fonts/type1/public/lm/lmmi10.pfb></usr/share/texmf/fonts/type1/public/lm/lm
mi5.pfb></usr/share/texmf/fonts/type1/public/lm/lmmi6.pfb></usr/share/texmf/fon
ts/type1/public/lm/lmmi7.pfb></usr/share/texmf/fonts/type1/public/lm/lmmi8.pfb>
</usr/share/texmf/fonts/type1/public/lm/lmmi9.pfb></usr/share/texmf/fonts/type1
/public/lm/lmr10.pfb></usr/share/texmf/fonts/type1/public/lm/lmr12.pfb></usr/sh
are/texmf/fonts/type1/public/lm/lmr17.pfb></usr/share/texmf/fonts/type1/public/
lm/lmr6.pfb></usr/share/texmf/fonts/type1/public/lm/lmr7.pfb></usr/share/texmf/
fonts/type1/public/lm/lmr8.pfb></usr/share/texmf/fonts/type1/public/lm/lmr9.pfb
></usr/share/texmf/fonts/type1/public/lm/lmri10.pfb></usr/share/texmf/fonts/typ
e1/public/lm/lmri8.pfb></usr/share/texmf/fonts/type1/public/lm/lmsy10.pfb></usr
/share/texmf/fonts/type1/public/lm/lmsy5.pfb></usr/share/texmf/fonts/type1/publ
ic/lm/lmsy6.pfb></usr/share/texmf/fonts/type1/public/lm/lmsy7.pfb></usr/share/t
exmf/fonts/type1/public/lm/lmsy8.pfb></usr/share/texmf/fonts/type1/public/lm/lm
sy9.pfb></usr/share/texmf/fonts/type1/public/lm/lmtt10.pfb></usr/share/texlive/
texmf-dist/fonts/type1/public/amsfonts/symbols/msbm10.pfb>
Output written on paper.pdf (60 pages, 826041 bytes).
Transcript written on paper.log.
