This is pdfTeX, Version 3.141592653-2.6-1.40.26 (TeX Live 2025/dev/Debian) (preloaded format=pdflatex)
 restricted \write18 enabled.
entering extended mode
(./paper.tex
LaTeX2e <2024-11-01> patch level 2
L3 programming layer <2025-01-18>
(/usr/share/texlive/texmf-dist/tex/latex/base/article.cls
Document Class: article 2024/06/29 v1.4n Standard LaTeX document class
(/usr/share/texlive/texmf-dist/tex/latex/base/size11.clo)) (./preamble.tex
(/usr/share/texlive/texmf-dist/tex/latex/base/fontenc.sty)
(/usr/share/texlive/texmf-dist/tex/latex/base/inputenc.sty)
(/usr/share/texmf/tex/latex/lm/lmodern.sty)
(/usr/share/texlive/texmf-dist/tex/latex/microtype/microtype.sty
(/usr/share/texlive/texmf-dist/tex/latex/graphics/keyval.sty)
(/usr/share/texlive/texmf-dist/tex/latex/etoolbox/etoolbox.sty)
(/usr/share/texlive/texmf-dist/tex/latex/microtype/microtype-pdftex.def)
(/usr/share/texlive/texmf-dist/tex/latex/microtype/microtype.cfg))
(/usr/share/texlive/texmf-dist/tex/latex/amsmath/amsmath.sty
For additional information on amsmath, use the `?' option.
(/usr/share/texlive/texmf-dist/tex/latex/amsmath/amstext.sty
(/usr/share/texlive/texmf-dist/tex/latex/amsmath/amsgen.sty))
(/usr/share/texlive/texmf-dist/tex/latex/amsmath/amsbsy.sty)
(/usr/share/texlive/texmf-dist/tex/latex/amsmath/amsopn.sty))
(/usr/share/texlive/texmf-dist/tex/latex/amsfonts/amssymb.sty
(/usr/share/texlive/texmf-dist/tex/latex/amsfonts/amsfonts.sty))
(/usr/share/texlive/texmf-dist/tex/latex/amscls/amsthm.sty)
(/usr/share/texlive/texmf-dist/tex/latex/mathtools/mathtools.sty
(/usr/share/texlive/texmf-dist/tex/latex/tools/calc.sty)
(/usr/share/texlive/texmf-dist/tex/latex/mathtools/mhsetup.sty))
(/usr/share/texlive/texmf-dist/tex/latex/thmtools/thmtools.sty
(/usr/share/texlive/texmf-dist/tex/latex/thmtools/thm-patch.sty
(/usr/share/texlive/texmf-dist/tex/latex/thmtools/parseargs.sty))
(/usr/share/texlive/texmf-dist/tex/latex/thmtools/thm-kv.sty
(/usr/share/texlive/texmf-dist/tex/latex/kvsetkeys/kvsetkeys.sty))
(/usr/share/texlive/texmf-dist/tex/latex/thmtools/thm-autoref.sty
(/usr/share/texlive/texmf-dist/tex/latex/thmtools/aliasctr.sty))
(/usr/share/texlive/texmf-dist/tex/latex/thmtools/thm-listof.sty)
(/usr/share/texlive/texmf-dist/tex/latex/thmtools/thm-restate.sty)
(/usr/share/texlive/texmf-dist/tex/latex/thmtools/thm-amsthm.sty))
(/usr/share/texlive/texmf-dist/tex/latex/tools/bm.sty)
(/usr/share/texlive/texmf-dist/tex/latex/geometry/geometry.sty
(/usr/share/texlive/texmf-dist/tex/generic/iftex/ifvtex.sty
(/usr/share/texlive/texmf-dist/tex/generic/iftex/iftex.sty)))
(/usr/share/texlive/texmf-dist/tex/latex/booktabs/booktabs.sty)
(/usr/share/texlive/texmf-dist/tex/latex/tools/array.sty)
(/usr/share/texlive/texmf-dist/tex/latex/tools/tabularx.sty)
(/usr/share/texlive/texmf-dist/tex/latex/tools/longtable.sty)
(/usr/share/texlive/texmf-dist/tex/latex/enumitem/enumitem.sty)
(/usr/share/texlive/texmf-dist/tex/latex/siunitx/siunitx.sty
(/usr/share/texlive/texmf-dist/tex/latex/translations/translations.sty
(/usr/share/texlive/texmf-dist/tex/generic/pdftexcmds/pdftexcmds.sty
(/usr/share/texlive/texmf-dist/tex/generic/infwarerr/infwarerr.sty)
(/usr/share/texlive/texmf-dist/tex/generic/ltxcmds/ltxcmds.sty))))
(/usr/share/texlive/texmf-dist/tex/latex/xcolor/xcolor.sty
(/usr/share/texlive/texmf-dist/tex/latex/graphics-cfg/color.cfg)
(/usr/share/texlive/texmf-dist/tex/latex/graphics-def/pdftex.def)
(/usr/share/texlive/texmf-dist/tex/latex/graphics/mathcolor.ltx))
(/usr/share/texlive/texmf-dist/tex/latex/needspace/needspace.sty)
(/usr/share/texlive/texmf-dist/tex/latex/pgf/frontendlayer/tikz.sty
(/usr/share/texlive/texmf-dist/tex/latex/pgf/basiclayer/pgf.sty
(/usr/share/texlive/texmf-dist/tex/latex/pgf/utilities/pgfrcs.sty
(/usr/share/texlive/texmf-dist/tex/generic/pgf/utilities/pgfutil-common.tex)
(/usr/share/texlive/texmf-dist/tex/generic/pgf/utilities/pgfutil-latex.def)
(/usr/share/texlive/texmf-dist/tex/generic/pgf/utilities/pgfrcs.code.tex
(/usr/share/texlive/texmf-dist/tex/generic/pgf/pgf.revision.tex)))
(/usr/share/texlive/texmf-dist/tex/latex/pgf/basiclayer/pgfcore.sty
(/usr/share/texlive/texmf-dist/tex/latex/graphics/graphicx.sty
(/usr/share/texlive/texmf-dist/tex/latex/graphics/graphics.sty
(/usr/share/texlive/texmf-dist/tex/latex/graphics/trig.sty)
(/usr/share/texlive/texmf-dist/tex/latex/graphics-cfg/graphics.cfg)))
(/usr/share/texlive/texmf-dist/tex/latex/pgf/systemlayer/pgfsys.sty
(/usr/share/texlive/texmf-dist/tex/generic/pgf/systemlayer/pgfsys.code.tex
(/usr/share/texlive/texmf-dist/tex/generic/pgf/utilities/pgfkeys.code.tex
(/usr/share/texlive/texmf-dist/tex/generic/pgf/utilities/pgfkeyslibraryfiltered
.code.tex)) (/usr/share/texlive/texmf-dist/tex/generic/pgf/systemlayer/pgf.cfg)
(/usr/share/texlive/texmf-dist/tex/generic/pgf/systemlayer/pgfsys-pdftex.def
(/usr/share/texlive/texmf-dist/tex/generic/pgf/systemlayer/pgfsys-common-pdf.de
f)))
(/usr/share/texlive/texmf-dist/tex/generic/pgf/systemlayer/pgfsyssoftpath.code.
tex)
(/usr/share/texlive/texmf-dist/tex/generic/pgf/systemlayer/pgfsysprotocol.code.
tex))
(/usr/share/texlive/texmf-dist/tex/generic/pgf/basiclayer/pgfcore.code.tex
(/usr/share/texlive/texmf-dist/tex/generic/pgf/math/pgfmath.code.tex
(/usr/share/texlive/texmf-dist/tex/generic/pgf/math/pgfmathutil.code.tex)
(/usr/share/texlive/texmf-dist/tex/generic/pgf/math/pgfmathparser.code.tex)
(/usr/share/texlive/texmf-dist/tex/generic/pgf/math/pgfmathfunctions.code.tex)
(/usr/share/texlive/texmf-dist/tex/generic/pgf/math/pgfmathfunctions.basic.code
.tex)
(/usr/share/texlive/texmf-dist/tex/generic/pgf/math/pgfmathfunctions.trigonomet
ric.code.tex)
(/usr/share/texlive/texmf-dist/tex/generic/pgf/math/pgfmathfunctions.random.cod
e.tex)
(/usr/share/texlive/texmf-dist/tex/generic/pgf/math/pgfmathfunctions.comparison
.code.tex)
(/usr/share/texlive/texmf-dist/tex/generic/pgf/math/pgfmathfunctions.base.code.
tex)
(/usr/share/texlive/texmf-dist/tex/generic/pgf/math/pgfmathfunctions.round.code
.tex)
(/usr/share/texlive/texmf-dist/tex/generic/pgf/math/pgfmathfunctions.misc.code.
tex)
(/usr/share/texlive/texmf-dist/tex/generic/pgf/math/pgfmathfunctions.integerari
thmetics.code.tex)
(/usr/share/texlive/texmf-dist/tex/generic/pgf/math/pgfmathcalc.code.tex)
(/usr/share/texlive/texmf-dist/tex/generic/pgf/math/pgfmathfloat.code.tex))
(/usr/share/texlive/texmf-dist/tex/generic/pgf/math/pgfint.code.tex)
(/usr/share/texlive/texmf-dist/tex/generic/pgf/basiclayer/pgfcorepoints.code.te
x)
(/usr/share/texlive/texmf-dist/tex/generic/pgf/basiclayer/pgfcorepathconstruct.
code.tex)
(/usr/share/texlive/texmf-dist/tex/generic/pgf/basiclayer/pgfcorepathusage.code
.tex)
(/usr/share/texlive/texmf-dist/tex/generic/pgf/basiclayer/pgfcorescopes.code.te
x)
(/usr/share/texlive/texmf-dist/tex/generic/pgf/basiclayer/pgfcoregraphicstate.c
ode.tex)
(/usr/share/texlive/texmf-dist/tex/generic/pgf/basiclayer/pgfcoretransformation
s.code.tex)
(/usr/share/texlive/texmf-dist/tex/generic/pgf/basiclayer/pgfcorequick.code.tex
)
(/usr/share/texlive/texmf-dist/tex/generic/pgf/basiclayer/pgfcoreobjects.code.t
ex)
(/usr/share/texlive/texmf-dist/tex/generic/pgf/basiclayer/pgfcorepathprocessing
.code.tex)
(/usr/share/texlive/texmf-dist/tex/generic/pgf/basiclayer/pgfcorearrows.code.te
x)
(/usr/share/texlive/texmf-dist/tex/generic/pgf/basiclayer/pgfcoreshade.code.tex
)
(/usr/share/texlive/texmf-dist/tex/generic/pgf/basiclayer/pgfcoreimage.code.tex
)
(/usr/share/texlive/texmf-dist/tex/generic/pgf/basiclayer/pgfcoreexternal.code.
tex)
(/usr/share/texlive/texmf-dist/tex/generic/pgf/basiclayer/pgfcorelayers.code.te
x)
(/usr/share/texlive/texmf-dist/tex/generic/pgf/basiclayer/pgfcoretransparency.c
ode.tex)
(/usr/share/texlive/texmf-dist/tex/generic/pgf/basiclayer/pgfcorepatterns.code.
tex)
(/usr/share/texlive/texmf-dist/tex/generic/pgf/basiclayer/pgfcorerdf.code.tex))
)
(/usr/share/texlive/texmf-dist/tex/generic/pgf/modules/pgfmoduleshapes.code.tex
) (/usr/share/texlive/texmf-dist/tex/generic/pgf/modules/pgfmoduleplot.code.tex
)
(/usr/share/texlive/texmf-dist/tex/latex/pgf/compatibility/pgfcomp-version-0-65
.sty)
(/usr/share/texlive/texmf-dist/tex/latex/pgf/compatibility/pgfcomp-version-1-18
.sty)) (/usr/share/texlive/texmf-dist/tex/latex/pgf/utilities/pgffor.sty
(/usr/share/texlive/texmf-dist/tex/latex/pgf/utilities/pgfkeys.sty
(/usr/share/texlive/texmf-dist/tex/generic/pgf/utilities/pgfkeys.code.tex))
(/usr/share/texlive/texmf-dist/tex/latex/pgf/math/pgfmath.sty
(/usr/share/texlive/texmf-dist/tex/generic/pgf/math/pgfmath.code.tex))
(/usr/share/texlive/texmf-dist/tex/generic/pgf/utilities/pgffor.code.tex))
(/usr/share/texlive/texmf-dist/tex/generic/pgf/frontendlayer/tikz/tikz.code.tex

(/usr/share/texlive/texmf-dist/tex/generic/pgf/libraries/pgflibraryplothandlers
.code.tex)
(/usr/share/texlive/texmf-dist/tex/generic/pgf/modules/pgfmodulematrix.code.tex
)
(/usr/share/texlive/texmf-dist/tex/generic/pgf/frontendlayer/tikz/libraries/tik
zlibrarytopaths.code.tex)))
(/usr/share/texlive/texmf-dist/tex/generic/pgf/frontendlayer/tikz/libraries/tik
zlibrarymatrix.code.tex)
(/usr/share/texlive/texmf-dist/tex/generic/pgf/libraries/pgflibraryarrows.meta.
code.tex)
(/usr/share/texlive/texmf-dist/tex/generic/pgf/frontendlayer/tikz/libraries/tik
zlibrarypositioning.code.tex)
(/usr/share/texlive/texmf-dist/tex/generic/pgf/frontendlayer/tikz/libraries/tik
zlibrarycalc.code.tex)
(/usr/share/texlive/texmf-dist/tex/generic/pgf/frontendlayer/tikz/libraries/tik
zlibraryfit.code.tex)
(/usr/share/texlive/texmf-dist/tex/generic/pgf/frontendlayer/tikz/libraries/tik
zlibrarybackgrounds.code.tex)
(/usr/share/texlive/texmf-dist/tex/generic/pgf/frontendlayer/tikz/libraries/tik
zlibrarydecorations.pathreplacing.code.tex
(/usr/share/texlive/texmf-dist/tex/generic/pgf/frontendlayer/tikz/libraries/tik
zlibrarydecorations.code.tex
(/usr/share/texlive/texmf-dist/tex/generic/pgf/modules/pgfmoduledecorations.cod
e.tex))
(/usr/share/texlive/texmf-dist/tex/generic/pgf/libraries/decorations/pgflibrary
decorations.pathreplacing.code.tex))
(/usr/share/texlive/texmf-dist/tex/latex/pgfplots/pgfplots.sty
(/usr/share/texlive/texmf-dist/tex/generic/pgfplots/pgfplots.revision.tex)
(/usr/share/texlive/texmf-dist/tex/generic/pgfplots/pgfplots.code.tex
(/usr/share/texlive/texmf-dist/tex/generic/pgfplots/pgfplotscore.code.tex
(/usr/share/texlive/texmf-dist/tex/generic/pgfplots/sys/pgfplotssysgeneric.code
.tex))
(/usr/share/texlive/texmf-dist/tex/generic/pgfplots/libs/pgfplotslibrary.code.t
ex)
(/usr/share/texlive/texmf-dist/tex/generic/pgfplots/oldpgfcompatib/pgfplotsoldp
gfsupp_loader.code.tex
(/usr/share/texlive/texmf-dist/tex/generic/pgf/libraries/pgflibraryfpu.code.tex
)
Package pgfplots: loading complementary utilities for your pgf version...

(/usr/share/texlive/texmf-dist/tex/generic/pgfplots/oldpgfcompatib/pgfplotsoldp
gfsupp_pgfutil-common-lists.tex))
(/usr/share/texlive/texmf-dist/tex/generic/pgfplots/util/pgfplotsutil.code.tex
(/usr/share/texlive/texmf-dist/tex/generic/pgfplots/liststructure/pgfplotslists
tructure.code.tex)
(/usr/share/texlive/texmf-dist/tex/generic/pgfplots/liststructure/pgfplotslists
tructureext.code.tex)
(/usr/share/texlive/texmf-dist/tex/generic/pgfplots/liststructure/pgfplotsarray
.code.tex)
(/usr/share/texlive/texmf-dist/tex/generic/pgfplots/liststructure/pgfplotsmatri
x.code.tex)
(/usr/share/texlive/texmf-dist/tex/generic/pgfplots/numtable/pgfplotstableshare
d.code.tex)
(/usr/share/texlive/texmf-dist/tex/generic/pgfplots/liststructure/pgfplotsdeque
.code.tex)
(/usr/share/texlive/texmf-dist/tex/generic/pgfplots/util/pgfplotsbinary.code.te
x
(/usr/share/texlive/texmf-dist/tex/generic/pgfplots/util/pgfplotsbinary.data.co
de.tex))
(/usr/share/texlive/texmf-dist/tex/generic/pgfplots/util/pgfplotsutil.verb.code
.tex)
(/usr/share/texlive/texmf-dist/tex/generic/pgfplots/libs/pgflibrarypgfplots.sur
fshading.code.tex
(/usr/share/texlive/texmf-dist/tex/generic/pgfplots/sys/pgflibrarypgfplots.surf
shading.pgfsys-pdftex.def)))
(/usr/share/texlive/texmf-dist/tex/generic/pgfplots/util/pgfplotscolormap.code.
tex
(/usr/share/texlive/texmf-dist/tex/generic/pgfplots/util/pgfplotscolor.code.tex
))
(/usr/share/texlive/texmf-dist/tex/generic/pgfplots/pgfplotsstackedplots.code.t
ex)
(/usr/share/texlive/texmf-dist/tex/generic/pgfplots/pgfplotsplothandlers.code.t
ex
(/usr/share/texlive/texmf-dist/tex/generic/pgfplots/pgfplotsmeshplothandler.cod
e.tex
(/usr/share/texlive/texmf-dist/tex/generic/pgfplots/pgfplotsmeshplotimage.code.
tex)))
(/usr/share/texlive/texmf-dist/tex/generic/pgfplots/pgfplots.scaling.code.tex)
(/usr/share/texlive/texmf-dist/tex/generic/pgfplots/pgfplotscoordprocessing.cod
e.tex)
(/usr/share/texlive/texmf-dist/tex/generic/pgfplots/pgfplots.errorbars.code.tex
) (/usr/share/texlive/texmf-dist/tex/generic/pgfplots/pgfplots.markers.code.tex
) (/usr/share/texlive/texmf-dist/tex/generic/pgfplots/pgfplotsticks.code.tex)
(/usr/share/texlive/texmf-dist/tex/generic/pgfplots/pgfplots.paths.code.tex)
(/usr/share/texlive/texmf-dist/tex/generic/pgf/frontendlayer/tikz/libraries/tik
zlibrarydecorations.pathmorphing.code.tex
(/usr/share/texlive/texmf-dist/tex/generic/pgf/libraries/decorations/pgflibrary
decorations.pathmorphing.code.tex))
(/usr/share/texlive/texmf-dist/tex/generic/pgfplots/libs/tikzlibrarypgfplots.co
ntourlua.code.tex))
(/usr/share/texlive/texmf-dist/tex/generic/pgf/frontendlayer/tikz/libraries/tik
zlibraryplotmarks.code.tex
(/usr/share/texlive/texmf-dist/tex/generic/pgf/libraries/pgflibraryplotmarks.co
de.tex))) (/usr/share/texlive/texmf-dist/tex/latex/algorithm2e/algorithm2e.sty
(/usr/share/texlive/texmf-dist/tex/latex/base/ifthen.sty)
(/usr/share/texlive/texmf-dist/tex/latex/ifoddpage/ifoddpage.sty)
(/usr/share/texlive/texmf-dist/tex/latex/tools/xspace.sty)
(/usr/share/texlive/texmf-dist/tex/latex/relsize/relsize.sty))
(/usr/share/texlive/texmf-dist/tex/latex/natbib/natbib.sty)
(/usr/share/texlive/texmf-dist/tex/latex/tools/xr.sty)
(/usr/share/texlive/texmf-dist/tex/latex/hyperref/hyperref.sty
(/usr/share/texlive/texmf-dist/tex/generic/kvdefinekeys/kvdefinekeys.sty)
(/usr/share/texlive/texmf-dist/tex/generic/pdfescape/pdfescape.sty)
(/usr/share/texlive/texmf-dist/tex/latex/hycolor/hycolor.sty)
(/usr/share/texlive/texmf-dist/tex/latex/hyperref/nameref.sty
(/usr/share/texlive/texmf-dist/tex/latex/refcount/refcount.sty)
(/usr/share/texlive/texmf-dist/tex/generic/gettitlestring/gettitlestring.sty
(/usr/share/texlive/texmf-dist/tex/latex/kvoptions/kvoptions.sty)))
(/usr/share/texlive/texmf-dist/tex/generic/stringenc/stringenc.sty)
(/usr/share/texlive/texmf-dist/tex/latex/hyperref/pd1enc.def)
(/usr/share/texlive/texmf-dist/tex/generic/intcalc/intcalc.sty)
(/usr/share/texlive/texmf-dist/tex/latex/hyperref/puenc.def)
(/usr/share/texlive/texmf-dist/tex/latex/url/url.sty)
(/usr/share/texlive/texmf-dist/tex/generic/bitset/bitset.sty
(/usr/share/texlive/texmf-dist/tex/generic/bigintcalc/bigintcalc.sty))
(/usr/share/texlive/texmf-dist/tex/latex/base/atbegshi-ltx.sty))
(/usr/share/texlive/texmf-dist/tex/latex/hyperref/hpdftex.def
(/usr/share/texlive/texmf-dist/tex/latex/base/atveryend-ltx.sty)
(/usr/share/texlive/texmf-dist/tex/latex/rerunfilecheck/rerunfilecheck.sty
(/usr/share/texlive/texmf-dist/tex/generic/uniquecounter/uniquecounter.sty)))
(/usr/share/texlive/texmf-dist/tex/latex/cleveref/cleveref.sty))
(/usr/share/texmf/tex/latex/lm/t1lmr.fd)
(/usr/share/texlive/texmf-dist/tex/latex/l3backend/l3backend-pdftex.def)
No file paper.aux.
(/usr/share/texlive/texmf-dist/tex/latex/microtype/mt-cmr.cfg)
*geometry* driver: auto-detecting
*geometry* detected driver: pdftex

(/usr/share/texlive/texmf-dist/tex/latex/translations/translations-basic-dictio
nary-english.trsl)
(/usr/share/texlive/texmf-dist/tex/context/base/mkii/supp-pdf.mkii
[Loading MPS to PDF converter (version 2006.09.02).]
) (/usr/share/texlive/texmf-dist/tex/latex/epstopdf-pkg/epstopdf-base.sty
(/usr/share/texlive/texmf-dist/tex/latex/grfext/grfext.sty)
(/usr/share/texlive/texmf-dist/tex/latex/latexconfig/epstopdf-sys.cfg))
Package pgfplots notification 'compat/show suggested version=true': document ha
s been generated with the most recent feature set (\pgfplotsset{compat=1.18}).

(/usr/share/texmf/tex/latex/lm/ot1lmr.fd)
(/usr/share/texmf/tex/latex/lm/omllmm.fd)
(/usr/share/texmf/tex/latex/lm/omslmsy.fd)
(/usr/share/texmf/tex/latex/lm/omxlmex.fd)
(/usr/share/texlive/texmf-dist/tex/latex/amsfonts/umsa.fd)
(/usr/share/texlive/texmf-dist/tex/latex/microtype/mt-msa.cfg)
(/usr/share/texlive/texmf-dist/tex/latex/amsfonts/umsb.fd)
(/usr/share/texlive/texmf-dist/tex/latex/microtype/mt-msb.cfg) (./abstract.tex)
 (./sections/01_introduction.tex

Package natbib Warning: Citation `FKS26' on page 1 undefined on input line 2.


LaTeX Warning: Reference `sec:preliminaries' on page 1 undefined on input line 
10.


[1{/var/lib/texmf/fonts/map/pdftex/updmap/pdftex.map}{/usr/share/texmf/fonts/en
c/dvips/lm/lm-ec.enc}{/usr/share/texmf/fonts/enc/dvips/lm/lm-rm.enc}{/usr/share
/texmf/fonts/enc/dvips/lm/lm-mathit.enc}{/usr/share/texmf/fonts/enc/dvips/lm/lm
-mathsy.enc}]

LaTeX Warning: Reference `lem:params' on page 1 undefined on input line 31.


LaTeX Warning: Reference `thm:proper' on page 1 undefined on input line 31.


LaTeX Warning: Reference `thm:caps' on page 1 undefined on input line 31.


LaTeX Warning: Reference `lem:exact-prob' on page 1 undefined on input line 31.



LaTeX Warning: Reference `thm:prob' on page 1 undefined on input line 31.


LaTeX Warning: Reference `thm:construction' on page 1 undefined on input line 3
1.

(/usr/share/texmf/tex/latex/lm/ts1lmr.fd)

LaTeX Warning: Reference `lem:params' on page 1 undefined on input line 38.


LaTeX Warning: Reference `thm:main' on page 1 undefined on input line 38.


LaTeX Warning: Reference `cor:negative-answer' on page 1 undefined on input lin
e 39.


LaTeX Warning: Reference `thm:proper' on page 1 undefined on input line 40.


LaTeX Warning: Reference `thm:caps' on page 1 undefined on input line 40.


LaTeX Warning: Reference `cor:fastprf' on page 1 undefined on input line 41.


LaTeX Warning: Reference `thm:prf' on page 1 undefined on input line 41.


LaTeX Warning: Reference `thm:fast' on page 1 undefined on input line 41.


LaTeX Warning: Reference `thm:halfspaces' on page 1 undefined on input line 42.



LaTeX Warning: Reference `thm:barrier' on page 1 undefined on input line 42.


LaTeX Warning: Reference `thm:communication' on page 1 undefined on input line 
42.


LaTeX Warning: Reference `prop:unseen' on page 1 undefined on input line 43.


LaTeX Warning: Reference `thm:classicalbarrier' on page 1 undefined on input li
ne 43.


LaTeX Warning: Reference `thm:description' on page 1 undefined on input line 43
.


LaTeX Warning: Reference `cor:engineered' on page 1 undefined on input line 43.



LaTeX Warning: Reference `thm:adapt' on page 1 undefined on input line 43.


Package natbib Warning: Citation `HHPTZ22' on page 2 undefined on input line 57
.


Package natbib Warning: Citation `Warren68' on page 2 undefined on input line 5
7.


Package natbib Warning: Citation `AMY16' on page 2 undefined on input line 57.


Package natbib Warning: Citation `APP05' on page 2 undefined on input line 57.


Package natbib Warning: Citation `HHPTZ22' on page 2 undefined on input line 57
.


LaTeX Warning: Reference `prop:cap-bound' on page 1 undefined on input line 57.



Package natbib Warning: Citation `HHPTZ22' on page 2 undefined on input line 57
.


Package natbib Warning: Citation `Feldman17' on page 2 undefined on input line 
57.


Package natbib Warning: Citation `AKMSS21' on page 2 undefined on input line 57
.


Underfull \hbox (badness 2591) in paragraph at lines 57--57
[]|\T1/lmr/m/n/10 (+20) SQ and differentiable-learning

LaTeX Warning: Reference `sec:rsd' on page 1 undefined on input line 57.


LaTeX Warning: Reference `sec:resources' on page 1 undefined on input line 57.


LaTeX Warning: Reference `sec:rectangle' on page 1 undefined on input line 62.


LaTeX Warning: Reference `sec:construction' on page 1 undefined on input line 6
2.


LaTeX Warning: Reference `sec:explicit' on page 1 undefined on input line 62.


LaTeX Warning: Reference `sec:learners' on page 1 undefined on input line 62.


LaTeX Warning: Reference `sec:characterizations' on page 1 undefined on input l
ine 62.


LaTeX Warning: Reference `sec:resources' on page 1 undefined on input line 62.


LaTeX Warning: Reference `sec:discussion' on page 1 undefined on input line 62.


) (./sections/02_preliminaries.tex
[2{/usr/share/texmf/fonts/enc/dvips/lm/lm-mathex.enc}{/usr/share/texmf/fonts/en
c/dvips/lm/lm-ts1.enc}]

Package natbib Warning: Citation `Kearns98' on page 3 undefined on input line 1
0.


pdfTeX warning (ext4): destination with the same identifier (name{equation.1}) 
has been already used, duplicate ignored
<to be read again> 
                   \relax 
l.11 \begin{equation}
                     \label{eq:guarantee}
pdfTeX warning (ext4): destination with the same identifier (name{equation.1}) 
has been already used, duplicate ignored
<to be read again> 
                   \relax 
l.11 \begin{equation}
                     \label{eq:guarantee}
pdfTeX warning (ext4): destination with the same identifier (name{equation.1}) 
has been already used, duplicate ignored
<to be read again> 
                   \relax 
l.11 \begin{equation}
                     \label{eq:guarantee}
pdfTeX warning (ext4): destination with the same identifier (name{equation.1}) 
has been already used, duplicate ignored
<to be read again> 
                   \relax 
l.11 \begin{equation}
                     \label{eq:guarantee}

Package natbib Warning: Citation `BDES02' on page 3 undefined on input line 17.



pdfTeX warning (ext4): destination with the same identifier (name{equation.2}) 
has been already used, duplicate ignored
<to be read again> 
                   \relax 
l.18 \begin{equation}
                     \label{eq:strict}
pdfTeX warning (ext4): destination with the same identifier (name{equation.2}) 
has been already used, duplicate ignored
<to be read again> 
                   \relax 
l.18 \begin{equation}
                     \label{eq:strict}
pdfTeX warning (ext4): destination with the same identifier (name{equation.2}) 
has been already used, duplicate ignored
<to be read again> 
                   \relax 
l.18 \begin{equation}
                     \label{eq:strict}
pdfTeX warning (ext4): destination with the same identifier (name{equation.2}) 
has been already used, duplicate ignored
<to be read again> 
                   \relax 
l.18 \begin{equation}
                     \label{eq:strict}
pdfTeX warning (ext4): destination with the same identifier (name{equation.3}) 
has been already used, duplicate ignored
<to be read again> 
                   \relax 
l.25 \begin{equation}
                     \label{eq:prob-definition}
pdfTeX warning (ext4): destination with the same identifier (name{equation.3}) 
has been already used, duplicate ignored
<to be read again> 
                   \relax 
l.25 \begin{equation}
                     \label{eq:prob-definition}
pdfTeX warning (ext4): destination with the same identifier (name{equation.3}) 
has been already used, duplicate ignored
<to be read again> 
                   \relax 
l.25 \begin{equation}
                     \label{eq:prob-definition}
pdfTeX warning (ext4): destination with the same identifier (name{equation.3}) 
has been already used, duplicate ignored
<to be read again> 
                   \relax 
l.25 \begin{equation}
                     \label{eq:prob-definition}
[3]

Package natbib Warning: Citation `CMW25' on page 4 undefined on input line 29.


Package natbib Warning: Citation `KMS20' on page 4 undefined on input line 29.


LaTeX Warning: Reference `eq:prob-definition' on page 4 undefined on input line
 37.


LaTeX Warning: Reference `eq:approx-definition' on page 4 undefined on input li
ne 37.


LaTeX Warning: Reference `lem:ties' on page 1 undefined on input line 37.


LaTeX Warning: Reference `lem:params' on page 1 undefined on input line 61.


LaTeX Warning: Reference `lem:params' on page 1 undefined on input line 61.


[4]

LaTeX Warning: Reference `lem:exact-prob' on page 1 undefined on input line 96.



LaTeX Warning: Reference `thm:prob' on page 1 undefined on input line 96.


LaTeX Warning: Reference `app:referee' on page 1 undefined on input line 98.

) (./sections/03_rectangle.tex

LaTeX Warning: Reference `eq:guarantee' on page 5 undefined on input line 4.


LaTeX Warning: Reference `thm:main' on page 1 undefined on input line 14.


pdfTeX warning (ext4): destination with the same identifier (name{equation.1}) 
has been already used, duplicate ignored
<to be read again> 
                   \relax 
l.18 \end{align}
                
pdfTeX warning (ext4): destination with the same identifier (name{equation.2}) 
has been already used, duplicate ignored
<to be read again> 
                   \relax 
l.18 \end{align}
                
pdfTeX warning (ext4): destination with the same identifier (name{equation.3}) 
has been already used, duplicate ignored
<to be read again> 
                   \relax 
l.25 \begin{equation}
                     \label{eq:coverage}
pdfTeX warning (ext4): destination with the same identifier (name{equation.3}) 
has been already used, duplicate ignored
<to be read again> 
                   \relax 
l.25 \begin{equation}
                     \label{eq:coverage}
pdfTeX warning (ext4): destination with the same identifier (name{equation.3}) 
has been already used, duplicate ignored
<to be read again> 
                   \relax 
l.25 \begin{equation}
                     \label{eq:coverage}
pdfTeX warning (ext4): destination with the same identifier (name{equation.3}) 
has been already used, duplicate ignored
<to be read again> 
                   \relax 
l.25 \begin{equation}
                     \label{eq:coverage}

LaTeX Warning: Reference `lem:finite-minimax' on page 1 undefined on input line
 35.


[5
pdfTeX warning (ext4): destination with the same identifier (name{lemma.2}) has
 been already used, duplicate ignored
<argument> ...shipout:D \box_use:N \l_shipout_box 
                                                  \__shipout_drop_firstpage_...
l.36 \end{proof}
                
pdfTeX warning (ext4): destination with the same identifier (name{lemma.3}) has
 been already used, duplicate ignored
<argument> ...shipout:D \box_use:N \l_shipout_box 
                                                  \__shipout_drop_firstpage_...
l.36 \end{proof}
                ]

LaTeX Warning: Reference `lem:params' on page 1 undefined on input line 41.


LaTeX Warning: Reference `lem:mixture' on page 1 undefined on input line 53.


LaTeX Warning: Reference `fig:round' on page 1 undefined on input line 57.

(./figures/rectify_round.tex

LaTeX Warning: Reference `thm:main' on page 1 undefined on input line 33.


LaTeX Warning: Reference `thm:main' on page 1 undefined on input line 33.

)

LaTeX Warning: Reference `sec:caps' on page 1 undefined on input line 61.


[6]

LaTeX Warning: Reference `thm:main' on page 7 undefined on input line 63.


pdfTeX warning (ext4): destination with the same identifier (name{equation.4}) 
has been already used, duplicate ignored
<to be read again> 
                   \relax 
l.65 \begin{equation}
                     \label{eq:tau-small}
pdfTeX warning (ext4): destination with the same identifier (name{equation.4}) 
has been already used, duplicate ignored
<to be read again> 
                   \relax 
l.65 \begin{equation}
                     \label{eq:tau-small}
pdfTeX warning (ext4): destination with the same identifier (name{equation.4}) 
has been already used, duplicate ignored
<to be read again> 
                   \relax 
l.65 \begin{equation}
                     \label{eq:tau-small}
pdfTeX warning (ext4): destination with the same identifier (name{equation.4}) 
has been already used, duplicate ignored
<to be read again> 
                   \relax 
l.65 \begin{equation}
                     \label{eq:tau-small}
pdfTeX warning (ext4): destination with the same identifier (name{equation.5}) 
has been already used, duplicate ignored
<to be read again> 
                   \relax 
l.85 \begin{equation}
                     \label{eq:elim-budget}
pdfTeX warning (ext4): destination with the same identifier (name{equation.5}) 
has been already used, duplicate ignored
<to be read again> 
                   \relax 
l.85 \begin{equation}
                     \label{eq:elim-budget}
pdfTeX warning (ext4): destination with the same identifier (name{equation.5}) 
has been already used, duplicate ignored
<to be read again> 
                   \relax 
l.85 \begin{equation}
                     \label{eq:elim-budget}
pdfTeX warning (ext4): destination with the same identifier (name{equation.5}) 
has been already used, duplicate ignored
<to be read again> 
                   \relax 
l.85 \begin{equation}
                     \label{eq:elim-budget}

LaTeX Warning: Reference `eq:coverage' on page 7 undefined on input line 96.


LaTeX Warning: Reference `eq:elim-budget' on page 7 undefined on input line 104
.


LaTeX Warning: Reference `eq:drift' on page 7 undefined on input line 114.


[7]

LaTeX Warning: Reference `eq:total-budget' on page 8 undefined on input line 11
8.


LaTeX Warning: Reference `thm:main' on page 8 undefined on input line 127.

) (./sections/04_family.tex (./figures/template_flip.tex

LaTeX Warning: Reference `thm:construction' on page 1 undefined on input line 1
25.


LaTeX Warning: Reference `thm:construction' on page 1 undefined on input line 1
25.

)
pdfTeX warning (ext4): destination with the same identifier (name{theorem.1}) h
as been already used, duplicate ignored
<to be read again> 
                   \relax 
l.7 ...eorem}[Construction and ordinary dimension]
                                                  \label{thm:construction}
pdfTeX warning (ext4): destination with the same identifier (name{equation.1}) 
has been already used, duplicate ignored
<to be read again> 
                   \relax 
l.9 \begin{equation}
                    \label{eq:I}
pdfTeX warning (ext4): destination with the same identifier (name{equation.1}) 
has been already used, duplicate ignored
<to be read again> 
                   \relax 
l.9 \begin{equation}
                    \label{eq:I}
pdfTeX warning (ext4): destination with the same identifier (name{equation.1}) 
has been already used, duplicate ignored
<to be read again> 
                   \relax 
l.9 \begin{equation}
                    \label{eq:I}
pdfTeX warning (ext4): destination with the same identifier (name{equation.1}) 
has been already used, duplicate ignored
<to be read again> 
                   \relax 
l.9 \begin{equation}
                    \label{eq:I}
[8]

LaTeX Warning: Reference `thm:main' on page 1 undefined on input line 16.


LaTeX Warning: Reference `app:oldgeometry' on page 9 undefined on input line 16
.


LaTeX Warning: Reference `eq:I' on page 9 undefined on input line 27.


Package natbib Warning: Citation `APP05' on page 9 undefined on input line 29.


Package natbib Warning: Citation `HHPTZ22' on page 9 undefined on input line 29
.


LaTeX Warning: Reference `lem:product-weights' on page 1 undefined on input lin
e 29.


pdfTeX warning (ext4): destination with the same identifier (name{equation.2}) 
has been already used, duplicate ignored
<to be read again> 
                   \relax 
l.30 \begin{equation}
                     \label{eq:sharp-rect}
pdfTeX warning (ext4): destination with the same identifier (name{equation.2}) 
has been already used, duplicate ignored
<to be read again> 
                   \relax 
l.30 \begin{equation}
                     \label{eq:sharp-rect}
pdfTeX warning (ext4): destination with the same identifier (name{equation.2}) 
has been already used, duplicate ignored
<to be read again> 
                   \relax 
l.30 \begin{equation}
                     \label{eq:sharp-rect}
pdfTeX warning (ext4): destination with the same identifier (name{equation.2}) 
has been already used, duplicate ignored
<to be read again> 
                   \relax 
l.30 \begin{equation}
                     \label{eq:sharp-rect}
[9]
pdfTeX warning (ext4): destination with the same identifier (name{equation.3}) 
has been already used, duplicate ignored
<to be read again> 
                   \relax 
l.34 \begin{equation}
                     \label{eq:structural}
pdfTeX warning (ext4): destination with the same identifier (name{equation.3}) 
has been already used, duplicate ignored
<to be read again> 
                   \relax 
l.34 \begin{equation}
                     \label{eq:structural}
pdfTeX warning (ext4): destination with the same identifier (name{equation.3}) 
has been already used, duplicate ignored
<to be read again> 
                   \relax 
l.34 \begin{equation}
                     \label{eq:structural}
pdfTeX warning (ext4): destination with the same identifier (name{equation.3}) 
has been already used, duplicate ignored
<to be read again> 
                   \relax 
l.34 \begin{equation}
                     \label{eq:structural}

Package natbib Warning: Citation `Warren68' on page 10 undefined on input line 
40.


Package natbib Warning: Citation `AMY16' on page 10 undefined on input line 40.



pdfTeX warning (ext4): destination with the same identifier (name{equation.4}) 
has been already used, duplicate ignored
<to be read again> 
                   \relax 
l.41 \begin{equation}
                     \label{eq:warren}
pdfTeX warning (ext4): destination with the same identifier (name{equation.4}) 
has been already used, duplicate ignored
<to be read again> 
                   \relax 
l.41 \begin{equation}
                     \label{eq:warren}
pdfTeX warning (ext4): destination with the same identifier (name{equation.4}) 
has been already used, duplicate ignored
<to be read again> 
                   \relax 
l.41 \begin{equation}
                     \label{eq:warren}
pdfTeX warning (ext4): destination with the same identifier (name{equation.4}) 
has been already used, duplicate ignored
<to be read again> 
                   \relax 
l.41 \begin{equation}
                     \label{eq:warren}

LaTeX Warning: Reference `thm:main' on page 10 undefined on input line 45.


LaTeX Warning: Reference `eq:structural' on page 10 undefined on input line 48.



pdfTeX warning (ext4): destination with the same identifier (name{equation.5}) 
has been already used, duplicate ignored
<to be read again> 
                   \relax 
l.65 \begin{equation}
                     \label{eq:approx-prob}
pdfTeX warning (ext4): destination with the same identifier (name{equation.5}) 
has been already used, duplicate ignored
<to be read again> 
                   \relax 
l.65 \begin{equation}
                     \label{eq:approx-prob}
pdfTeX warning (ext4): destination with the same identifier (name{equation.5}) 
has been already used, duplicate ignored
<to be read again> 
                   \relax 
l.65 \begin{equation}
                     \label{eq:approx-prob}
pdfTeX warning (ext4): destination with the same identifier (name{equation.5}) 
has been already used, duplicate ignored
<to be read again> 
                   \relax 
l.65 \begin{equation}
                     \label{eq:approx-prob}
[10]

LaTeX Warning: Reference `eq:warren' on page 11 undefined on input line 91.


LaTeX Warning: Reference `eq:approx-prob' on page 11 undefined on input line 95
.


pdfTeX warning (ext4): destination with the same identifier (name{lemma.3}) has
 been already used, duplicate ignored
<to be read again> 
                   \relax 
l.98 ...m exact probabilistic to strict dimension]
                                                  \label{lem:exact-prob}
pdfTeX warning (ext4): destination with the same identifier (name{equation.6}) 
has been already used, duplicate ignored
<to be read again> 
                   \relax 
l.100 \begin{equation}
                      \label{eq:exact-prob}
pdfTeX warning (ext4): destination with the same identifier (name{equation.6}) 
has been already used, duplicate ignored
<to be read again> 
                   \relax 
l.100 \begin{equation}
                      \label{eq:exact-prob}
pdfTeX warning (ext4): destination with the same identifier (name{equation.6}) 
has been already used, duplicate ignored
<to be read again> 
                   \relax 
l.100 \begin{equation}
                      \label{eq:exact-prob}
pdfTeX warning (ext4): destination with the same identifier (name{equation.6}) 
has been already used, duplicate ignored
<to be read again> 
                   \relax 
l.100 \begin{equation}
                      \label{eq:exact-prob}

LaTeX Warning: Reference `eq:exact-prob' on page 11 undefined on input line 105
.


LaTeX Warning: Reference `lem:ties' on page 1 undefined on input line 115.


LaTeX Warning: Reference `thm:prob' on page 1 undefined on input line 118.


LaTeX Warning: Reference `thm:construction' on page 1 undefined on input line 1
18.


LaTeX Warning: Reference `lem:exact-prob' on page 1 undefined on input line 118
.


LaTeX Warning: Reference `thm:proper' on page 1 undefined on input line 118.


LaTeX Warning: Reference `thm:caps' on page 1 undefined on input line 118.

(./figures/family_parameters.tex)) (./sections/05_learners.tex

LaTeX Warning: Reference `lem:mixture' on page 11 undefined on input line 3.


[11]
pdfTeX warning (ext4): destination with the same identifier (name{theorem.1}) h
as been already used, duplicate ignored
<to be read again> 
                   \relax 
l.6 ...ixture and table-polynomial implementation]
                                                  \label{thm:caps}
pdfTeX warning (ext4): destination with the same identifier (name{equation.1}) 
has been already used, duplicate ignored
<to be read again> 
                   \relax 
l.8 \begin{equation}
                    \label{eq:capcoverage}
pdfTeX warning (ext4): destination with the same identifier (name{equation.1}) 
has been already used, duplicate ignored
<to be read again> 
                   \relax 
l.8 \begin{equation}
                    \label{eq:capcoverage}
pdfTeX warning (ext4): destination with the same identifier (name{equation.1}) 
has been already used, duplicate ignored
<to be read again> 
                   \relax 
l.8 \begin{equation}
                    \label{eq:capcoverage}
pdfTeX warning (ext4): destination with the same identifier (name{equation.1}) 
has been already used, duplicate ignored
<to be read again> 
                   \relax 
l.8 \begin{equation}
                    \label{eq:capcoverage}

LaTeX Warning: Reference `thm:main' on page 12 undefined on input line 13.


LaTeX Warning: Reference `fig:cap' on page 1 undefined on input line 35.

(./figures/cap_geometry.tex

LaTeX Warning: Reference `thm:caps' on page 1 undefined on input line 25.


LaTeX Warning: Reference `thm:caps' on page 1 undefined on input line 25.

)

LaTeX Warning: Reference `proof:caps' on page 1 undefined on input line 37.


[12]
pdfTeX warning (ext4): destination with the same identifier (name{theorem.2}) h
as been already used, duplicate ignored
<to be read again> 
                   \relax 
l.46 \begin{theorem}[Proper RECTIFY]
                                    \label{thm:proper}
pdfTeX warning (ext4): destination with the same identifier (name{equation.2}) 
has been already used, duplicate ignored
<to be read again> 
                   \relax 
l.48 \begin{equation}
                     \label{eq:propercomplexity}
pdfTeX warning (ext4): destination with the same identifier (name{equation.2}) 
has been already used, duplicate ignored
<to be read again> 
                   \relax 
l.48 \begin{equation}
                     \label{eq:propercomplexity}
pdfTeX warning (ext4): destination with the same identifier (name{equation.2}) 
has been already used, duplicate ignored
<to be read again> 
                   \relax 
l.48 \begin{equation}
                     \label{eq:propercomplexity}
pdfTeX warning (ext4): destination with the same identifier (name{equation.2}) 
has been already used, duplicate ignored
<to be read again> 
                   \relax 
l.48 \begin{equation}
                     \label{eq:propercomplexity}

LaTeX Warning: Reference `proof:proper' on page 1 undefined on input line 76.


[13]
pdfTeX warning (ext4): destination with the same identifier (name{lemma.3}) has
 been already used, duplicate ignored
<to be read again> 
                   \relax 
l.87 \begin{lemma}[Noisy integer medians]
                                         \label{lem:median}
pdfTeX warning (ext4): destination with the same identifier (name{equation.3}) 
has been already used, duplicate ignored
<to be read again> 
                   \relax 
l.95 \begin{equation}
                     \label{eq:balancedmedian}
pdfTeX warning (ext4): destination with the same identifier (name{equation.3}) 
has been already used, duplicate ignored
<to be read again> 
                   \relax 
l.95 \begin{equation}
                     \label{eq:balancedmedian}
pdfTeX warning (ext4): destination with the same identifier (name{equation.3}) 
has been already used, duplicate ignored
<to be read again> 
                   \relax 
l.95 \begin{equation}
                     \label{eq:balancedmedian}
pdfTeX warning (ext4): destination with the same identifier (name{equation.3}) 
has been already used, duplicate ignored
<to be read again> 
                   \relax 
l.95 \begin{equation}
                     \label{eq:balancedmedian}

LaTeX Warning: Reference `proof:median' on page 1 undefined on input line 102.


[14]

LaTeX Warning: Reference `fig:median' on page 1 undefined on input line 140.

(./figures/order_median.tex

LaTeX Warning: Reference `thm:fast' on page 1 undefined on input line 34.


LaTeX Warning: Reference `thm:fast' on page 1 undefined on input line 34.

)

LaTeX Warning: Reference `proof:fast' on page 1 undefined on input line 142.

) (./sections/06_explicit.tex

Package natbib Warning: Citation `HILL99' on page 15 undefined on input line 6.



Package natbib Warning: Citation `GGM86' on page 15 undefined on input line 6.


[15]
pdfTeX warning (ext4): destination with the same identifier (name{lemma.1}) has
 been already used, duplicate ignored
<to be read again> 
                   \relax 
l.11 ...[Small subgrid counting and decision cost]
                                                  \label{lem:subgrid}

LaTeX Warning: Reference `proof:subgrid' on page 1 undefined on input line 24.


pdfTeX warning (ext4): destination with the same identifier (name{theorem.2}) h
as been already used, duplicate ignored
<to be read again> 
                   \relax 
l.28 ...al almost-every-key explicit lower bounds]
                                                  \label{thm:prf}

LaTeX Warning: Reference `sec:fast' on page 16 undefined on input line 37.


[16]

LaTeX Warning: Reference `proof:prf' on page 1 undefined on input line 40.


Package natbib Warning: Citation `HHPTZ22' on page 17 undefined on input line 4
3.


LaTeX Warning: Reference `thm:prf' on page 1 undefined on input line 54.


LaTeX Warning: Reference `lem:subgrid' on page 1 undefined on input line 54.


LaTeX Warning: Reference `thm:prf' on page 1 undefined on input line 60.


LaTeX Warning: Reference `prop:hiddenkey' on page 1 undefined on input line 60.



LaTeX Warning: Reference `thm:prf' on page 17 undefined on input line 63.


LaTeX Warning: Reference `proof:regularstars' on page 1 undefined on input line
 66.


LaTeX Warning: Reference `thm:prf' on page 17 undefined on input line 71.


[17]

LaTeX Warning: Reference `proof:fastprf' on page 1 undefined on input line 79.

) (./sections/07_characterizations.tex
pdfTeX warning (ext4): destination with the same identifier (name{theorem.1}) h
as been already used, duplicate ignored
<to be read again> 
                   \relax 
l.7 ...m}[Communication as a sufficient condition]
                                                  \label{thm:communication}

LaTeX Warning: Reference `proof:communication' on page 1 undefined on input lin
e 21.


LaTeX Warning: Reference `thm:halfspaces' on page 18 undefined on input line 24
.


pdfTeX warning (ext4): destination with the same identifier (name{lemma.2}) has
 been already used, duplicate ignored
<to be read again> 
                   \relax 
l.28 ...mma}[Finite energy and threshold counting]
                                                  \label{thm:energy}
pdfTeX warning (ext4): destination with the same identifier (name{equation.1}) 
has been already used, duplicate ignored
<to be read again> 
                   \relax 
l.34 \begin{equation}
                     \label{eq:energy}
pdfTeX warning (ext4): destination with the same identifier (name{equation.1}) 
has been already used, duplicate ignored
<to be read again> 
                   \relax 
l.34 \begin{equation}
                     \label{eq:energy}
pdfTeX warning (ext4): destination with the same identifier (name{equation.1}) 
has been already used, duplicate ignored
<to be read again> 
                   \relax 
l.34 \begin{equation}
                     \label{eq:energy}
pdfTeX warning (ext4): destination with the same identifier (name{equation.1}) 
has been already used, duplicate ignored
<to be read again> 
                   \relax 
l.34 \begin{equation}
                     \label{eq:energy}
[18]
pdfTeX warning (ext4): destination with the same identifier (name{equation.2}) 
has been already used, duplicate ignored
<to be read again> 
                   \relax 
l.39 \begin{equation}
                     \label{eq:count}
pdfTeX warning (ext4): destination with the same identifier (name{equation.2}) 
has been already used, duplicate ignored
<to be read again> 
                   \relax 
l.39 \begin{equation}
                     \label{eq:count}
pdfTeX warning (ext4): destination with the same identifier (name{equation.2}) 
has been already used, duplicate ignored
<to be read again> 
                   \relax 
l.39 \begin{equation}
                     \label{eq:count}
pdfTeX warning (ext4): destination with the same identifier (name{equation.2}) 
has been already used, duplicate ignored
<to be read again> 
                   \relax 
l.39 \begin{equation}
                     \label{eq:count}

LaTeX Warning: Reference `proof:energy' on page 1 undefined on input line 45.


LaTeX Warning: Reference `eq:guarantee' on page 19 undefined on input line 56.


pdfTeX warning (ext4): destination with the same identifier (name{equation.3}) 
has been already used, duplicate ignored
<to be read again> 
                   \relax 
l.57 \begin{equation}
                     \label{eq:joint}
pdfTeX warning (ext4): destination with the same identifier (name{equation.3}) 
has been already used, duplicate ignored
<to be read again> 
                   \relax 
l.57 \begin{equation}
                     \label{eq:joint}
pdfTeX warning (ext4): destination with the same identifier (name{equation.3}) 
has been already used, duplicate ignored
<to be read again> 
                   \relax 
l.57 \begin{equation}
                     \label{eq:joint}
pdfTeX warning (ext4): destination with the same identifier (name{equation.3}) 
has been already used, duplicate ignored
<to be read again> 
                   \relax 
l.57 \begin{equation}
                     \label{eq:joint}
pdfTeX warning (ext4): destination with the same identifier (name{equation.4}) 
has been already used, duplicate ignored
<to be read again> 
                   \relax 
l.64 \begin{equation}
                     \label{eq:Rbound}
pdfTeX warning (ext4): destination with the same identifier (name{equation.4}) 
has been already used, duplicate ignored
<to be read again> 
                   \relax 
l.64 \begin{equation}
                     \label{eq:Rbound}
pdfTeX warning (ext4): destination with the same identifier (name{equation.4}) 
has been already used, duplicate ignored
<to be read again> 
                   \relax 
l.64 \begin{equation}
                     \label{eq:Rbound}
pdfTeX warning (ext4): destination with the same identifier (name{equation.4}) 
has been already used, duplicate ignored
<to be read again> 
                   \relax 
l.64 \begin{equation}
                     \label{eq:Rbound}

LaTeX Warning: Reference `proof:barrier' on page 1 undefined on input line 69.


LaTeX Warning: Reference `eq:joint' on page 19 undefined on input line 77.


pdfTeX warning (ext4): destination with the same identifier (name{equation.5}) 
has been already used, duplicate ignored
<to be read again> 
                   \relax 
l.78 \begin{equation}
                     \label{eq:fixed}
pdfTeX warning (ext4): destination with the same identifier (name{equation.5}) 
has been already used, duplicate ignored
<to be read again> 
                   \relax 
l.78 \begin{equation}
                     \label{eq:fixed}
pdfTeX warning (ext4): destination with the same identifier (name{equation.5}) 
has been already used, duplicate ignored
<to be read again> 
                   \relax 
l.78 \begin{equation}
                     \label{eq:fixed}
pdfTeX warning (ext4): destination with the same identifier (name{equation.5}) 
has been already used, duplicate ignored
<to be read again> 
                   \relax 
l.78 \begin{equation}
                     \label{eq:fixed}

Package natbib Warning: Citation `Forster02' on page 19 undefined on input line
 84.


pdfTeX warning (ext4): destination with the same identifier (name{theorem.4}) h
as been already used, duplicate ignored
<to be read again> 
                   \relax 
l.87 \begin{theorem}[Spectral sign-rank bounds]
                                               \label{thm:forster}
pdfTeX warning (ext4): destination with the same identifier (name{equation.6}) 
has been already used, duplicate ignored
<to be read again> 
                   \relax 
l.89 \begin{equation}
                     \label{eq:forster}
pdfTeX warning (ext4): destination with the same identifier (name{equation.6}) 
has been already used, duplicate ignored
<to be read again> 
                   \relax 
l.89 \begin{equation}
                     \label{eq:forster}
pdfTeX warning (ext4): destination with the same identifier (name{equation.6}) 
has been already used, duplicate ignored
<to be read again> 
                   \relax 
l.89 \begin{equation}
                     \label{eq:forster}
pdfTeX warning (ext4): destination with the same identifier (name{equation.6}) 
has been already used, duplicate ignored
<to be read again> 
                   \relax 
l.89 \begin{equation}
                     \label{eq:forster}
pdfTeX warning (ext4): destination with the same identifier (name{equation.7}) 
has been already used, duplicate ignored
<to be read again> 
                   \relax 
l.93 \begin{equation}
                     \label{eq:weighted}
pdfTeX warning (ext4): destination with the same identifier (name{equation.7}) 
has been already used, duplicate ignored
<to be read again> 
                   \relax 
l.93 \begin{equation}
                     \label{eq:weighted}
pdfTeX warning (ext4): destination with the same identifier (name{equation.7}) 
has been already used, duplicate ignored
<to be read again> 
                   \relax 
l.93 \begin{equation}
                     \label{eq:weighted}
pdfTeX warning (ext4): destination with the same identifier (name{equation.7}) 
has been already used, duplicate ignored
<to be read again> 
                   \relax 
l.93 \begin{equation}
                     \label{eq:weighted}

LaTeX Warning: Reference `proof:forster' on page 1 undefined on input line 98.


LaTeX Warning: Reference `thm:barrier' on page 19 undefined on input line 101.


LaTeX Warning: Reference `thm:forster' on page 19 undefined on input line 101.


[19]

LaTeX Warning: Reference `eq:guarantee' on page 20 undefined on input line 119.



LaTeX Warning: Reference `proof:plane' on page 1 undefined on input line 125.


LaTeX Warning: Reference `eq:guarantee' on page 20 undefined on input line 134.



LaTeX Warning: Reference `eq:guarantee' on page 20 undefined on input line 145.



LaTeX Warning: Reference `proof:tree' on page 1 undefined on input line 151.


LaTeX Warning: Reference `thm:barrier' on page 20 undefined on input line 159.


[20]

LaTeX Warning: Reference `proof:affine' on page 1 undefined on input line 170.


LaTeX Warning: Reference `proof:pgglobal' on page 1 undefined on input line 183
.


LaTeX Warning: Reference `thm:barrier' on page 21 undefined on input line 187.


LaTeX Warning: Reference `thm:plane' on page 21 undefined on input line 187.


LaTeX Warning: Reference `thm:main' on page 21 undefined on input line 187.


LaTeX Warning: Reference `thm:main' on page 21 undefined on input line 187.


LaTeX Warning: Reference `proof:halfspaces' on page 1 undefined on input line 1
99.


LaTeX Warning: Reference `thm:barrier' on page 21 undefined on input line 202.


[21]

LaTeX Warning: Reference `fig:landscape' on page 1 undefined on input line 209.


(./figures/implication_map.tex

LaTeX Warning: Reference `thm:communication' on page 1 undefined on input line 
13.


LaTeX Warning: Reference `thm:main' on page 1 undefined on input line 15.


LaTeX Warning: Reference `thm:communication' on page 1 undefined on input line 
16.


LaTeX Warning: Reference `thm:barrier' on page 1 undefined on input line 17.


LaTeX Warning: Reference `thm:barrier' on page 1 undefined on input line 18.


LaTeX Warning: Reference `thm:construction' on page 1 undefined on input line 2
0.


LaTeX Warning: Reference `thm:halfspaces' on page 1 undefined on input line 21.



LaTeX Warning: Reference `thm:plane' on page 1 undefined on input line 22.

)

LaTeX Warning: Reference `thm:halfspaces' on page 22 undefined on input line 21
9.


LaTeX Warning: Reference `thm:barrier' on page 22 undefined on input line 219.


LaTeX Warning: Reference `thm:main' on page 22 undefined on input line 219.

(/usr/share/texlive/texmf-dist/tex/latex/amsfonts/ueuf.fd)
(/usr/share/texlive/texmf-dist/tex/latex/microtype/mt-euf.cfg)
[22]

LaTeX Warning: Reference `thm:tree' on page 23 undefined on input line 228.


LaTeX Warning: Reference `proof:adapt' on page 1 undefined on input line 235.


Package natbib Warning: Citation `BHKR26' on page 23 undefined on input line 24
2.


LaTeX Warning: Reference `proof:approxrect' on page 1 undefined on input line 2
55.


LaTeX Warning: Reference `sec:rsd' on page 23 undefined on input line 256.


LaTeX Warning: Reference `tab:examples' on page 1 undefined on input line 259.


LaTeX Warning: Reference `proof:pgglobal' on page 1 undefined on input line 259
.


LaTeX Warning: Reference `prop:affine' on page 1 undefined on input line 259.


LaTeX Warning: Reference `thm:construction' on page 1 undefined on input line 2
59.

(./figures/example_table.tex
Underfull \hbox (badness 2277) in paragraph at lines 12--12
[]|$\OT1/lmr/m/n/9 (+20) 
(\OML/lmm/m/it/9 N= [] N\OT1/lmr/m/n/9 (+20) )$ \T1/lmr/m/n/9 (+20) for most

LaTeX Warning: Reference `thm:pgglobal' on page 1 undefined on input line 13.


LaTeX Warning: Reference `thm:pgglobal' on page 1 undefined on input line 13.

)) (./sections/08_sgd.tex

Package natbib Warning: Citation `FKS26' on page 23 undefined on input line 2.


Package natbib Warning: Citation `AKMSS21' on page 23 undefined on input line 5
.


[23]
pdfTeX warning (ext4): destination with the same identifier (name{equation.1}) 
has been already used, duplicate ignored
<to be read again> 
                   \relax 
l.12 \begin{equation}
                     \label{eq:engineered-gradient}
pdfTeX warning (ext4): destination with the same identifier (name{equation.1}) 
has been already used, duplicate ignored
<to be read again> 
                   \relax 
l.12 \begin{equation}
                     \label{eq:engineered-gradient}
pdfTeX warning (ext4): destination with the same identifier (name{equation.1}) 
has been already used, duplicate ignored
<to be read again> 
                   \relax 
l.12 \begin{equation}
                     \label{eq:engineered-gradient}
pdfTeX warning (ext4): destination with the same identifier (name{equation.1}) 
has been already used, duplicate ignored
<to be read again> 
                   \relax 
l.12 \begin{equation}
                     \label{eq:engineered-gradient}
pdfTeX warning (ext4): destination with the same identifier (name{equation.2}) 
has been already used, duplicate ignored
<to be read again> 
                   \relax 
l.22 \begin{equation}
                     \label{eq:engineered-parameters}
pdfTeX warning (ext4): destination with the same identifier (name{equation.2}) 
has been already used, duplicate ignored
<to be read again> 
                   \relax 
l.22 \begin{equation}
                     \label{eq:engineered-parameters}
pdfTeX warning (ext4): destination with the same identifier (name{equation.2}) 
has been already used, duplicate ignored
<to be read again> 
                   \relax 
l.22 \begin{equation}
                     \label{eq:engineered-parameters}
pdfTeX warning (ext4): destination with the same identifier (name{equation.2}) 
has been already used, duplicate ignored
<to be read again> 
                   \relax 
l.22 \begin{equation}
                     \label{eq:engineered-parameters}

LaTeX Warning: Reference `thm:prf' on page 1 undefined on input line 30.


LaTeX Warning: Reference `eq:engineered-gradient' on page 24 undefined on input
 line 30.


[24]

LaTeX Warning: Reference `thm:fast' on page 1 undefined on input line 37.


LaTeX Warning: Reference `eq:engineered-parameters' on page 25 undefined on inp
ut line 39.


LaTeX Warning: Reference `thm:prf' on page 1 undefined on input line 39.


Package natbib Warning: Citation `FGV21' on page 25 undefined on input line 56.



Package natbib Warning: Citation `AKMSS21' on page 25 undefined on input line 5
6.


[25]

LaTeX Warning: Reference `proof:network' on page 1 undefined on input line 66.


LaTeX Warning: Reference `prop:unseen' on page 1 undefined on input line 71.


pdfTeX warning (ext4): destination with the same identifier (name{proposition.3
}) has been already used, duplicate ignored
<to be read again> 
                   \relax 
l.73 ...sition}[Hidden-key computational hardness]
                                                  \label{prop:hiddenkey}

LaTeX Warning: Reference `thm:prf' on page 26 undefined on input line 74.


LaTeX Warning: Reference `proof:hiddenkey' on page 1 undefined on input line 80
.


LaTeX Warning: Reference `prop:hiddenkey' on page 1 undefined on input line 82.


) (./sections/09_related.tex

Package natbib Warning: Citation `Kearns98' on page 26 undefined on input line 
3.


Package natbib Warning: Citation `Feldman17' on page 26 undefined on input line
 3.


LaTeX Warning: Reference `sec:rsd' on page 26 undefined on input line 3.


Package natbib Warning: Citation `FKS26' on page 26 undefined on input line 3.


Package natbib Warning: Citation `BDES02' on page 26 undefined on input line 3.



Package natbib Warning: Citation `CMW25' on page 26 undefined on input line 3.


Package natbib Warning: Citation `KMS20' on page 26 undefined on input line 3.


LaTeX Warning: Reference `lem:exact-prob' on page 1 undefined on input line 3.


LaTeX Warning: Reference `thm:prob' on page 1 undefined on input line 3.


Package natbib Warning: Citation `Feldman08' on page 26 undefined on input line
 6.


Package natbib Warning: Citation `Feldman11' on page 26 undefined on input line
 6.


Package natbib Warning: Citation `Feldman11' on page 26 undefined on input line
 6.


Package natbib Warning: Citation `DV04' on page 26 undefined on input line 6.


Package natbib Warning: Citation `BF13' on page 26 undefined on input line 6.


Package natbib Warning: Citation `GSS13' on page 26 undefined on input line 6.


[26]

Package natbib Warning: Citation `KM25' on page 27 undefined on input line 9.


LaTeX Warning: Reference `cor:negative-answer' on page 1 undefined on input lin
e 9.


Package natbib Warning: Citation `Forster02' on page 27 undefined on input line
 12.


Package natbib Warning: Citation `HHPTZ22' on page 27 undefined on input line 1
2.


Package natbib Warning: Citation `AMY16' on page 27 undefined on input line 12.



Package natbib Warning: Citation `Warren68' on page 27 undefined on input line 
12.


Package natbib Warning: Citation `APP05' on page 27 undefined on input line 12.



Package natbib Warning: Citation `HHPTZ22' on page 27 undefined on input line 1
2.


Package natbib Warning: Citation `DKT22' on page 27 undefined on input line 12.



LaTeX Warning: Reference `app:convex' on page 27 undefined on input line 12.


Package natbib Warning: Citation `Feldman17' on page 27 undefined on input line
 15.


LaTeX Warning: Reference `prop:affine' on page 27 undefined on input line 15.


Package natbib Warning: Citation `BHKR26' on page 27 undefined on input line 18
.


LaTeX Warning: Reference `cor:approxrect' on page 1 undefined on input line 18.



Package natbib Warning: Citation `BHHLT26' on page 27 undefined on input line 2
1.


Package natbib Warning: Citation `HHM23' on page 27 undefined on input line 21.



Package natbib Warning: Citation `FHV26' on page 27 undefined on input line 21.



Package natbib Warning: Citation `GHIS25' on page 27 undefined on input line 21
.


[27]

Package natbib Warning: Citation `VALG26' on page 28 undefined on input line 24
.


LaTeX Warning: Reference `thm:caps' on page 1 undefined on input line 24.


LaTeX Warning: Reference `thm:construction' on page 1 undefined on input line 2
4.


LaTeX Warning: Reference `thm:communication' on page 28 undefined on input line
 27.


Package natbib Warning: Citation `HHPTZ22' on page 28 undefined on input line 2
7.


Package natbib Warning: Citation `AKMSS21' on page 28 undefined on input line 2
7.


LaTeX Warning: Reference `sec:secret' on page 28 undefined on input line 27.


Package natbib Warning: Citation `MKAS21' on page 28 undefined on input line 31
.


Package natbib Warning: Citation `ABBBN21' on page 28 undefined on input line 3
1.


Package natbib Warning: Citation `ABM22' on page 28 undefined on input line 31.



LaTeX Warning: Reference `cor:engineered' on page 1 undefined on input line 31.



Package natbib Warning: Citation `AKMSS21' on page 28 undefined on input line 3
1.

) (./sections/10_discussion.tex

LaTeX Warning: Reference `thm:main' on page 1 undefined on input line 3.


LaTeX Warning: Reference `thm:prob' on page 1 undefined on input line 3.


LaTeX Warning: Reference `thm:construction' on page 1 undefined on input line 3
.


LaTeX Warning: Reference `thm:tree' on page 1 undefined on input line 5.


LaTeX Warning: Reference `thm:adapt' on page 1 undefined on input line 5.


Package natbib Warning: Citation `Feldman08' on page 28 undefined on input line
 5.


Package natbib Warning: Citation `Feldman11' on page 28 undefined on input line
 5.


[28]

LaTeX Warning: Reference `thm:barrier' on page 1 undefined on input line 7.


pdfTeX warning (ext4): destination with the same identifier (name{theorem.1}) h
as been already used, duplicate ignored
<to be read again> 
                   \relax 
l.9 ...ngth alone does not repair the implication]
                                                  \label{thm:description}

LaTeX Warning: Reference `thm:construction' on page 29 undefined on input line 
19.


Package natbib Warning: Citation `MC12' on page 29 undefined on input line 28.


LaTeX Warning: Reference `thm:main' on page 29 undefined on input line 30.


pdfTeX warning (ext4): destination with the same identifier (name{proposition.2
}) has been already used, duplicate ignored
<to be read again> 
                   \relax 
l.37 ...sition}[The classical certificate barrier]
                                                  \label{thm:classicalbarrier}
[29]

LaTeX Warning: Reference `lem:finite-minimax' on page 1 undefined on input line
 52.


Package natbib Warning: Citation `HHPTZ22' on page 30 undefined on input line 7
2.


LaTeX Warning: Reference `thm:construction' on page 30 undefined on input line 
72.


Package natbib Warning: Citation `HHPTZ22' on page 30 undefined on input line 7
2.


Package natbib Warning: Citation `FHV26' on page 30 undefined on input line 74.



Package natbib Warning: Citation `GHIS25' on page 30 undefined on input line 74
.


pdfTeX warning (ext4): destination with the same identifier (name{proposition.3
}) has been already used, duplicate ignored
<to be read again> 
                   \relax 
l.78 ...in{proposition}[Unseen independent labels]
                                                  \label{prop:unseen}
[30]

LaTeX Warning: Reference `prop:unseen' on page 1 undefined on input line 93.


LaTeX Warning: Reference `thm:classicalbarrier' on page 1 undefined on input li
ne 93.


LaTeX Warning: Reference `thm:communication' on page 1 undefined on input line 
96.


LaTeX Warning: Reference `thm:halfspaces' on page 1 undefined on input line 96.



Package natbib Warning: Citation `DV04' on page 31 undefined on input line 98.


Package natbib Warning: Citation `BF13' on page 31 undefined on input line 98.


Package natbib Warning: Citation `GSS13' on page 31 undefined on input line 98.



LaTeX Warning: Reference `thm:main' on page 1 undefined on input line 98.


Package natbib Warning: Citation `HHPTZ22' on page 31 undefined on input line 1
07.


LaTeX Warning: Reference `sec:resources' on page 1 undefined on input line 108.



[31]

LaTeX Warning: Reference `app:verification' on page 1 undefined on input line 1
14.

)
[32]
No file paper.bbl.
(./appendices/referee.tex

LaTeX Warning: Reference `thm:main' on page 33 undefined on input line 2.


[33]

LaTeX Warning: Reference `thm:prob' on page 34 undefined on input line 37.

) (./appendices/proofs_B.tex

LaTeX Warning: Reference `thm:caps' on page 1 undefined on input line 3.


Package hyperref Warning: Token not allowed in a PDF string (Unicode):
(hyperref)                removing `\new@ifnextchar' on input line 3.


LaTeX Warning: Reference `thm:forster' on page 34 undefined on input line 11.


LaTeX Warning: Reference `app:convex' on page 34 undefined on input line 11.


[34]

LaTeX Warning: Reference `app:convex' on page 35 undefined on input line 36.


pdfTeX warning (ext4): destination with the same identifier (name{equation.1}) 
has been already used, duplicate ignored
<to be read again> 
                   \relax 
l.44 \begin{equation}
                     \label{eq:netr}
pdfTeX warning (ext4): destination with the same identifier (name{equation.1}) 
has been already used, duplicate ignored
<to be read again> 
                   \relax 
l.44 \begin{equation}
                     \label{eq:netr}
pdfTeX warning (ext4): destination with the same identifier (name{equation.1}) 
has been already used, duplicate ignored
<to be read again> 
                   \relax 
l.44 \begin{equation}
                     \label{eq:netr}
pdfTeX warning (ext4): destination with the same identifier (name{equation.1}) 
has been already used, duplicate ignored
<to be read again> 
                   \relax 
l.44 \begin{equation}
                     \label{eq:netr}

LaTeX Warning: Reference `thm:main' on page 35 undefined on input line 50.


LaTeX Warning: Reference `thm:main' on page 35 undefined on input line 52.


LaTeX Warning: Reference `thm:proper' on page 1 undefined on input line 59.


Package hyperref Warning: Token not allowed in a PDF string (Unicode):
(hyperref)                removing `\new@ifnextchar' on input line 59.


[35]

LaTeX Warning: Reference `thm:main' on page 36 undefined on input line 63.


LaTeX Warning: Reference `eq:propercomplexity' on page 36 undefined on input li
ne 102.

) (./appendices/proofs_C.tex

LaTeX Warning: Reference `lem:median' on page 1 undefined on input line 3.


Package hyperref Warning: Token not allowed in a PDF string (Unicode):
(hyperref)                removing `\new@ifnextchar' on input line 3.


[36]

LaTeX Warning: Reference `eq:balancedmedian' on page 37 undefined on input line
 7.


LaTeX Warning: Reference `thm:fast' on page 1 undefined on input line 10.


Package hyperref Warning: Token not allowed in a PDF string (Unicode):
(hyperref)                removing `\new@ifnextchar' on input line 10.


LaTeX Warning: Reference `lem:median' on page 37 undefined on input line 19.


LaTeX Warning: Reference `eq:balancedmedian' on page 37 undefined on input line
 21.


LaTeX Warning: Reference `eq:balancedmedian' on page 37 undefined on input line
 28.


LaTeX Warning: Reference `eq:balancedmedian' on page 37 undefined on input line
 30.


[37]

LaTeX Warning: Reference `lem:median' on page 38 undefined on input line 67.

) (./appendices/proofs_D.tex

LaTeX Warning: Reference `lem:subgrid' on page 1 undefined on input line 3.


Package hyperref Warning: Token not allowed in a PDF string (Unicode):
(hyperref)                removing `\new@ifnextchar' on input line 3.


[38]

LaTeX Warning: Reference `eq:warren' on page 39 undefined on input line 9.


Package natbib Warning: Citation `Renegar92' on page 39 undefined on input line
 19.


Package natbib Warning: Citation `Vorobjov21' on page 39 undefined on input lin
e 19.


LaTeX Warning: Reference `thm:prf' on page 1 undefined on input line 22.


Package hyperref Warning: Token not allowed in a PDF string (Unicode):
(hyperref)                removing `\new@ifnextchar' on input line 22.


LaTeX Warning: Reference `lem:subgrid' on page 39 undefined on input line 30.


LaTeX Warning: Reference `lem:regularstars' on page 1 undefined on input line 3
9.


Package hyperref Warning: Token not allowed in a PDF string (Unicode):
(hyperref)                removing `\new@ifnextchar' on input line 39.


[39]

LaTeX Warning: Reference `cor:fastprf' on page 1 undefined on input line 51.


Package hyperref Warning: Token not allowed in a PDF string (Unicode):
(hyperref)                removing `\new@ifnextchar' on input line 51.


LaTeX Warning: Reference `thm:prf' on page 40 undefined on input line 53.


LaTeX Warning: Reference `lem:regularstars' on page 40 undefined on input line 
53.


LaTeX Warning: Reference `thm:fast' on page 40 undefined on input line 53.

) (./appendices/proofs_E.tex

LaTeX Warning: Reference `thm:communication' on page 1 undefined on input line 
3.


Package hyperref Warning: Token not allowed in a PDF string (Unicode):
(hyperref)                removing `\new@ifnextchar' on input line 3.


Package natbib Warning: Citation `HHPTZ22' on page 40 undefined on input line 9
.


LaTeX Warning: Reference `thm:main' on page 40 undefined on input line 9.


LaTeX Warning: Reference `thm:energy' on page 1 undefined on input line 12.


Package hyperref Warning: Token not allowed in a PDF string (Unicode):
(hyperref)                removing `\new@ifnextchar' on input line 12.


[40]

LaTeX Warning: Reference `eq:energy' on page 41 undefined on input line 19.


LaTeX Warning: Reference `eq:count' on page 41 undefined on input line 19.


LaTeX Warning: Reference `thm:barrier' on page 1 undefined on input line 22.


Package hyperref Warning: Token not allowed in a PDF string (Unicode):
(hyperref)                removing `\new@ifnextchar' on input line 22.


LaTeX Warning: Reference `thm:energy' on page 41 undefined on input line 35.


LaTeX Warning: Reference `thm:energy' on page 41 undefined on input line 40.


LaTeX Warning: Reference `eq:joint' on page 41 undefined on input line 47.


LaTeX Warning: Reference `eq:joint' on page 41 undefined on input line 49.


LaTeX Warning: Reference `eq:Rbound' on page 41 undefined on input line 49.


LaTeX Warning: Reference `thm:forster' on page 1 undefined on input line 52.


Package hyperref Warning: Token not allowed in a PDF string (Unicode):
(hyperref)                removing `\new@ifnextchar' on input line 52.


pdfTeX warning (ext4): destination with the same identifier (name{equation.1}) 
has been already used, duplicate ignored
<to be read again> 
                   \relax 
l.61 \begin{equation}
                     \label{eq:isotropy}
pdfTeX warning (ext4): destination with the same identifier (name{equation.1}) 
has been already used, duplicate ignored
<to be read again> 
                   \relax 
l.61 \begin{equation}
                     \label{eq:isotropy}
pdfTeX warning (ext4): destination with the same identifier (name{equation.1}) 
has been already used, duplicate ignored
<to be read again> 
                   \relax 
l.61 \begin{equation}
                     \label{eq:isotropy}
pdfTeX warning (ext4): destination with the same identifier (name{equation.1}) 
has been already used, duplicate ignored
<to be read again> 
                   \relax 
l.61 \begin{equation}
                     \label{eq:isotropy}
[41]

LaTeX Warning: Reference `eq:isotropy' on page 42 undefined on input line 83.


LaTeX Warning: Reference `eq:forster' on page 42 undefined on input line 96.


LaTeX Warning: Reference `eq:weighted' on page 42 undefined on input line 101.


LaTeX Warning: Reference `thm:plane' on page 1 undefined on input line 104.


Package hyperref Warning: Token not allowed in a PDF string (Unicode):
(hyperref)                removing `\new@ifnextchar' on input line 104.


[42]

LaTeX Warning: Reference `thm:forster' on page 43 undefined on input line 117.


LaTeX Warning: Reference `eq:planedc' on page 43 undefined on input line 117.


LaTeX Warning: Reference `eq:planeplain' on page 43 undefined on input line 126
.


LaTeX Warning: Reference `eq:planeplain' on page 43 undefined on input line 136
.


[43]

LaTeX Warning: Reference `thm:barrier' on page 44 undefined on input line 158.


LaTeX Warning: Reference `thm:tree' on page 1 undefined on input line 165.


Package hyperref Warning: Token not allowed in a PDF string (Unicode):
(hyperref)                removing `\new@ifnextchar' on input line 165.


pdfTeX warning (ext4): destination with the same identifier (name{equation.2}) 
has been already used, duplicate ignored
<to be read again> 
                   \relax 
l.171 \begin{equation}
                      \label{eq:minimaxpremise}
pdfTeX warning (ext4): destination with the same identifier (name{equation.2}) 
has been already used, duplicate ignored
<to be read again> 
                   \relax 
l.171 \begin{equation}
                      \label{eq:minimaxpremise}
pdfTeX warning (ext4): destination with the same identifier (name{equation.2}) 
has been already used, duplicate ignored
<to be read again> 
                   \relax 
l.171 \begin{equation}
                      \label{eq:minimaxpremise}
pdfTeX warning (ext4): destination with the same identifier (name{equation.2}) 
has been already used, duplicate ignored
<to be read again> 
                   \relax 
l.171 \begin{equation}
                      \label{eq:minimaxpremise}

LaTeX Warning: Reference `lem:finite-minimax' on page 1 undefined on input line
 174.


LaTeX Warning: Reference `eq:minimaxpremise' on page 44 undefined on input line
 174.


LaTeX Warning: Reference `eq:tree' on page 44 undefined on input line 174.


[44]

LaTeX Warning: Reference `eq:approx' on page 45 undefined on input line 181.


LaTeX Warning: Reference `prop:affine' on page 1 undefined on input line 184.


Package hyperref Warning: Token not allowed in a PDF string (Unicode):
(hyperref)                removing `\new@ifnextchar' on input line 184.


LaTeX Warning: Reference `thm:barrier' on page 45 undefined on input line 201.


LaTeX Warning: Reference `thm:pgglobal' on page 1 undefined on input line 204.


Package hyperref Warning: Token not allowed in a PDF string (Unicode):
(hyperref)                removing `\new@ifnextchar' on input line 204.


[45]

LaTeX Warning: Reference `thm:halfspaces' on page 1 undefined on input line 222
.


Package hyperref Warning: Token not allowed in a PDF string (Unicode):
(hyperref)                removing `\new@ifnextchar' on input line 222.


LaTeX Warning: Reference `app:concentration' on page 46 undefined on input line
 231.


[46]

LaTeX Warning: Reference `thm:adapt' on page 1 undefined on input line 265.


Package hyperref Warning: Token not allowed in a PDF string (Unicode):
(hyperref)                removing `\new@ifnextchar' on input line 265.


LaTeX Warning: Reference `thm:tree' on page 47 undefined on input line 267.


LaTeX Warning: Reference `thm:caps' on page 47 undefined on input line 267.


LaTeX Warning: Reference `cor:approxrect' on page 1 undefined on input line 270
.


Package hyperref Warning: Token not allowed in a PDF string (Unicode):
(hyperref)                removing `\new@ifnextchar' on input line 270.


LaTeX Warning: Reference `thm:main' on page 47 undefined on input line 272.

) (./appendices/proofs_F.tex

LaTeX Warning: Reference `thm:network' on page 1 undefined on input line 3.


Package hyperref Warning: Token not allowed in a PDF string (Unicode):
(hyperref)                removing `\new@ifnextchar' on input line 3.


LaTeX Warning: Reference `thm:construction' on page 47 undefined on input line 
9.


LaTeX Warning: Reference `prop:hiddenkey' on page 1 undefined on input line 12.



Package hyperref Warning: Token not allowed in a PDF string (Unicode):
(hyperref)                removing `\new@ifnextchar' on input line 12.


[47]) (./appendices/rsd.tex
pdfTeX warning (ext4): destination with the same identifier (name{theorem.1}) h
as been already used, duplicate ignored
<to be read again> 
                   \relax 
l.10 ...ound for randomized statistical dimension]
                                                  \label{thm:rsd}
pdfTeX warning (ext4): destination with the same identifier (name{equation.1}) 
has been already used, duplicate ignored
<to be read again> 
                   \relax 
l.30 \begin{equation}
                     \label{eq:additive-game}
pdfTeX warning (ext4): destination with the same identifier (name{equation.1}) 
has been already used, duplicate ignored
<to be read again> 
                   \relax 
l.30 \begin{equation}
                     \label{eq:additive-game}
pdfTeX warning (ext4): destination with the same identifier (name{equation.1}) 
has been already used, duplicate ignored
<to be read again> 
                   \relax 
l.30 \begin{equation}
                     \label{eq:additive-game}
pdfTeX warning (ext4): destination with the same identifier (name{equation.1}) 
has been already used, duplicate ignored
<to be read again> 
                   \relax 
l.30 \begin{equation}
                     \label{eq:additive-game}

LaTeX Warning: Reference `lem:finite-minimax' on page 1 undefined on input line
 33.


[48]

Package natbib Warning: Citation `Feldman17' on page 49 undefined on input line
 49.


pdfTeX warning (ext4): destination with the same identifier (name{equation.2}) 
has been already used, duplicate ignored
<to be read again> 
                   \relax 
l.50 \begin{equation}
                     \label{eq:feldman}
pdfTeX warning (ext4): destination with the same identifier (name{equation.2}) 
has been already used, duplicate ignored
<to be read again> 
                   \relax 
l.50 \begin{equation}
                     \label{eq:feldman}
pdfTeX warning (ext4): destination with the same identifier (name{equation.2}) 
has been already used, duplicate ignored
<to be read again> 
                   \relax 
l.50 \begin{equation}
                     \label{eq:feldman}
pdfTeX warning (ext4): destination with the same identifier (name{equation.2}) 
has been already used, duplicate ignored
<to be read again> 
                   \relax 
l.50 \begin{equation}
                     \label{eq:feldman}

LaTeX Warning: Reference `eq:feldman' on page 49 undefined on input line 58.


Package natbib Warning: Citation `Feldman17' on page 49 undefined on input line
 66.


LaTeX Warning: Reference `thm:main' on page 49 undefined on input line 66.

) (./appendices/convex.tex

LaTeX Warning: Reference `thm:caps' on page 49 undefined on input line 2.


Package natbib Warning: Citation `DKT22' on page 49 undefined on input line 2.


pdfTeX warning (ext4): destination with the same identifier (name{equation.1}) 
has been already used, duplicate ignored
<to be read again> 
                   \relax 
l.5 \begin{equation}
                    \label{eq:barthe}
pdfTeX warning (ext4): destination with the same identifier (name{equation.1}) 
has been already used, duplicate ignored
<to be read again> 
                   \relax 
l.5 \begin{equation}
                    \label{eq:barthe}
pdfTeX warning (ext4): destination with the same identifier (name{equation.1}) 
has been already used, duplicate ignored
<to be read again> 
                   \relax 
l.5 \begin{equation}
                    \label{eq:barthe}
pdfTeX warning (ext4): destination with the same identifier (name{equation.1}) 
has been already used, duplicate ignored
<to be read again> 
                   \relax 
l.5 \begin{equation}
                    \label{eq:barthe}
[49]
[50]

LaTeX Warning: Reference `eq:barthe' on page 51 undefined on input line 55.


LaTeX Warning: Reference `eq:barthe' on page 51 undefined on input line 67.

) (./appendices/concentration.tex
[51]) (./appendices/geometry.tex

LaTeX Warning: Reference `sec:caps' on page 52 undefined on input line 4.


LaTeX Warning: Reference `thm:forster' on page 52 undefined on input line 8.


LaTeX Warning: Reference `eq:structural' on page 52 undefined on input line 12.



[52]

LaTeX Warning: Reference `thm:main' on page 53 undefined on input line 20.


LaTeX Warning: Reference `thm:prob' on page 53 undefined on input line 20.


pdfTeX warning (ext4): destination with the same identifier (name{proposition.2
}) has been already used, duplicate ignored
<to be read again> 
                   \relax 
l.23 ...-product rectangles in a projective plane]
                                                  \label{prop:pg-rect}

LaTeX Warning: Reference `thm:plane' on page 53 undefined on input line 32.

) (./appendices/verification.tex (/usr/share/texmf/tex/latex/lm/t1lmtt.fd)

LaTeX Warning: Reference `thm:prf' on page 53 undefined on input line 7.


[53]

LaTeX Warning: Reference `thm:fast' on page 54 undefined on input line 15.


[54]

LaTeX Warning: Reference `lem:subgrid' on page 55 undefined on input line 59.

)

Package natbib Warning: There were undefined citations.


[55] (./paper.aux)

LaTeX Warning: There were undefined references.


LaTeX Warning: Label(s) may have changed. Rerun to get cross-references right.


Package rerunfilecheck Warning: File `paper.out' has changed.
(rerunfilecheck)                Rerun to get outlines right
(rerunfilecheck)                or use package `bookmark'.

 )
(see the transcript file for additional information)</usr/share/texlive/texmf-d
ist/fonts/type1/public/amsfonts/euler/eufm10.pfb></usr/share/texmf/fonts/type1/
public/lm/lmbx10.pfb></usr/share/texmf/fonts/type1/public/lm/lmbx12.pfb></usr/s
hare/texmf/fonts/type1/public/lm/lmbx8.pfb></usr/share/texmf/fonts/type1/public
/lm/lmex10.pfb></usr/share/texmf/fonts/type1/public/lm/lmmi10.pfb></usr/share/t
exmf/fonts/type1/public/lm/lmmi6.pfb></usr/share/texmf/fonts/type1/public/lm/lm
mi7.pfb></usr/share/texmf/fonts/type1/public/lm/lmmi8.pfb></usr/share/texmf/fon
ts/type1/public/lm/lmmi9.pfb></usr/share/texmf/fonts/type1/public/lm/lmr10.pfb>
</usr/share/texmf/fonts/type1/public/lm/lmr12.pfb></usr/share/texmf/fonts/type1
/public/lm/lmr17.pfb></usr/share/texmf/fonts/type1/public/lm/lmr6.pfb></usr/sha
re/texmf/fonts/type1/public/lm/lmr7.pfb></usr/share/texmf/fonts/type1/public/lm
/lmr8.pfb></usr/share/texmf/fonts/type1/public/lm/lmr9.pfb></usr/share/texmf/fo
nts/type1/public/lm/lmri10.pfb></usr/share/texmf/fonts/type1/public/lm/lmri8.pf
b></usr/share/texmf/fonts/type1/public/lm/lmsy10.pfb></usr/share/texmf/fonts/ty
pe1/public/lm/lmsy5.pfb></usr/share/texmf/fonts/type1/public/lm/lmsy6.pfb></usr
/share/texmf/fonts/type1/public/lm/lmsy7.pfb></usr/share/texmf/fonts/type1/publ
ic/lm/lmsy8.pfb></usr/share/texmf/fonts/type1/public/lm/lmsy9.pfb></usr/share/t
exmf/fonts/type1/public/lm/lmtt10.pfb></usr/share/texlive/texmf-dist/fonts/type
1/public/amsfonts/symbols/msbm10.pfb>
Output written on paper.pdf (55 pages, 772190 bytes).
Transcript written on paper.log.
